extensions/bluebubbles/index.ts(15,9): error TS2339: Property 'registerHttpHandler' does not exist on type 'OpenClawPluginApi'.
extensions/bluebubbles/src/monitor-processing.ts(505,25): error TS2345: Argument of type 'string' is not assignable to parameter of type '{ channel: ChannelId; accountId: string; env?: ProcessEnv | undefined; }'.
extensions/bluebubbles/src/monitor-processing.ts(589,81): error TS2345: Argument of type '{ channel: "bluebubbles"; id: string; meta: { name: string | undefined; }; }' is not assignable to parameter of type 'Omit<{ channel: ChannelId; id: string | number; accountId: string; meta?: Record<string, string | null | undefined> | undefined; env?: ProcessEnv | undefined; pairingAdapter?: ChannelPairingAdapter | undefined; }, "accountId"> & { ...; }'.
  Property 'accountId' is missing in type '{ channel: "bluebubbles"; id: string; meta: { name: string | undefined; }; }' but required in type '{ accountId: string; }'.
extensions/bluebubbles/src/monitor-processing.ts(1390,25): error TS2345: Argument of type 'string' is not assignable to parameter of type '{ channel: ChannelId; accountId: string; env?: ProcessEnv | undefined; }'.
extensions/bluebubbles/src/monitor.test.ts(103,5): error TS2741: Property 'requestHeartbeatNow' is missing in type '{ enqueueSystemEvent: PluginRuntime["system"]["enqueueSystemEvent"]; runCommandWithTimeout: PluginRuntime["system"]["runCommandWithTimeout"]; formatNativeDependencyHint: PluginRuntime["system"]["formatNativeDependencyHint"]; }' but required in type '{ enqueueSystemEvent: (text: string, options: SystemEventOptions) => boolean; requestHeartbeatNow: (opts?: { reason?: string | undefined; coalesceMs?: number | undefined; agentId?: string | undefined; sessionKey?: string | undefined; } | undefined) => void; runCommandWithTimeout: (argv: string[], optionsOrTimeout: n...'.
extensions/bluebubbles/src/monitor.test.ts(154,7): error TS2741: Property 'withReplyDispatcher' is missing in type '{ dispatchReplyWithBufferedBlockDispatcher: PluginRuntime["channel"]["reply"]["dispatchReplyWithBufferedBlockDispatcher"]; createReplyDispatcherWithTyping: PluginRuntime["channel"]["reply"]["createReplyDispatcherWithTyping"]; ... 6 more ...; resolveEnvelopeFormatOptions: PluginRuntime["channel"]["reply"]["resolveEnv...' but required in type '{ dispatchReplyWithBufferedBlockDispatcher: (params: { ctx: MsgContext | FinalizedMsgContext; cfg: OpenClawConfig; dispatcherOptions: ReplyDispatcherWithTypingOptions; replyOptions?: Omit<...> | undefined; replyResolver?: ((ctx: MsgContext, opts?: GetReplyOptions | undefined, configOverride?: OpenClawConfig | undefi...'.
extensions/bluebubbles/src/monitor.test.ts(175,7): error TS2741: Property 'buildAgentSessionKey' is missing in type '{ resolveAgentRoute: PluginRuntime["channel"]["routing"]["resolveAgentRoute"]; }' but required in type '{ buildAgentSessionKey: (params: { agentId: string; channel: string; accountId?: string | null | undefined; peer?: RoutePeer | null | undefined; dmScope?: "main" | "per-peer" | "per-channel-peer" | "per-account-channel-peer" | undefined; identityLinks?: Record<...> | undefined; }) => string; resolveAgentRoute: (inpu...'.
extensions/device-pair/index.ts(292,7): error TS2322: Type 'SecretInput | undefined' is not assignable to type 'string | undefined'.
  Type 'SecretRef' is not assignable to type 'string'.
extensions/device-pair/index.ts(298,7): error TS2322: Type 'SecretInput | undefined' is not assignable to type 'string | undefined'.
  Type 'SecretRef' is not assignable to type 'string'.
extensions/dingtalk/src/runtime.ts(1,15): error TS2305: Module '"openclaw/plugin-sdk"' has no exported member 'RuntimeApi'.
extensions/feishu/src/bot.ts(652,57): error TS2345: Argument of type 'string' is not assignable to parameter of type '{ channel: ChannelId; accountId: string; env?: ProcessEnv | undefined; }'.
extensions/feishu/src/bot.ts(664,83): error TS2345: Argument of type '{ channel: "feishu"; id: string; meta: { name: string | undefined; }; }' is not assignable to parameter of type 'Omit<{ channel: ChannelId; id: string | number; accountId: string; meta?: Record<string, string | null | undefined> | undefined; env?: ProcessEnv | undefined; pairingAdapter?: ChannelPairingAdapter | undefined; }, "accountId"> & { ...; }'.
  Property 'accountId' is missing in type '{ channel: "feishu"; id: string; meta: { name: string | undefined; }; }' but required in type '{ accountId: string; }'.
extensions/googlechat/index.ts(15,9): error TS2339: Property 'registerHttpHandler' does not exist on type 'OpenClawPluginApi'.
extensions/googlechat/src/monitor.ts(505,55): error TS2345: Argument of type 'string' is not assignable to parameter of type '{ channel: ChannelId; accountId: string; env?: ProcessEnv | undefined; }'.
extensions/googlechat/src/monitor.ts(557,85): error TS2345: Argument of type '{ channel: "googlechat"; id: string; meta: { name: string | undefined; email: string | undefined; }; }' is not assignable to parameter of type 'Omit<{ channel: ChannelId; id: string | number; accountId: string; meta?: Record<string, string | null | undefined> | undefined; env?: ProcessEnv | undefined; pairingAdapter?: ChannelPairingAdapter | undefined; }, "accountId"> & { ...; }'.
  Property 'accountId' is missing in type '{ channel: "googlechat"; id: string; meta: { name: string | undefined; email: string | undefined; }; }' but required in type '{ accountId: string; }'.
extensions/irc/src/inbound.ts(111,55): error TS2345: Argument of type 'string' is not assignable to parameter of type '{ channel: ChannelId; accountId: string; env?: ProcessEnv | undefined; }'.
extensions/irc/src/inbound.ts(181,85): error TS2345: Argument of type '{ channel: "irc"; id: string; meta: { name: string | undefined; }; }' is not assignable to parameter of type 'Omit<{ channel: ChannelId; id: string | number; accountId: string; meta?: Record<string, string | null | undefined> | undefined; env?: ProcessEnv | undefined; pairingAdapter?: ChannelPairingAdapter | undefined; }, "accountId"> & { ...; }'.
  Property 'accountId' is missing in type '{ channel: "irc"; id: string; meta: { name: string | undefined; }; }' but required in type '{ accountId: string; }'.
extensions/lobster/src/lobster-tool.test.ts(37,5): error TS2353: Object literal may only specify known properties, and 'registerHttpHandler' does not exist in type 'OpenClawPluginApi'.
extensions/matrix/src/matrix/monitor/handler.ts(224,59): error TS2345: Argument of type 'string' is not assignable to parameter of type '{ channel: ChannelId; accountId: string; env?: ProcessEnv | undefined; }'.
extensions/matrix/src/matrix/monitor/handler.ts(242,89): error TS2345: Argument of type '{ channel: "matrix"; id: string; meta: { name: string; }; }' is not assignable to parameter of type 'Omit<{ channel: ChannelId; id: string | number; accountId: string; meta?: Record<string, string | null | undefined> | undefined; env?: ProcessEnv | undefined; pairingAdapter?: ChannelPairingAdapter | undefined; }, "accountId"> & { ...; }'.
  Property 'accountId' is missing in type '{ channel: "matrix"; id: string; meta: { name: string; }; }' but required in type '{ accountId: string; }'.
extensions/matrix/src/matrix/send.ts(92,9): error TS2322: Type 'MediaKind | undefined' is not assignable to type 'MediaKind'.
  Type 'undefined' is not assignable to type 'MediaKind'.
extensions/matrix/src/onboarding.ts(177,3): error TS2322: Type '(params: { cfg: CoreConfig; prompter: WizardPrompter; }) => Promise<CoreConfig>' is not assignable to type '(params: { cfg: OpenClawConfig; prompter: WizardPrompter; accountId?: string | undefined; }) => Promise<OpenClawConfig>'.
  Types of parameters 'params' and 'params' are incompatible.
    Type '{ cfg: OpenClawConfig; prompter: WizardPrompter; accountId?: string | undefined; }' is not assignable to type '{ cfg: CoreConfig; prompter: WizardPrompter; }'.
      The types of 'cfg.messages' are incompatible between these types.
        Type 'MessagesConfig | undefined' is not assignable to type '{ ackReaction?: string | undefined; ackReactionScope?: "direct" | "all" | "group-mentions" | "group-all" | undefined; } | undefined'.
          Type 'MessagesConfig' is not assignable to type '{ ackReaction?: string | undefined; ackReactionScope?: "direct" | "all" | "group-mentions" | "group-all" | undefined; }'.
            Types of property 'ackReactionScope' are incompatible.
              Type '"direct" | "off" | "all" | "none" | "group-mentions" | "group-all" | undefined' is not assignable to type '"direct" | "all" | "group-mentions" | "group-all" | undefined'.
                Type '"off"' is not assignable to type '"direct" | "all" | "group-mentions" | "group-all" | undefined'.
extensions/mattermost/src/mattermost/monitor.ts(294,11): error TS2322: Type 'MediaKind | undefined' is not assignable to type 'MediaKind'.
  Type 'undefined' is not assignable to type 'MediaKind'.
extensions/mattermost/src/mattermost/monitor.ts(399,57): error TS2345: Argument of type 'string' is not assignable to parameter of type '{ channel: ChannelId; accountId: string; env?: ProcessEnv | undefined; }'.
extensions/mattermost/src/mattermost/monitor.ts(449,85): error TS2345: Argument of type '{ channel: "mattermost"; id: string; meta: { name: string; }; }' is not assignable to parameter of type 'Omit<{ channel: ChannelId; id: string | number; accountId: string; meta?: Record<string, string | null | undefined> | undefined; env?: ProcessEnv | undefined; pairingAdapter?: ChannelPairingAdapter | undefined; }, "accountId"> & { ...; }'.
  Property 'accountId' is missing in type '{ channel: "mattermost"; id: string; meta: { name: string; }; }' but required in type '{ accountId: string; }'.
extensions/mattermost/src/mattermost/monitor.ts(888,61): error TS2345: Argument of type 'string' is not assignable to parameter of type '{ channel: ChannelId; accountId: string; env?: ProcessEnv | undefined; }'.
extensions/mattermost/src/mattermost/monitor.ts(915,61): error TS2345: Argument of type 'string' is not assignable to parameter of type '{ channel: ChannelId; accountId: string; env?: ProcessEnv | undefined; }'.
extensions/msteams/src/monitor-handler/message-handler.ts(132,57): error TS2345: Argument of type 'string' is not assignable to parameter of type '{ channel: ChannelId; accountId: string; env?: ProcessEnv | undefined; }'.
extensions/msteams/src/monitor-handler/message-handler.ts(156,77): error TS2345: Argument of type '{ channel: "msteams"; id: string; meta: { name: string; }; }' is not assignable to parameter of type 'Omit<{ channel: ChannelId; id: string | number; accountId: string; meta?: Record<string, string | null | undefined> | undefined; env?: ProcessEnv | undefined; pairingAdapter?: ChannelPairingAdapter | undefined; }, "accountId"> & { ...; }'.
  Property 'accountId' is missing in type '{ channel: "msteams"; id: string; meta: { name: string; }; }' but required in type '{ accountId: string; }'.
extensions/msteams/src/onboarding.ts(245,43): error TS2339: Property 'trim' does not exist on type 'SecretInput'.
  Property 'trim' does not exist on type 'SecretRef'.
extensions/msteams/src/token.ts(11,41): error TS2339: Property 'trim' does not exist on type 'SecretInput'.
  Property 'trim' does not exist on type 'SecretRef'.
extensions/nextcloud-talk/src/inbound.ts(113,55): error TS2345: Argument of type 'string' is not assignable to parameter of type '{ channel: ChannelId; accountId: string; env?: ProcessEnv | undefined; }'.
extensions/nextcloud-talk/src/inbound.ts(185,85): error TS2345: Argument of type '{ channel: "nextcloud-talk"; id: string; meta: { name: string | undefined; }; }' is not assignable to parameter of type 'Omit<{ channel: ChannelId; id: string | number; accountId: string; meta?: Record<string, string | null | undefined> | undefined; env?: ProcessEnv | undefined; pairingAdapter?: ChannelPairingAdapter | undefined; }, "accountId"> & { ...; }'.
  Property 'accountId' is missing in type '{ channel: "nextcloud-talk"; id: string; meta: { name: string | undefined; }; }' but required in type '{ accountId: string; }'.
extensions/nostr/index.ts(64,9): error TS2339: Property 'registerHttpHandler' does not exist on type 'OpenClawPluginApi'.
extensions/qwen-portal-auth/index.ts(40,12): error TS7006: Parameter 'api' implicitly has an 'any' type.
extensions/qwen-portal-auth/index.ts(52,28): error TS2304: Cannot find name 'ProviderAuthContext'.
extensions/talk-voice/index.ts(87,47): error TS2339: Property 'trim' does not exist on type 'SecretInput'.
  Property 'trim' does not exist on type 'SecretRef'.
extensions/wecom/src/channel.ts(4,8): error TS2724: '"openclaw/plugin-sdk"' has no exported member named 'ResolvedChannelAccount'. Did you mean 'ResolvedLineAccount'?
extensions/wecom/src/channel.ts(20,5): error TS2353: Object literal may only specify known properties, and 'name' does not exist in type 'ChannelMeta'.
extensions/wecom/src/channel.ts(28,5): error TS2353: Object literal may only specify known properties, and 'text' does not exist in type 'ChannelCapabilities'.
extensions/wecom/src/channel.ts(70,5): error TS2322: Type '(ctx: ChannelGatewayContext) => { stop: () => void; }' is not assignable to type '(ctx: ChannelGatewayContext<ResolvedChannelAccount<{ enabled?: boolean | undefined; corpid?: string | undefined; corpsecret?: string | undefined; agentid?: number | undefined; token?: string | undefined; encodingAESKey?: string | undefined; ... 7 more ...; accounts?: Record<...> | undefined; }>>) => Promise<...>'.
  Type '{ stop: () => void; }' is missing the following properties from type 'Promise<unknown>': then, catch, finally, [Symbol.toStringTag]
extensions/wecom/src/channel.ts(74,5): error TS2322: Type '({ to, text, accountId }: ChannelOutboundContext) => Promise<{ channel: "simple-wecom"; ok: boolean; }>' is not assignable to type '(ctx: ChannelOutboundContext) => Promise<OutboundDeliveryResult>'.
  Type 'Promise<{ channel: "simple-wecom"; ok: boolean; }>' is not assignable to type 'Promise<OutboundDeliveryResult>'.
    Property 'messageId' is missing in type '{ channel: "simple-wecom"; ok: boolean; }' but required in type 'OutboundDeliveryResult'.
extensions/wecom/src/channel.ts(100,5): error TS2322: Type '({ to, text, mediaUrl, accountId }: ChannelOutboundContext) => Promise<{ channel: "simple-wecom"; ok: boolean; }>' is not assignable to type '(ctx: ChannelOutboundContext) => Promise<OutboundDeliveryResult>'.
  Type 'Promise<{ channel: "simple-wecom"; ok: boolean; }>' is not assignable to type 'Promise<OutboundDeliveryResult>'.
    Property 'messageId' is missing in type '{ channel: "simple-wecom"; ok: boolean; }' but required in type 'OutboundDeliveryResult'.
extensions/wecom/src/crypto.ts(72,3): error TS2322: Type 'Buffer<ArrayBufferLike>' is not assignable to type 'Buffer<ArrayBuffer>'.
  Type 'ArrayBufferLike' is not assignable to type 'ArrayBuffer'.
    Type 'SharedArrayBuffer' is not assignable to type 'ArrayBuffer'.
      Types of property '[Symbol.toStringTag]' are incompatible.
        Type '"SharedArrayBuffer"' is not assignable to type '"ArrayBuffer"'.
extensions/wecom/src/gateway.ts(1,111): error TS2307: Cannot find module 'clawdbot/plugin-sdk' or its corresponding type declarations.
extensions/wecom/src/gateway.ts(11,27): error TS2307: Cannot find module 'fast-xml-parser' or its corresponding type declarations.
extensions/wecom/src/gateway.ts(30,21): error TS7006: Parameter 'req' implicitly has an 'any' type.
extensions/wecom/src/gateway.ts(30,26): error TS7006: Parameter 'res' implicitly has an 'any' type.
extensions/wecom/src/gateway.ts(123,21): error TS7006: Parameter 'req' implicitly has an 'any' type.
extensions/wecom/src/gateway.ts(123,26): error TS7006: Parameter 'res' implicitly has an 'any' type.
extensions/wecom/src/gateway.ts(268,23): error TS7006: Parameter 'payload' implicitly has an 'any' type.
extensions/wecom/src/gateway.ts(293,17): error TS7006: Parameter 'err' implicitly has an 'any' type.
extensions/wecom/src/gateway.ts(406,23): error TS7006: Parameter 'payload' implicitly has an 'any' type.
extensions/wecom/src/gateway.ts(432,17): error TS7006: Parameter 'err' implicitly has an 'any' type.
extensions/wecom/src/message-parser.ts(1,27): error TS2307: Cannot find module 'fast-xml-parser' or its corresponding type declarations.
extensions/wecom/src/official-api.ts(158,28): error TS2322: Type 'Buffer<ArrayBufferLike>' is not assignable to type 'BlobPart'.
  Type 'Buffer<ArrayBufferLike>' is not assignable to type 'ArrayBufferView<ArrayBuffer>'.
    Types of property 'buffer' are incompatible.
      Type 'ArrayBufferLike' is not assignable to type 'ArrayBuffer'.
        Type 'SharedArrayBuffer' is not assignable to type 'ArrayBuffer'.
          Types of property '[Symbol.toStringTag]' are incompatible.
            Type '"SharedArrayBuffer"' is not assignable to type '"ArrayBuffer"'.
extensions/wecom/src/runtime.ts(1,15): error TS2305: Module '"openclaw/plugin-sdk"' has no exported member 'RuntimeApi'.
extensions/zalo/index.ts(15,9): error TS2339: Property 'registerHttpHandler' does not exist on type 'OpenClawPluginApi'.
extensions/zalo/src/monitor.ts(512,71): error TS2345: Argument of type 'string' is not assignable to parameter of type '{ channel: ChannelId; accountId: string; env?: ProcessEnv | undefined; }'.
extensions/zalo/src/monitor.ts(530,85): error TS2345: Argument of type '{ channel: "zalo"; id: string; meta: { name: string | undefined; }; }' is not assignable to parameter of type 'Omit<{ channel: ChannelId; id: string | number; accountId: string; meta?: Record<string, string | null | undefined> | undefined; env?: ProcessEnv | undefined; pairingAdapter?: ChannelPairingAdapter | undefined; }, "accountId"> & { ...; }'.
  Property 'accountId' is missing in type '{ channel: "zalo"; id: string; meta: { name: string | undefined; }; }' but required in type '{ accountId: string; }'.
extensions/zalouser/src/monitor.ts(221,71): error TS2345: Argument of type 'string' is not assignable to parameter of type '{ channel: ChannelId; accountId: string; env?: ProcessEnv | undefined; }'.
extensions/zalouser/src/monitor.ts(239,85): error TS2345: Argument of type '{ channel: "zalouser"; id: string; meta: { name: string | undefined; }; }' is not assignable to parameter of type 'Omit<{ channel: ChannelId; id: string | number; accountId: string; meta?: Record<string, string | null | undefined> | undefined; env?: ProcessEnv | undefined; pairingAdapter?: ChannelPairingAdapter | undefined; }, "accountId"> & { ...; }'.
  Property 'accountId' is missing in type '{ channel: "zalouser"; id: string; meta: { name: string | undefined; }; }' but required in type '{ accountId: string; }'.
i18n/frontend/views/overview.ts(196,61): error TS2353: Object literal may only specify known properties, and 'locale' does not exist in type 'UiSettings'.
i18n/frontend/views/usage-render-overview.ts(2,19): error TS2307: Cannot find module '../../i18n/index.ts' or its corresponding type declarations.
i18n/frontend/views/usage-render-overview.ts(3,39): error TS2307: Cannot find module '../../../../src/infra/format-time/format-duration.ts' or its corresponding type declarations.
i18n/frontend/views/usage-render-overview.ts(10,8): error TS2307: Cannot find module './usage-metrics.ts' or its corresponding type declarations.
i18n/frontend/views/usage-render-overview.ts(17,8): error TS2307: Cannot find module './usageTypes.ts' or its corresponding type declarations.
i18n/frontend/views/usage-render-overview.ts(410,14): error TS7006: Parameter 'day' implicitly has an 'any' type.
i18n/frontend/views/usage-render-overview.ts(411,11): error TS7006: Parameter 'day' implicitly has an 'any' type.
i18n/frontend/views/usage-render-overview.ts(420,16): error TS7006: Parameter 'a' implicitly has an 'any' type.
i18n/frontend/views/usage-render-overview.ts(420,19): error TS7006: Parameter 'b' implicitly has an 'any' type.
i18n/frontend/views/usage-render-overview.ts(422,19): error TS7031: Binding element '_rate' implicitly has an 'any' type.
i18n/frontend/views/usage-render-overview.ts(424,57): error TS7006: Parameter 'entry' implicitly has an 'any' type.
i18n/frontend/views/usage-render-overview.ts(429,63): error TS7006: Parameter 'entry' implicitly has an 'any' type.
i18n/frontend/views/usage-render-overview.ts(434,60): error TS7006: Parameter 'tool' implicitly has an 'any' type.
i18n/frontend/views/usage-render-overview.ts(439,57): error TS7006: Parameter 'entry' implicitly has an 'any' type.
i18n/frontend/views/usage-render-overview.ts(444,61): error TS7006: Parameter 'entry' implicitly has an 'any' type.
i18n/frontend/views/usage-render-overview.ts(619,57): error TS7006: Parameter 'd' implicitly has an 'any' type.
i18n/frontend/views/usage-render-overview.ts(621,32): error TS7006: Parameter 'sum' implicitly has an 'any' type.
i18n/frontend/views/usage-render-overview.ts(621,37): error TS7006: Parameter 'd' implicitly has an 'any' type.
i18n/frontend/views/usage-render-overview.ts(622,32): error TS7006: Parameter 'sum' implicitly has an 'any' type.
i18n/frontend/views/usage-render-overview.ts(622,37): error TS7006: Parameter 'd' implicitly has an 'any' type.
i18n/frontend/views/usage.ts(2,19): error TS2307: Cannot find module '../../i18n/index.ts' or its corresponding type declarations.
i18n/frontend/views/usage.ts(3,58): error TS2307: Cannot find module '../usage-helpers.ts' or its corresponding type declarations.
i18n/frontend/views/usage.ts(14,8): error TS2307: Cannot find module './usage-metrics.ts' or its corresponding type declarations.
i18n/frontend/views/usage.ts(25,8): error TS2307: Cannot find module './usage-query.ts' or its corresponding type declarations.
i18n/frontend/views/usage.ts(26,66): error TS2307: Cannot find module './usage-render-details.ts' or its corresponding type declarations.
i18n/frontend/views/usage.ts(34,35): error TS2307: Cannot find module './usageStyles.ts' or its corresponding type declarations.
i18n/frontend/views/usage.ts(42,8): error TS2307: Cannot find module './usageTypes.ts' or its corresponding type declarations.
i18n/frontend/views/usage.ts(116,48): error TS7006: Parameter 'd' implicitly has an 'any' type.
i18n/frontend/views/usage.ts(171,16): error TS7006: Parameter 'term' implicitly has an 'any' type.
i18n/frontend/views/usage.ts(172,13): error TS7006: Parameter 'term' implicitly has an 'any' type.
i18n/frontend/views/usage.ts(189,43): error TS7006: Parameter 'entry' implicitly has an 'any' type.
i18n/frontend/views/usage.ts(193,40): error TS7006: Parameter 'entry' implicitly has an 'any' type.
i18n/frontend/views/usage.ts(195,65): error TS7006: Parameter 'tool' implicitly has an 'any' type.
i18n/frontend/views/usage.ts(203,31): error TS7006: Parameter 's' implicitly has an 'any' type.
i18n/frontend/views/usage.ts(204,32): error TS7006: Parameter 's' implicitly has an 'any' type.
i18n/frontend/views/usage.ts(244,50): error TS7006: Parameter 'd' implicitly has an 'any' type.
i18n/frontend/views/usage.ts(246,8): error TS7006: Parameter 'acc' implicitly has an 'any' type.
i18n/frontend/views/usage.ts(246,13): error TS7006: Parameter 'd' implicitly has an 'any' type.
i18n/frontend/views/usage.ts(282,61): error TS7006: Parameter 's' implicitly has an 'any' type.
i18n/frontend/views/usage.ts(305,34): error TS7006: Parameter 's' implicitly has an 'any' type.
i18n/frontend/views/usage.ts(317,60): error TS7006: Parameter 's' implicitly has an 'any' type.
i18n/frontend/views/usage.ts(327,39): error TS7006: Parameter 'd' implicitly has an 'any' type.
i18n/frontend/views/usage.ts(688,37): error TS7006: Parameter 'term' implicitly has an 'any' type.
i18n/frontend/views/usage.ts(712,22): error TS7006: Parameter 'suggestion' implicitly has an 'any' type.
src/agents/auth-profiles/oauth-refresh-daemon.ts(13,15): error TS2459: Module '"./oauth.js"' declares 'OAuthCredentials' locally, but it is not exported.
src/agents/model-compat.test.ts(36,62): error TS2749: 'ModelRegistry' refers to a value, but is being used as a type here. Did you mean 'typeof ModelRegistry'?
src/agents/model-compat.test.ts(41,8): error TS2749: 'ModelRegistry' refers to a value, but is being used as a type here. Did you mean 'typeof ModelRegistry'?
src/agents/model-info-getter.ts(134,36): error TS2345: Argument of type '"audio"' is not assignable to parameter of type '"text" | "image"'.
src/agents/model-info-getter.ts(139,36): error TS2345: Argument of type '"video"' is not assignable to parameter of type '"text" | "image"'.
src/agents/model-info-getter.ts(266,34): error TS2339: Property 'pricing' does not exist on type 'ModelCatalogEntry'.
src/agents/model-info-getter.ts(267,35): error TS2339: Property 'pricing' does not exist on type 'ModelCatalogEntry'.
src/agents/openclaw-tools.subagents.sessions-spawn-applies-model-child-session.test.ts(70,7): error TS2353: Object literal may only specify known properties, and 'agentSurface' does not exist in type '{ sandboxBrowserBridgeUrl?: string | undefined; allowHostBrowserControl?: boolean | undefined; agentSessionKey?: string | undefined; agentChannel?: GatewayMessageChannel | undefined; ... 23 more ...; senderIsOwner?: boolean | undefined; }'.
src/agents/openclaw-tools.subagents.sessions-spawn-applies-model-child-session.test.ts(161,35): error TS2339: Property 'error' does not exist on type '{}'.
src/agents/pi-embedded-helpers.classifyfailoverreason.test.ts(5,39): error TS2304: Cannot find name 'WorkspaceBootstrapFile'.
src/agents/pi-embedded-helpers.classifyfailoverreason.test.ts(5,65): error TS2304: Cannot find name 'WorkspaceBootstrapFile'.
src/agents/pi-embedded-helpers.isautherrormessage.test.ts(5,39): error TS2304: Cannot find name 'WorkspaceBootstrapFile'.
src/agents/pi-embedded-helpers.isautherrormessage.test.ts(5,65): error TS2304: Cannot find name 'WorkspaceBootstrapFile'.
src/agents/pi-embedded-helpers.iscloudcodeassistformaterror.test.ts(5,39): error TS2304: Cannot find name 'WorkspaceBootstrapFile'.
src/agents/pi-embedded-helpers.iscloudcodeassistformaterror.test.ts(5,65): error TS2304: Cannot find name 'WorkspaceBootstrapFile'.
src/agents/pi-embedded-helpers.isfailovererrormessage.test.ts(5,39): error TS2304: Cannot find name 'WorkspaceBootstrapFile'.
src/agents/pi-embedded-helpers.isfailovererrormessage.test.ts(5,65): error TS2304: Cannot find name 'WorkspaceBootstrapFile'.
src/agents/pi-embedded-helpers.ismessagingtoolduplicate.test.ts(5,39): error TS2304: Cannot find name 'WorkspaceBootstrapFile'.
src/agents/pi-embedded-helpers.ismessagingtoolduplicate.test.ts(5,65): error TS2304: Cannot find name 'WorkspaceBootstrapFile'.
src/agents/pi-embedded-helpers.normalizetextforcomparison.test.ts(5,39): error TS2304: Cannot find name 'WorkspaceBootstrapFile'.
src/agents/pi-embedded-helpers.normalizetextforcomparison.test.ts(5,65): error TS2304: Cannot find name 'WorkspaceBootstrapFile'.
src/agents/pi-embedded-helpers.resolvebootstrapmaxchars.test.ts(6,39): error TS2304: Cannot find name 'WorkspaceBootstrapFile'.
src/agents/pi-embedded-helpers.resolvebootstrapmaxchars.test.ts(6,65): error TS2304: Cannot find name 'WorkspaceBootstrapFile'.
src/agents/pi-embedded-helpers.sanitize-session-messages-images.keeps-tool-call-tool-result-ids-unchanged.test.ts(8,7): error TS2322: Type '{ role: "assistant"; content: { type: "toolCall"; id: string; name: string; arguments: { path: string; }; }[]; }' is not assignable to type 'AgentMessage'.
  Type '{ role: "assistant"; content: { type: "toolCall"; id: string; name: string; arguments: { path: string; }; }[]; }' is missing the following properties from type 'AssistantMessage': api, provider, model, usage, and 2 more.
src/agents/pi-embedded-helpers.sanitize-session-messages-images.keeps-tool-call-tool-result-ids-unchanged.test.ts(19,7): error TS2322: Type '{ role: "toolResult"; toolCallId: string; toolName: string; content: { type: "text"; text: string; }[]; isError: false; }' is not assignable to type 'AgentMessage'.
  Property 'timestamp' is missing in type '{ role: "toolResult"; toolCallId: string; toolName: string; content: { type: "text"; text: string; }[]; isError: false; }' but required in type 'ToolResultMessage<any>'.
src/agents/pi-embedded-helpers.sanitize-session-messages-images.keeps-tool-call-tool-result-ids-unchanged.test.ts(28,53): error TS2345: Argument of type '({ role: "assistant"; content: { type: "toolCall"; id: string; name: string; arguments: { path: string; }; }[]; toolCallId?: undefined; toolName?: undefined; isError?: undefined; } | { role: "toolResult"; toolCallId: string; toolName: string; content: { ...; }[]; isError: false; })[]' is not assignable to parameter of type 'AgentMessage[]'.
  Type '{ role: "assistant"; content: { type: "toolCall"; id: string; name: string; arguments: { path: string; }; }[]; toolCallId?: undefined; toolName?: undefined; isError?: undefined; } | { role: "toolResult"; toolCallId: string; toolName: string; content: { ...; }[]; isError: false; }' is not assignable to type 'AgentMessage'.
    Type '{ role: "assistant"; content: { type: "toolCall"; id: string; name: string; arguments: { path: string; }; }[]; toolCallId?: undefined; toolName?: undefined; isError?: undefined; }' is not assignable to type 'AgentMessage'.
      Type '{ role: "assistant"; content: { type: "toolCall"; id: string; name: string; arguments: { path: string; }; }[]; toolCallId?: undefined; toolName?: undefined; isError?: undefined; }' is missing the following properties from type 'AssistantMessage': api, provider, model, usage, and 2 more.
src/agents/pi-embedded-helpers.sanitize-session-messages-images.keeps-tool-call-tool-result-ids-unchanged.test.ts(48,7): error TS2322: Type '{ role: "assistant"; content: { type: "toolCall"; id: string; name: string; arguments: { path: string; }; }[]; }' is not assignable to type 'AgentMessage'.
  Type '{ role: "assistant"; content: { type: "toolCall"; id: string; name: string; arguments: { path: string; }; }[]; }' is missing the following properties from type 'AssistantMessage': api, provider, model, usage, and 2 more.
src/agents/pi-embedded-helpers.sanitize-session-messages-images.keeps-tool-call-tool-result-ids-unchanged.test.ts(59,7): error TS2322: Type '{ role: "toolResult"; toolCallId: string; toolName: string; content: { type: "text"; text: string; }[]; isError: false; }' is not assignable to type 'AgentMessage'.
  Property 'timestamp' is missing in type '{ role: "toolResult"; toolCallId: string; toolName: string; content: { type: "text"; text: string; }[]; isError: false; }' but required in type 'ToolResultMessage<any>'.
src/agents/pi-embedded-helpers.sanitize-session-messages-images.keeps-tool-call-tool-result-ids-unchanged.test.ts(68,53): error TS2345: Argument of type '({ role: "assistant"; content: { type: "toolCall"; id: string; name: string; arguments: { path: string; }; }[]; toolCallId?: undefined; toolName?: undefined; isError?: undefined; } | { role: "toolResult"; toolCallId: string; toolName: string; content: { ...; }[]; isError: false; })[]' is not assignable to parameter of type 'AgentMessage[]'.
  Type '{ role: "assistant"; content: { type: "toolCall"; id: string; name: string; arguments: { path: string; }; }[]; toolCallId?: undefined; toolName?: undefined; isError?: undefined; } | { role: "toolResult"; toolCallId: string; toolName: string; content: { ...; }[]; isError: false; }' is not assignable to type 'AgentMessage'.
    Type '{ role: "assistant"; content: { type: "toolCall"; id: string; name: string; arguments: { path: string; }; }[]; toolCallId?: undefined; toolName?: undefined; isError?: undefined; }' is not assignable to type 'AgentMessage'.
      Type '{ role: "assistant"; content: { type: "toolCall"; id: string; name: string; arguments: { path: string; }; }[]; toolCallId?: undefined; toolName?: undefined; isError?: undefined; }' is missing the following properties from type 'AssistantMessage': api, provider, model, usage, and 2 more.
src/agents/pi-embedded-helpers.sanitize-session-messages-images.keeps-tool-call-tool-result-ids-unchanged.test.ts(93,19): error TS2322: Type '{ type: "toolCall"; id: string; name: string; }' is not assignable to type 'TextContent | ThinkingContent | ToolCall'.
  Property 'arguments' is missing in type '{ type: "toolCall"; id: string; name: string; }' but required in type 'ToolCall'.
src/agents/pi-embedded-helpers.sanitize-session-messages-images.keeps-tool-call-tool-result-ids-unchanged.test.ts(97,53): error TS2345: Argument of type '{ role: "assistant"; content: { type: "toolCall"; id: string; name: string; }[]; }[]' is not assignable to parameter of type 'AgentMessage[]'.
  Type '{ role: "assistant"; content: { type: "toolCall"; id: string; name: string; }[]; }' is not assignable to type 'AgentMessage'.
    Type '{ role: "assistant"; content: { type: "toolCall"; id: string; name: string; }[]; }' is missing the following properties from type 'AssistantMessage': api, provider, model, usage, and 2 more.
src/agents/pi-embedded-helpers.sanitizegoogleturnordering.test.ts(6,39): error TS2304: Cannot find name 'WorkspaceBootstrapFile'.
src/agents/pi-embedded-helpers.sanitizegoogleturnordering.test.ts(6,65): error TS2304: Cannot find name 'WorkspaceBootstrapFile'.
src/agents/pi-embedded-helpers.sanitizegoogleturnordering.test.ts(16,7): error TS2322: Type '{ role: "assistant"; content: { type: "toolCall"; id: string; name: string; arguments: {}; }[]; }' is not assignable to type 'AgentMessage'.
  Type '{ role: "assistant"; content: { type: "toolCall"; id: string; name: string; arguments: {}; }[]; }' is missing the following properties from type 'AssistantMessage': api, provider, model, usage, and 2 more.
src/agents/pi-embedded-helpers.sanitizegoogleturnordering.test.ts(22,44): error TS2345: Argument of type '{ role: "assistant"; content: { type: "toolCall"; id: string; name: string; arguments: {}; }[]; }[]' is not assignable to parameter of type 'AgentMessage[]'.
  Type '{ role: "assistant"; content: { type: "toolCall"; id: string; name: string; arguments: {}; }[]; }' is not assignable to type 'AgentMessage'.
    Type '{ role: "assistant"; content: { type: "toolCall"; id: string; name: string; arguments: {}; }[]; }' is missing the following properties from type 'AssistantMessage': api, provider, model, usage, and 2 more.
src/agents/pi-embedded-helpers.sanitizegoogleturnordering.test.ts(27,20): error TS2322: Type '{ role: "user"; content: string; }' is not assignable to type 'AgentMessage'.
  Property 'timestamp' is missing in type '{ role: "user"; content: string; }' but required in type 'UserMessage'.
src/agents/pi-embedded-helpers.sanitizegoogleturnordering.test.ts(28,44): error TS2345: Argument of type '{ role: "user"; content: string; }[]' is not assignable to parameter of type 'AgentMessage[]'.
  Type '{ role: "user"; content: string; }' is not assignable to type 'AgentMessage'.
    Property 'timestamp' is missing in type '{ role: "user"; content: string; }' but required in type 'UserMessage'.
src/agents/pi-embedded-helpers.sanitizesessionmessagesimages-thought-signature-stripping.test.ts(6,39): error TS2304: Cannot find name 'WorkspaceBootstrapFile'.
src/agents/pi-embedded-helpers.sanitizesessionmessagesimages-thought-signature-stripping.test.ts(6,65): error TS2304: Cannot find name 'WorkspaceBootstrapFile'.
src/agents/pi-embedded-helpers.sanitizesessionmessagesimages-thought-signature-stripping.test.ts(19,42): error TS2353: Object literal may only specify known properties, and 'thought_signature' does not exist in type 'TextContent'.
src/agents/pi-embedded-helpers.sanitizesessionmessagesimages-thought-signature-stripping.test.ts(23,13): error TS2353: Object literal may only specify known properties, and 'thought_signature' does not exist in type 'ThinkingContent'.
src/agents/pi-embedded-helpers.sanitizesessionmessagesimages-thought-signature-stripping.test.ts(29,53): error TS2345: Argument of type '{ role: "assistant"; content: ({ type: "text"; text: string; thought_signature: string; thinking?: undefined; } | { type: "thinking"; thinking: string; thought_signature: string; text?: undefined; })[]; }[]' is not assignable to parameter of type 'AgentMessage[]'.
  Type '{ role: "assistant"; content: ({ type: "text"; text: string; thought_signature: string; thinking?: undefined; } | { type: "thinking"; thinking: string; thought_signature: string; text?: undefined; })[]; }' is not assignable to type 'AgentMessage'.
    Type '{ role: "assistant"; content: ({ type: "text"; text: string; thought_signature: string; thinking?: undefined; } | { type: "thinking"; thinking: string; thought_signature: string; text?: undefined; })[]; }' is missing the following properties from type 'AssistantMessage': api, provider, model, usage, and 2 more.
src/agents/pi-embedded-helpers.stripthoughtsignatures.test.ts(5,39): error TS2304: Cannot find name 'WorkspaceBootstrapFile'.
src/agents/pi-embedded-helpers.stripthoughtsignatures.test.ts(5,65): error TS2304: Cannot find name 'WorkspaceBootstrapFile'.
src/agents/pi-embedded-runner.google-sanitize-thinking.test.ts(10,7): error TS2322: Type '{ role: "user"; content: string; }' is not assignable to type 'AgentMessage'.
  Property 'timestamp' is missing in type '{ role: "user"; content: string; }' but required in type 'UserMessage'.
src/agents/pi-embedded-runner.google-sanitize-thinking.test.ts(14,7): error TS2322: Type '{ role: "assistant"; content: { type: "thinking"; thinking: string; }[]; }' is not assignable to type 'AgentMessage'.
  Type '{ role: "assistant"; content: { type: "thinking"; thinking: string; }[]; }' is missing the following properties from type 'AssistantMessage': api, provider, model, usage, and 2 more.
src/agents/pi-embedded-runner.google-sanitize-thinking.test.ts(21,7): error TS2322: Type '({ role: "user"; content: string; } | { role: "assistant"; content: { type: "thinking"; thinking: string; }[]; })[]' is not assignable to type 'AgentMessage[]'.
  Type '{ role: "user"; content: string; } | { role: "assistant"; content: { type: "thinking"; thinking: string; }[]; }' is not assignable to type 'AgentMessage'.
    Type '{ role: "user"; content: string; }' is not assignable to type 'AgentMessage'.
      Property 'timestamp' is missing in type '{ role: "user"; content: string; }' but required in type 'UserMessage'.
src/agents/pi-embedded-runner.google-sanitize-thinking.test.ts(37,7): error TS2322: Type '{ role: "user"; content: string; }' is not assignable to type 'AgentMessage'.
  Property 'timestamp' is missing in type '{ role: "user"; content: string; }' but required in type 'UserMessage'.
src/agents/pi-embedded-runner.google-sanitize-thinking.test.ts(41,7): error TS2322: Type '{ role: "assistant"; content: { type: "thinking"; thinking: string; thinkingSignature: string; }[]; }' is not assignable to type 'AgentMessage'.
  Type '{ role: "assistant"; content: { type: "thinking"; thinking: string; thinkingSignature: string; }[]; }' is missing the following properties from type 'AssistantMessage': api, provider, model, usage, and 2 more.
src/agents/pi-embedded-runner.google-sanitize-thinking.test.ts(48,7): error TS2322: Type '({ role: "user"; content: string; } | { role: "assistant"; content: { type: "thinking"; thinking: string; thinkingSignature: string; }[]; })[]' is not assignable to type 'AgentMessage[]'.
  Type '{ role: "user"; content: string; } | { role: "assistant"; content: { type: "thinking"; thinking: string; thinkingSignature: string; }[]; }' is not assignable to type 'AgentMessage'.
    Type '{ role: "user"; content: string; }' is not assignable to type 'AgentMessage'.
      Property 'timestamp' is missing in type '{ role: "user"; content: string; }' but required in type 'UserMessage'.
src/agents/pi-embedded-runner.google-sanitize-thinking.test.ts(65,7): error TS2322: Type '{ role: "user"; content: string; }' is not assignable to type 'AgentMessage'.
  Property 'timestamp' is missing in type '{ role: "user"; content: string; }' but required in type 'UserMessage'.
src/agents/pi-embedded-runner.google-sanitize-thinking.test.ts(71,62): error TS2353: Object literal may only specify known properties, and 'signature' does not exist in type 'ThinkingContent'.
src/agents/pi-embedded-runner.google-sanitize-thinking.test.ts(76,7): error TS2322: Type '({ role: "user"; content: string; } | { role: "assistant"; content: { type: "thinking"; thinking: string; signature: string; }[]; })[]' is not assignable to type 'AgentMessage[]'.
  Type '{ role: "user"; content: string; } | { role: "assistant"; content: { type: "thinking"; thinking: string; signature: string; }[]; }' is not assignable to type 'AgentMessage'.
    Type '{ role: "user"; content: string; }' is not assignable to type 'AgentMessage'.
      Property 'timestamp' is missing in type '{ role: "user"; content: string; }' but required in type 'UserMessage'.
src/agents/pi-embedded-runner.google-sanitize-thinking.test.ts(92,7): error TS2322: Type '{ role: "user"; content: string; }' is not assignable to type 'AgentMessage'.
  Property 'timestamp' is missing in type '{ role: "user"; content: string; }' but required in type 'UserMessage'.
src/agents/pi-embedded-runner.google-sanitize-thinking.test.ts(96,7): error TS2322: Type '{ role: "assistant"; content: { type: "thinking"; thinking: string; }[]; }' is not assignable to type 'AgentMessage'.
  Type '{ role: "assistant"; content: { type: "thinking"; thinking: string; }[]; }' is missing the following properties from type 'AssistantMessage': api, provider, model, usage, and 2 more.
src/agents/pi-embedded-runner.google-sanitize-thinking.test.ts(103,7): error TS2322: Type '({ role: "user"; content: string; } | { role: "assistant"; content: { type: "thinking"; thinking: string; }[]; })[]' is not assignable to type 'AgentMessage[]'.
  Type '{ role: "user"; content: string; } | { role: "assistant"; content: { type: "thinking"; thinking: string; }[]; }' is not assignable to type 'AgentMessage'.
    Type '{ role: "user"; content: string; }' is not assignable to type 'AgentMessage'.
      Property 'timestamp' is missing in type '{ role: "user"; content: string; }' but required in type 'UserMessage'.
src/agents/pi-embedded-runner.google-sanitize-thinking.test.ts(117,7): error TS2322: Type '{ role: "user"; content: string; }' is not assignable to type 'AgentMessage'.
  Property 'timestamp' is missing in type '{ role: "user"; content: string; }' but required in type 'UserMessage'.
src/agents/pi-embedded-runner.google-sanitize-thinking.test.ts(123,62): error TS2353: Object literal may only specify known properties, and 'signature' does not exist in type 'ThinkingContent'.
src/agents/pi-embedded-runner.google-sanitize-thinking.test.ts(128,7): error TS2322: Type '({ role: "user"; content: string; } | { role: "assistant"; content: { type: "thinking"; thinking: string; signature: string; }[]; })[]' is not assignable to type 'AgentMessage[]'.
  Type '{ role: "user"; content: string; } | { role: "assistant"; content: { type: "thinking"; thinking: string; signature: string; }[]; }' is not assignable to type 'AgentMessage'.
    Type '{ role: "user"; content: string; }' is not assignable to type 'AgentMessage'.
      Property 'timestamp' is missing in type '{ role: "user"; content: string; }' but required in type 'UserMessage'.
src/agents/pi-embedded-runner.google-sanitize-thinking.test.ts(146,7): error TS2322: Type '{ role: "user"; content: string; }' is not assignable to type 'AgentMessage'.
  Property 'timestamp' is missing in type '{ role: "user"; content: string; }' but required in type 'UserMessage'.
src/agents/pi-embedded-runner.google-sanitize-thinking.test.ts(150,7): error TS2322: Type '{ role: "assistant"; content: ({ type: "text"; text: string; } | { type: "thinking"; thinking: string; })[]; }' is not assignable to type 'AgentMessage'.
  Type '{ role: "assistant"; content: ({ type: "text"; text: string; } | { type: "thinking"; thinking: string; })[]; }' is missing the following properties from type 'AssistantMessage': api, provider, model, usage, and 2 more.
src/agents/pi-embedded-runner.google-sanitize-thinking.test.ts(161,7): error TS2322: Type '({ role: "user"; content: string; } | { role: "assistant"; content: ({ type: "text"; text: string; thinking?: undefined; } | { type: "thinking"; thinking: string; text?: undefined; })[]; })[]' is not assignable to type 'AgentMessage[]'.
  Type '{ role: "user"; content: string; } | { role: "assistant"; content: ({ type: "text"; text: string; thinking?: undefined; } | { type: "thinking"; thinking: string; text?: undefined; })[]; }' is not assignable to type 'AgentMessage'.
    Type '{ role: "user"; content: string; }' is not assignable to type 'AgentMessage'.
      Property 'timestamp' is missing in type '{ role: "user"; content: string; }' but required in type 'UserMessage'.
src/agents/pi-embedded-runner.google-sanitize-thinking.test.ts(177,7): error TS2322: Type '{ role: "user"; content: string; }' is not assignable to type 'AgentMessage'.
  Property 'timestamp' is missing in type '{ role: "user"; content: string; }' but required in type 'UserMessage'.
src/agents/pi-embedded-runner.google-sanitize-thinking.test.ts(184,42): error TS2353: Object literal may only specify known properties, and 'thought_signature' does not exist in type 'TextContent'.
src/agents/pi-embedded-runner.google-sanitize-thinking.test.ts(185,47): error TS2353: Object literal may only specify known properties, and 'thought_signature' does not exist in type 'ThinkingContent'.
src/agents/pi-embedded-runner.google-sanitize-thinking.test.ts(205,7): error TS2322: Type '({ role: "user"; content: string; } | { role: "assistant"; content: ({ type: "text"; text: string; thought_signature: string; thinking?: undefined; id?: undefined; name?: undefined; arguments?: undefined; thoughtSignature?: undefined; } | { ...; } | { ...; })[]; })[]' is not assignable to type 'AgentMessage[]'.
  Type '{ role: "user"; content: string; } | { role: "assistant"; content: ({ type: "text"; text: string; thought_signature: string; thinking?: undefined; id?: undefined; name?: undefined; arguments?: undefined; thoughtSignature?: undefined; } | { ...; } | { ...; })[]; }' is not assignable to type 'AgentMessage'.
    Type '{ role: "user"; content: string; }' is not assignable to type 'AgentMessage'.
      Property 'timestamp' is missing in type '{ role: "user"; content: string; }' but required in type 'UserMessage'.
src/agents/pi-embedded-runner.google-sanitize-thinking.test.ts(243,7): error TS2322: Type '{ role: "user"; content: string; }' is not assignable to type 'AgentMessage'.
  Property 'timestamp' is missing in type '{ role: "user"; content: string; }' but required in type 'UserMessage'.
src/agents/pi-embedded-runner.google-sanitize-thinking.test.ts(247,7): error TS2322: Type '{ role: "assistant"; content: ({ type: "thinking"; thinking: string; thinkingSignature: string; } | { type: "thinking"; thinking: string; })[]; }' is not assignable to type 'AgentMessage'.
  Type '{ role: "assistant"; content: ({ type: "thinking"; thinking: string; thinkingSignature: string; } | { type: "thinking"; thinking: string; })[]; }' is missing the following properties from type 'AssistantMessage': api, provider, model, usage, and 2 more.
src/agents/pi-embedded-runner.google-sanitize-thinking.test.ts(257,7): error TS2322: Type '({ role: "user"; content: string; } | { role: "assistant"; content: ({ type: "thinking"; thinking: string; thinkingSignature: string; } | { type: "thinking"; thinking: string; thinkingSignature?: undefined; })[]; })[]' is not assignable to type 'AgentMessage[]'.
  Type '{ role: "user"; content: string; } | { role: "assistant"; content: ({ type: "thinking"; thinking: string; thinkingSignature: string; } | { type: "thinking"; thinking: string; thinkingSignature?: undefined; })[]; }' is not assignable to type 'AgentMessage'.
    Type '{ role: "user"; content: string; }' is not assignable to type 'AgentMessage'.
      Property 'timestamp' is missing in type '{ role: "user"; content: string; }' but required in type 'UserMessage'.
src/agents/pi-embedded-runner.google-sanitize-thinking.test.ts(274,7): error TS2322: Type '{ role: "user"; content: string; }' is not assignable to type 'AgentMessage'.
  Property 'timestamp' is missing in type '{ role: "user"; content: string; }' but required in type 'UserMessage'.
src/agents/pi-embedded-runner.google-sanitize-thinking.test.ts(278,7): error TS2322: Type '{ role: "assistant"; content: { type: "thinking"; thinking: string; }[]; }' is not assignable to type 'AgentMessage'.
  Type '{ role: "assistant"; content: { type: "thinking"; thinking: string; }[]; }' is missing the following properties from type 'AssistantMessage': api, provider, model, usage, and 2 more.
src/agents/pi-embedded-runner.google-sanitize-thinking.test.ts(285,7): error TS2322: Type '({ role: "user"; content: string; } | { role: "assistant"; content: { type: "thinking"; thinking: string; }[]; })[]' is not assignable to type 'AgentMessage[]'.
  Type '{ role: "user"; content: string; } | { role: "assistant"; content: { type: "thinking"; thinking: string; }[]; }' is not assignable to type 'AgentMessage'.
    Type '{ role: "user"; content: string; }' is not assignable to type 'AgentMessage'.
      Property 'timestamp' is missing in type '{ role: "user"; content: string; }' but required in type 'UserMessage'.
src/agents/pi-embedded-runner.google-sanitize-thinking.test.ts(300,7): error TS2322: Type '{ role: "user"; content: string; }' is not assignable to type 'AgentMessage'.
  Property 'timestamp' is missing in type '{ role: "user"; content: string; }' but required in type 'UserMessage'.
src/agents/pi-embedded-runner.google-sanitize-thinking.test.ts(304,7): error TS2322: Type '{ role: "assistant"; content: { type: "thinking"; thinking: string; }[]; }' is not assignable to type 'AgentMessage'.
  Type '{ role: "assistant"; content: { type: "thinking"; thinking: string; }[]; }' is missing the following properties from type 'AssistantMessage': api, provider, model, usage, and 2 more.
src/agents/pi-embedded-runner.google-sanitize-thinking.test.ts(311,7): error TS2322: Type '({ role: "user"; content: string; } | { role: "assistant"; content: { type: "thinking"; thinking: string; }[]; })[]' is not assignable to type 'AgentMessage[]'.
  Type '{ role: "user"; content: string; } | { role: "assistant"; content: { type: "thinking"; thinking: string; }[]; }' is not assignable to type 'AgentMessage'.
    Type '{ role: "user"; content: string; }' is not assignable to type 'AgentMessage'.
      Property 'timestamp' is missing in type '{ role: "user"; content: string; }' but required in type 'UserMessage'.
src/agents/pi-embedded-runner.google-sanitize-thinking.test.ts(327,7): error TS2322: Type '{ role: "assistant"; content: { type: "toolCall"; id: string; name: string; arguments: {}; }[]; }' is not assignable to type 'AgentMessage'.
  Type '{ role: "assistant"; content: { type: "toolCall"; id: string; name: string; arguments: {}; }[]; }' is missing the following properties from type 'AssistantMessage': api, provider, model, usage, and 2 more.
src/agents/pi-embedded-runner.google-sanitize-thinking.test.ts(331,7): error TS2322: Type '{ role: "toolResult"; toolCallId: string; toolName: string; content: { type: "text"; text: string; }[]; }' is not assignable to type 'AgentMessage'.
  Type '{ role: "toolResult"; toolCallId: string; toolName: string; content: { type: "text"; text: string; }[]; }' is missing the following properties from type 'ToolResultMessage<any>': isError, timestamp
src/agents/pi-embedded-runner.google-sanitize-thinking.test.ts(340,7): error TS2322: Type '({ role: "assistant"; content: { type: "toolCall"; id: string; name: string; arguments: {}; }[]; toolCallId?: undefined; toolName?: undefined; } | { role: "toolResult"; toolCallId: string; toolName: string; content: { ...; }[]; })[]' is not assignable to type 'AgentMessage[]'.
  Type '{ role: "assistant"; content: { type: "toolCall"; id: string; name: string; arguments: {}; }[]; toolCallId?: undefined; toolName?: undefined; } | { role: "toolResult"; toolCallId: string; toolName: string; content: { ...; }[]; }' is not assignable to type 'AgentMessage'.
    Type '{ role: "assistant"; content: { type: "toolCall"; id: string; name: string; arguments: {}; }[]; toolCallId?: undefined; toolName?: undefined; }' is not assignable to type 'AgentMessage'.
      Type '{ role: "assistant"; content: { type: "toolCall"; id: string; name: string; arguments: {}; }[]; toolCallId?: undefined; toolName?: undefined; }' is missing the following properties from type 'AssistantMessage': api, provider, model, usage, and 2 more.
src/agents/pi-embedded-runner/extra-params.ts(408,3): error TS2322: Type '"minimal" | "low" | "medium" | "high" | "xhigh" | "adaptive"' is not assignable to type '"none" | "minimal" | "low" | "medium" | "high" | "xhigh"'.
  Type '"adaptive"' is not assignable to type '"none" | "minimal" | "low" | "medium" | "high" | "xhigh"'.
src/agents/pi-embedded-runner/run/types.ts(20,16): error TS2749: 'AuthStorage' refers to a value, but is being used as a type here. Did you mean 'typeof AuthStorage'?
src/agents/sandbox-agent-config.agent-specific-sandbox-config.includes-session-status-default-sandbox-allowlist.test.ts(39,36): error TS2339: Property 'emit' does not exist on type '{ stdout?: Readable | undefined; stderr?: Readable | undefined; on: (event: string, cb: (...args: unknown[]) => void) => void; }'.
src/agents/sandbox-agent-config.agent-specific-sandbox-config.includes-session-status-default-sandbox-allowlist.test.ts(41,36): error TS2339: Property 'emit' does not exist on type '{ stdout?: Readable | undefined; stderr?: Readable | undefined; on: (event: string, cb: (...args: unknown[]) => void) => void; }'.
src/agents/sandbox-agent-config.agent-specific-sandbox-config.should-allow-agent-specific-docker-settings-beyond.test.ts(42,36): error TS2339: Property 'emit' does not exist on type '{ stdout?: Readable | undefined; stderr?: Readable | undefined; on: (event: string, cb: (...args: unknown[]) => void) => void; }'.
src/agents/sandbox-agent-config.agent-specific-sandbox-config.should-allow-agent-specific-docker-settings-beyond.test.ts(44,36): error TS2339: Property 'emit' does not exist on type '{ stdout?: Readable | undefined; stderr?: Readable | undefined; on: (event: string, cb: (...args: unknown[]) => void) => void; }'.
src/agents/sandbox-agent-config.agent-specific-sandbox-config.should-allow-agent-specific-docker-settings-beyond.test.ts(52,53): error TS2307: Cannot find module '../skills.js' or its corresponding type declarations.
src/agents/sandbox-agent-config.agent-specific-sandbox-config.should-use-agent-specific-workspaceroot.test.ts(40,36): error TS2339: Property 'emit' does not exist on type '{ stdout?: Readable | undefined; stderr?: Readable | undefined; on: (event: string, cb: (...args: unknown[]) => void) => void; }'.
src/agents/sandbox-agent-config.agent-specific-sandbox-config.should-use-agent-specific-workspaceroot.test.ts(42,36): error TS2339: Property 'emit' does not exist on type '{ stdout?: Readable | undefined; stderr?: Readable | undefined; on: (event: string, cb: (...args: unknown[]) => void) => void; }'.
src/agents/sandbox-agent-config.agent-specific-sandbox-config.should-use-agent-specific-workspaceroot.test.ts(50,53): error TS2307: Cannot find module '../skills.js' or its corresponding type declarations.
src/agents/sandbox-agent-config.agent-specific-sandbox-config.should-use-global-sandbox-config-no-agent.test.ts(42,36): error TS2339: Property 'emit' does not exist on type '{ stdout?: Readable | undefined; stderr?: Readable | undefined; on: (event: string, cb: (...args: unknown[]) => void) => void; }'.
src/agents/sandbox-agent-config.agent-specific-sandbox-config.should-use-global-sandbox-config-no-agent.test.ts(44,36): error TS2339: Property 'emit' does not exist on type '{ stdout?: Readable | undefined; stderr?: Readable | undefined; on: (event: string, cb: (...args: unknown[]) => void) => void; }'.
src/agents/sandbox/browser.ts(347,7): error TS2739: Type 'ResolvedBrowserConfig' is missing the following properties from type 'ResolvedBrowserConfig': cdpPortRangeStart, cdpPortRangeEnd
src/agents/sandbox/browser.ts(384,62): error TS2554: Expected 1 arguments, but got 2.
src/agents/sandbox/browser.ts(385,51): error TS2353: Object literal may only specify known properties, and 'url' does not exist in type '{ noVncPort: number; password?: string | undefined; ttlMs?: number | undefined; nowMs?: number | undefined; }'.
src/agents/subagent-announce.ts(574,5): error TS2322: Type 'import("I:/JieZI/JieZi-ai-PS/src/config/sessions/types", { with: { "resolution-mode": "import" } }).SessionEntry' is not assignable to type 'import("I:/JieZI/JieZi-ai-PS/upstream/src/config/sessions/types", { with: { "resolution-mode": "import" } }).SessionEntry'.
  Types of property 'authProfileOverrideSource' are incompatible.
    Type '"auto" | "user" | "smart-routing" | "default-account" | undefined' is not assignable to type '"auto" | "user" | undefined'.
      Type '"smart-routing"' is not assignable to type '"auto" | "user" | undefined'.
src/agents/tools/approval-tools.ts(55,65): error TS2345: Argument of type '{ agentId: string; } | undefined' is not assignable to parameter of type 'GatewayCallOptions'.
  Type 'undefined' is not assignable to type 'GatewayCallOptions'.
src/agents/tools/approval-tools.ts(97,66): error TS2345: Argument of type '{ agentId: string; } | undefined' is not assignable to parameter of type 'GatewayCallOptions'.
  Type 'undefined' is not assignable to type 'GatewayCallOptions'.
src/agents/tools/approval-tools.ts(136,65): error TS2345: Argument of type '{ agentId: string; } | undefined' is not assignable to parameter of type 'GatewayCallOptions'.
  Type 'undefined' is not assignable to type 'GatewayCallOptions'.
src/agents/tools/approval-tools.ts(171,71): error TS2345: Argument of type '{ agentId: string; } | undefined' is not assignable to parameter of type 'GatewayCallOptions'.
  Type 'undefined' is not assignable to type 'GatewayCallOptions'.
src/agents/tools/approval-tools.ts(204,69): error TS2345: Argument of type '{ agentId: string; } | undefined' is not assignable to parameter of type 'GatewayCallOptions'.
  Type 'undefined' is not assignable to type 'GatewayCallOptions'.
src/agents/tools/approval-tools.ts(237,65): error TS2345: Argument of type '{ agentId: string; } | undefined' is not assignable to parameter of type 'GatewayCallOptions'.
  Type 'undefined' is not assignable to type 'GatewayCallOptions'.
src/agents/tools/hr-management-tools.ts(44,69): error TS2345: Argument of type '{ agentId: string; } | undefined' is not assignable to parameter of type 'GatewayCallOptions'.
  Type 'undefined' is not assignable to type 'GatewayCallOptions'.
src/agents/tools/hr-management-tools.ts(84,67): error TS2345: Argument of type '{ agentId: string; } | undefined' is not assignable to parameter of type 'GatewayCallOptions'.
  Type 'undefined' is not assignable to type 'GatewayCallOptions'.
src/agents/tools/hr-management-tools.ts(127,73): error TS2345: Argument of type '{ agentId: string; } | undefined' is not assignable to parameter of type 'GatewayCallOptions'.
  Type 'undefined' is not assignable to type 'GatewayCallOptions'.
src/agents/tools/hr-management-tools.ts(167,70): error TS2345: Argument of type '{ agentId: string; } | undefined' is not assignable to parameter of type 'GatewayCallOptions'.
  Type 'undefined' is not assignable to type 'GatewayCallOptions'.
src/agents/tools/hr-management-tools.ts(206,66): error TS2345: Argument of type '{ agentId: string; } | undefined' is not assignable to parameter of type 'GatewayCallOptions'.
  Type 'undefined' is not assignable to type 'GatewayCallOptions'.
src/agents/tools/hr-management-tools.ts(249,66): error TS2345: Argument of type '{ agentId: string; } | undefined' is not assignable to parameter of type 'GatewayCallOptions'.
  Type 'undefined' is not assignable to type 'GatewayCallOptions'.
src/agents/tools/hr-management-tools.ts(297,67): error TS2345: Argument of type '{ agentId: string; } | undefined' is not assignable to parameter of type 'GatewayCallOptions'.
  Type 'undefined' is not assignable to type 'GatewayCallOptions'.
src/agents/tools/nodes-tool.ts(248,23): error TS2554: Expected 3 arguments, but got 2.
src/agents/tools/organization-structure-tools.ts(30,71): error TS2345: Argument of type '{ agentId: string; } | undefined' is not assignable to parameter of type 'GatewayCallOptions'.
  Type 'undefined' is not assignable to type 'GatewayCallOptions'.
src/agents/tools/organization-structure-tools.ts(62,65): error TS2345: Argument of type '{ agentId: string; } | undefined' is not assignable to parameter of type 'GatewayCallOptions'.
  Type 'undefined' is not assignable to type 'GatewayCallOptions'.
src/agents/tools/organization-structure-tools.ts(87,74): error TS2345: Argument of type '{ agentId: string; } | undefined' is not assignable to parameter of type 'GatewayCallOptions'.
  Type 'undefined' is not assignable to type 'GatewayCallOptions'.
src/agents/tools/organization-structure-tools.ts(110,68): error TS2345: Argument of type '{ agentId: string; } | undefined' is not assignable to parameter of type 'GatewayCallOptions'.
  Type 'undefined' is not assignable to type 'GatewayCallOptions'.
src/agents/tools/organization-structure-tools.ts(138,72): error TS2345: Argument of type '{ agentId: string; } | undefined' is not assignable to parameter of type 'GatewayCallOptions'.
  Type 'undefined' is not assignable to type 'GatewayCallOptions'.
src/agents/tools/organization-structure-tools.ts(167,58): error TS2345: Argument of type '{ agentId: string; } | undefined' is not assignable to parameter of type 'GatewayCallOptions'.
  Type 'undefined' is not assignable to type 'GatewayCallOptions'.
src/agents/tools/permission-management-tools-impl.ts(30,71): error TS2345: Argument of type '{ agentId: string; } | undefined' is not assignable to parameter of type 'GatewayCallOptions'.
  Type 'undefined' is not assignable to type 'GatewayCallOptions'.
src/agents/tools/permission-management-tools-impl.ts(60,72): error TS2345: Argument of type '{ agentId: string; } | undefined' is not assignable to parameter of type 'GatewayCallOptions'.
  Type 'undefined' is not assignable to type 'GatewayCallOptions'.
src/agents/tools/permission-management-tools-impl.ts(91,74): error TS2345: Argument of type '{ agentId: string; } | undefined' is not assignable to parameter of type 'GatewayCallOptions'.
  Type 'undefined' is not assignable to type 'GatewayCallOptions'.
src/agents/tools/permission-management-tools-impl.ts(121,71): error TS2345: Argument of type '{ agentId: string; } | undefined' is not assignable to parameter of type 'GatewayCallOptions'.
  Type 'undefined' is not assignable to type 'GatewayCallOptions'.
src/agents/tools/permission-management-tools-impl.ts(143,70): error TS2345: Argument of type '{ agentId: string; } | undefined' is not assignable to parameter of type 'GatewayCallOptions'.
  Type 'undefined' is not assignable to type 'GatewayCallOptions'.
src/agents/tools/permission-management-tools-impl.ts(173,71): error TS2345: Argument of type '{ agentId: string; } | undefined' is not assignable to parameter of type 'GatewayCallOptions'.
  Type 'undefined' is not assignable to type 'GatewayCallOptions'.
src/agents/tools/training-start-tool.ts(118,13): error TS2322: Type '"onboarding" | "certification" | "skill-training"' is not assignable to type 'TrainingCourseType'.
  Type '"skill-training"' is not assignable to type 'TrainingCourseType'.
src/agents/tools/training-tools.ts(25,64): error TS2345: Argument of type '{ agentId: string; } | undefined' is not assignable to parameter of type 'GatewayCallOptions'.
  Type 'undefined' is not assignable to type 'GatewayCallOptions'.
src/agents/tools/training-tools.ts(47,64): error TS2345: Argument of type '{ agentId: string; } | undefined' is not assignable to parameter of type 'GatewayCallOptions'.
  Type 'undefined' is not assignable to type 'GatewayCallOptions'.
src/agents/tools/training-tools.ts(68,67): error TS2345: Argument of type '{ agentId: string; } | undefined' is not assignable to parameter of type 'GatewayCallOptions'.
  Type 'undefined' is not assignable to type 'GatewayCallOptions'.
src/agents/tools/training-tools.ts(97,65): error TS2345: Argument of type '{ agentId: string; } | undefined' is not assignable to parameter of type 'GatewayCallOptions'.
  Type 'undefined' is not assignable to type 'GatewayCallOptions'.
src/agents/tools/training-tools.ts(130,72): error TS2345: Argument of type '{ agentId: string; } | undefined' is not assignable to parameter of type 'GatewayCallOptions'.
  Type 'undefined' is not assignable to type 'GatewayCallOptions'.
src/agents/tools/training-tools.ts(161,72): error TS2345: Argument of type '{ agentId: string; } | undefined' is not assignable to parameter of type 'GatewayCallOptions'.
  Type 'undefined' is not assignable to type 'GatewayCallOptions'.
src/agents/tools/training-tools.ts(184,73): error TS2345: Argument of type '{ agentId: string; } | undefined' is not assignable to parameter of type 'GatewayCallOptions'.
  Type 'undefined' is not assignable to type 'GatewayCallOptions'.
src/agents/tools/training-tools.ts(207,74): error TS2345: Argument of type '{ agentId: string; } | undefined' is not assignable to parameter of type 'GatewayCallOptions'.
  Type 'undefined' is not assignable to type 'GatewayCallOptions'.
src/agents/tools/web-fetch.firecrawl-api-key-normalization.test.ts(15,5): error TS2578: Unused '@ts-expect-error' directive.
src/agents/tools/web-fetch.firecrawl-api-key-normalization.test.ts(37,5): error TS2578: Unused '@ts-expect-error' directive.
src/auth/human-authentication.ts(523,37): error TS2345: Argument of type '"base32"' is not assignable to parameter of type 'BufferEncoding | undefined'.
src/auto-reply/reply/agent-runner-execution.ts(214,50): error TS2345: Argument of type 'import("I:/JieZI/JieZi-ai-PS/src/config/sessions/types", { with: { "resolution-mode": "import" } }).SessionEntry | undefined' is not assignable to parameter of type 'import("I:/JieZI/JieZi-ai-PS/upstream/src/config/sessions/types", { with: { "resolution-mode": "import" } }).SessionEntry | undefined'.
  Type 'import("I:/JieZI/JieZi-ai-PS/src/config/sessions/types", { with: { "resolution-mode": "import" } }).SessionEntry' is not assignable to type 'import("I:/JieZI/JieZi-ai-PS/upstream/src/config/sessions/types", { with: { "resolution-mode": "import" } }).SessionEntry'.
    Types of property 'authProfileOverrideSource' are incompatible.
      Type '"auto" | "user" | "smart-routing" | "default-account" | undefined' is not assignable to type '"auto" | "user" | undefined'.
        Type '"smart-routing"' is not assignable to type '"auto" | "user" | undefined'.
src/auto-reply/reply/agent-runner-execution.ts(305,37): error TS2345: Argument of type '{ prompt: string; extraSystemPrompt: string | undefined; toolResultFormat: "markdown" | "plain"; suppressToolErrorWarnings: boolean | undefined; images: ImageContent[] | undefined; ... 52 more ...; messageThreadId: string | ... 1 more ... | undefined; }' is not assignable to parameter of type 'RunEmbeddedPiAgentParams'.
  Types of property 'authProfileIdSource' are incompatible.
    Type '"auto" | "user" | "smart-routing" | undefined' is not assignable to type '"auto" | "user" | undefined'.
      Type '"smart-routing"' is not assignable to type '"auto" | "user" | undefined'.
src/auto-reply/reply/agent-runner.ts(249,5): error TS2322: Type 'import("I:/JieZI/JieZi-ai-PS/src/config/sessions/types", { with: { "resolution-mode": "import" } }).SessionEntry | undefined' is not assignable to type 'import("I:/JieZI/JieZi-ai-PS/upstream/src/config/sessions/types", { with: { "resolution-mode": "import" } }).SessionEntry | undefined'.
  Type 'import("I:/JieZI/JieZi-ai-PS/src/config/sessions/types", { with: { "resolution-mode": "import" } }).SessionEntry' is not assignable to type 'import("I:/JieZI/JieZi-ai-PS/upstream/src/config/sessions/types", { with: { "resolution-mode": "import" } }).SessionEntry'.
    Types of property 'authProfileOverrideSource' are incompatible.
      Type '"auto" | "user" | "smart-routing" | "default-account" | undefined' is not assignable to type '"auto" | "user" | undefined'.
        Type '"smart-routing"' is not assignable to type '"auto" | "user" | undefined'.
src/auto-reply/reply/agent-runner.ts(250,5): error TS2322: Type 'Record<string, import("I:/JieZI/JieZi-ai-PS/src/config/sessions/types", { with: { "resolution-mode": "import" } }).SessionEntry> | undefined' is not assignable to type 'Record<string, import("I:/JieZI/JieZi-ai-PS/upstream/src/config/sessions/types", { with: { "resolution-mode": "import" } }).SessionEntry> | undefined'.
  Type 'Record<string, import("I:/JieZI/JieZi-ai-PS/src/config/sessions/types", { with: { "resolution-mode": "import" } }).SessionEntry>' is not assignable to type 'Record<string, import("I:/JieZI/JieZi-ai-PS/upstream/src/config/sessions/types", { with: { "resolution-mode": "import" } }).SessionEntry>'.
    'string' index signatures are incompatible.
      Type 'import("I:/JieZI/JieZi-ai-PS/src/config/sessions/types", { with: { "resolution-mode": "import" } }).SessionEntry' is not assignable to type 'import("I:/JieZI/JieZi-ai-PS/upstream/src/config/sessions/types", { with: { "resolution-mode": "import" } }).SessionEntry'.
        Types of property 'authProfileOverrideSource' are incompatible.
          Type '"auto" | "user" | "smart-routing" | "default-account" | undefined' is not assignable to type '"auto" | "user" | undefined'.
            Type '"smart-routing"' is not assignable to type '"auto" | "user" | undefined'.
src/auto-reply/reply/agent-runner.ts(664,9): error TS2322: Type 'import("I:/JieZI/JieZi-ai-PS/src/config/sessions/types", { with: { "resolution-mode": "import" } }).SessionEntry | undefined' is not assignable to type 'import("I:/JieZI/JieZi-ai-PS/upstream/src/config/sessions/types", { with: { "resolution-mode": "import" } }).SessionEntry | undefined'.
  Type 'import("I:/JieZI/JieZi-ai-PS/src/config/sessions/types", { with: { "resolution-mode": "import" } }).SessionEntry' is not assignable to type 'import("I:/JieZI/JieZi-ai-PS/upstream/src/config/sessions/types", { with: { "resolution-mode": "import" } }).SessionEntry'.
    Types of property 'authProfileOverrideSource' are incompatible.
      Type '"auto" | "user" | "smart-routing" | "default-account" | undefined' is not assignable to type '"auto" | "user" | undefined'.
        Type '"smart-routing"' is not assignable to type '"auto" | "user" | undefined'.
src/auto-reply/reply/agent-runner.ts(665,9): error TS2322: Type 'Record<string, import("I:/JieZI/JieZi-ai-PS/src/config/sessions/types", { with: { "resolution-mode": "import" } }).SessionEntry> | undefined' is not assignable to type 'Record<string, import("I:/JieZI/JieZi-ai-PS/upstream/src/config/sessions/types", { with: { "resolution-mode": "import" } }).SessionEntry> | undefined'.
  Type 'Record<string, import("I:/JieZI/JieZi-ai-PS/src/config/sessions/types", { with: { "resolution-mode": "import" } }).SessionEntry>' is not assignable to type 'Record<string, import("I:/JieZI/JieZi-ai-PS/upstream/src/config/sessions/types", { with: { "resolution-mode": "import" } }).SessionEntry>'.
    'string' index signatures are incompatible.
      Type 'import("I:/JieZI/JieZi-ai-PS/src/config/sessions/types", { with: { "resolution-mode": "import" } }).SessionEntry' is not assignable to type 'import("I:/JieZI/JieZi-ai-PS/upstream/src/config/sessions/types", { with: { "resolution-mode": "import" } }).SessionEntry'.
        Types of property 'authProfileOverrideSource' are incompatible.
          Type '"auto" | "user" | "smart-routing" | "default-account" | undefined' is not assignable to type '"auto" | "user" | undefined'.
            Type '"smart-routing"' is not assignable to type '"auto" | "user" | undefined'.
src/auto-reply/reply/commands-allowlist.ts(349,50): error TS2345: Argument of type 'import("I:/JieZI/JieZi-ai-PS/src/auto-reply/reply/commands-types", { with: { "resolution-mode": "import" } }).HandleCommandsParams' is not assignable to parameter of type 'import("I:/JieZI/JieZi-ai-PS/upstream/src/auto-reply/reply/commands-types", { with: { "resolution-mode": "import" } }).HandleCommandsParams'.
  Types of property 'sessionEntry' are incompatible.
    Type 'import("I:/JieZI/JieZi-ai-PS/src/config/sessions/types", { with: { "resolution-mode": "import" } }).SessionEntry | undefined' is not assignable to type 'import("I:/JieZI/JieZi-ai-PS/upstream/src/config/sessions/types", { with: { "resolution-mode": "import" } }).SessionEntry | undefined'.
      Type 'import("I:/JieZI/JieZi-ai-PS/src/config/sessions/types", { with: { "resolution-mode": "import" } }).SessionEntry' is not assignable to type 'import("I:/JieZI/JieZi-ai-PS/upstream/src/config/sessions/types", { with: { "resolution-mode": "import" } }).SessionEntry'.
        Types of property 'authProfileOverrideSource' are incompatible.
          Type '"auto" | "user" | "smart-routing" | "default-account" | undefined' is not assignable to type '"auto" | "user" | undefined'.
            Type '"smart-routing"' is not assignable to type '"auto" | "user" | undefined'.
src/auto-reply/reply/commands-core.ts(46,7): error TS2322: Type 'import("I:/JieZI/JieZi-ai-PS/upstream/src/auto-reply/reply/commands-types", { with: { "resolution-mode": "import" } }).CommandHandler' is not assignable to type 'import("I:/JieZI/JieZi-ai-PS/src/auto-reply/reply/commands-types", { with: { "resolution-mode": "import" } }).CommandHandler'.
  Types of parameters 'params' and 'params' are incompatible.
    Type 'import("I:/JieZI/JieZi-ai-PS/src/auto-reply/reply/commands-types", { with: { "resolution-mode": "import" } }).HandleCommandsParams' is not assignable to type 'import("I:/JieZI/JieZi-ai-PS/upstream/src/auto-reply/reply/commands-types", { with: { "resolution-mode": "import" } }).HandleCommandsParams'.
      Types of property 'sessionEntry' are incompatible.
        Type 'import("I:/JieZI/JieZi-ai-PS/src/config/sessions/types", { with: { "resolution-mode": "import" } }).SessionEntry | undefined' is not assignable to type 'import("I:/JieZI/JieZi-ai-PS/upstream/src/config/sessions/types", { with: { "resolution-mode": "import" } }).SessionEntry | undefined'.
          Type 'import("I:/JieZI/JieZi-ai-PS/src/config/sessions/types", { with: { "resolution-mode": "import" } }).SessionEntry' is not assignable to type 'import("I:/JieZI/JieZi-ai-PS/upstream/src/config/sessions/types", { with: { "resolution-mode": "import" } }).SessionEntry'.
            Types of property 'authProfileOverrideSource' are incompatible.
              Type '"auto" | "user" | "smart-routing" | "default-account" | undefined' is not assignable to type '"auto" | "user" | undefined'.
                Type '"smart-routing"' is not assignable to type '"auto" | "user" | undefined'.
src/auto-reply/reply/commands-core.ts(47,7): error TS2322: Type 'import("I:/JieZI/JieZi-ai-PS/upstream/src/auto-reply/reply/commands-types", { with: { "resolution-mode": "import" } }).CommandHandler' is not assignable to type 'import("I:/JieZI/JieZi-ai-PS/src/auto-reply/reply/commands-types", { with: { "resolution-mode": "import" } }).CommandHandler'.
  Types of parameters 'params' and 'params' are incompatible.
    Type 'import("I:/JieZI/JieZi-ai-PS/src/auto-reply/reply/commands-types", { with: { "resolution-mode": "import" } }).HandleCommandsParams' is not assignable to type 'import("I:/JieZI/JieZi-ai-PS/upstream/src/auto-reply/reply/commands-types", { with: { "resolution-mode": "import" } }).HandleCommandsParams'.
      Types of property 'sessionEntry' are incompatible.
        Type 'import("I:/JieZI/JieZi-ai-PS/src/config/sessions/types", { with: { "resolution-mode": "import" } }).SessionEntry | undefined' is not assignable to type 'import("I:/JieZI/JieZi-ai-PS/upstream/src/config/sessions/types", { with: { "resolution-mode": "import" } }).SessionEntry | undefined'.
          Type 'import("I:/JieZI/JieZi-ai-PS/src/config/sessions/types", { with: { "resolution-mode": "import" } }).SessionEntry' is not assignable to type 'import("I:/JieZI/JieZi-ai-PS/upstream/src/config/sessions/types", { with: { "resolution-mode": "import" } }).SessionEntry'.
            Types of property 'authProfileOverrideSource' are incompatible.
              Type '"auto" | "user" | "smart-routing" | "default-account" | undefined' is not assignable to type '"auto" | "user" | undefined'.
                Type '"smart-routing"' is not assignable to type '"auto" | "user" | undefined'.
src/auto-reply/reply/commands-core.ts(48,7): error TS2322: Type 'import("I:/JieZI/JieZi-ai-PS/upstream/src/auto-reply/reply/commands-types", { with: { "resolution-mode": "import" } }).CommandHandler' is not assignable to type 'import("I:/JieZI/JieZi-ai-PS/src/auto-reply/reply/commands-types", { with: { "resolution-mode": "import" } }).CommandHandler'.
  Types of parameters 'params' and 'params' are incompatible.
    Type 'import("I:/JieZI/JieZi-ai-PS/src/auto-reply/reply/commands-types", { with: { "resolution-mode": "import" } }).HandleCommandsParams' is not assignable to type 'import("I:/JieZI/JieZi-ai-PS/upstream/src/auto-reply/reply/commands-types", { with: { "resolution-mode": "import" } }).HandleCommandsParams'.
      Types of property 'sessionEntry' are incompatible.
        Type 'import("I:/JieZI/JieZi-ai-PS/src/config/sessions/types", { with: { "resolution-mode": "import" } }).SessionEntry | undefined' is not assignable to type 'import("I:/JieZI/JieZi-ai-PS/upstream/src/config/sessions/types", { with: { "resolution-mode": "import" } }).SessionEntry | undefined'.
          Type 'import("I:/JieZI/JieZi-ai-PS/src/config/sessions/types", { with: { "resolution-mode": "import" } }).SessionEntry' is not assignable to type 'import("I:/JieZI/JieZi-ai-PS/upstream/src/config/sessions/types", { with: { "resolution-mode": "import" } }).SessionEntry'.
            Types of property 'authProfileOverrideSource' are incompatible.
              Type '"auto" | "user" | "smart-routing" | "default-account" | undefined' is not assignable to type '"auto" | "user" | undefined'.
                Type '"smart-routing"' is not assignable to type '"auto" | "user" | undefined'.
src/auto-reply/reply/commands-core.ts(49,7): error TS2322: Type 'import("I:/JieZI/JieZi-ai-PS/upstream/src/auto-reply/reply/commands-types", { with: { "resolution-mode": "import" } }).CommandHandler' is not assignable to type 'import("I:/JieZI/JieZi-ai-PS/src/auto-reply/reply/commands-types", { with: { "resolution-mode": "import" } }).CommandHandler'.
  Types of parameters 'params' and 'params' are incompatible.
    Type 'import("I:/JieZI/JieZi-ai-PS/src/auto-reply/reply/commands-types", { with: { "resolution-mode": "import" } }).HandleCommandsParams' is not assignable to type 'import("I:/JieZI/JieZi-ai-PS/upstream/src/auto-reply/reply/commands-types", { with: { "resolution-mode": "import" } }).HandleCommandsParams'.
      Types of property 'sessionEntry' are incompatible.
        Type 'import("I:/JieZI/JieZi-ai-PS/src/config/sessions/types", { with: { "resolution-mode": "import" } }).SessionEntry | undefined' is not assignable to type 'import("I:/JieZI/JieZi-ai-PS/upstream/src/config/sessions/types", { with: { "resolution-mode": "import" } }).SessionEntry | undefined'.
          Type 'import("I:/JieZI/JieZi-ai-PS/src/config/sessions/types", { with: { "resolution-mode": "import" } }).SessionEntry' is not assignable to type 'import("I:/JieZI/JieZi-ai-PS/upstream/src/config/sessions/types", { with: { "resolution-mode": "import" } }).SessionEntry'.
            Types of property 'authProfileOverrideSource' are incompatible.
              Type '"auto" | "user" | "smart-routing" | "default-account" | undefined' is not assignable to type '"auto" | "user" | undefined'.
                Type '"smart-routing"' is not assignable to type '"auto" | "user" | undefined'.
src/auto-reply/reply/commands-core.ts(50,7): error TS2322: Type 'import("I:/JieZI/JieZi-ai-PS/upstream/src/auto-reply/reply/commands-types", { with: { "resolution-mode": "import" } }).CommandHandler' is not assignable to type 'import("I:/JieZI/JieZi-ai-PS/src/auto-reply/reply/commands-types", { with: { "resolution-mode": "import" } }).CommandHandler'.
  Types of parameters 'params' and 'params' are incompatible.
    Type 'import("I:/JieZI/JieZi-ai-PS/src/auto-reply/reply/commands-types", { with: { "resolution-mode": "import" } }).HandleCommandsParams' is not assignable to type 'import("I:/JieZI/JieZi-ai-PS/upstream/src/auto-reply/reply/commands-types", { with: { "resolution-mode": "import" } }).HandleCommandsParams'.
      Types of property 'sessionEntry' are incompatible.
        Type 'import("I:/JieZI/JieZi-ai-PS/src/config/sessions/types", { with: { "resolution-mode": "import" } }).SessionEntry | undefined' is not assignable to type 'import("I:/JieZI/JieZi-ai-PS/upstream/src/config/sessions/types", { with: { "resolution-mode": "import" } }).SessionEntry | undefined'.
          Type 'import("I:/JieZI/JieZi-ai-PS/src/config/sessions/types", { with: { "resolution-mode": "import" } }).SessionEntry' is not assignable to type 'import("I:/JieZI/JieZi-ai-PS/upstream/src/config/sessions/types", { with: { "resolution-mode": "import" } }).SessionEntry'.
            Types of property 'authProfileOverrideSource' are incompatible.
              Type '"auto" | "user" | "smart-routing" | "default-account" | undefined' is not assignable to type '"auto" | "user" | undefined'.
                Type '"smart-routing"' is not assignable to type '"auto" | "user" | undefined'.
src/auto-reply/reply/commands-core.ts(51,7): error TS2322: Type 'import("I:/JieZI/JieZi-ai-PS/upstream/src/auto-reply/reply/commands-types", { with: { "resolution-mode": "import" } }).CommandHandler' is not assignable to type 'import("I:/JieZI/JieZi-ai-PS/src/auto-reply/reply/commands-types", { with: { "resolution-mode": "import" } }).CommandHandler'.
  Types of parameters 'params' and 'params' are incompatible.
    Type 'import("I:/JieZI/JieZi-ai-PS/src/auto-reply/reply/commands-types", { with: { "resolution-mode": "import" } }).HandleCommandsParams' is not assignable to type 'import("I:/JieZI/JieZi-ai-PS/upstream/src/auto-reply/reply/commands-types", { with: { "resolution-mode": "import" } }).HandleCommandsParams'.
      Types of property 'sessionEntry' are incompatible.
        Type 'import("I:/JieZI/JieZi-ai-PS/src/config/sessions/types", { with: { "resolution-mode": "import" } }).SessionEntry | undefined' is not assignable to type 'import("I:/JieZI/JieZi-ai-PS/upstream/src/config/sessions/types", { with: { "resolution-mode": "import" } }).SessionEntry | undefined'.
          Type 'import("I:/JieZI/JieZi-ai-PS/src/config/sessions/types", { with: { "resolution-mode": "import" } }).SessionEntry' is not assignable to type 'import("I:/JieZI/JieZi-ai-PS/upstream/src/config/sessions/types", { with: { "resolution-mode": "import" } }).SessionEntry'.
            Types of property 'authProfileOverrideSource' are incompatible.
              Type '"auto" | "user" | "smart-routing" | "default-account" | undefined' is not assignable to type '"auto" | "user" | undefined'.
                Type '"smart-routing"' is not assignable to type '"auto" | "user" | undefined'.
src/auto-reply/reply/commands-core.ts(52,7): error TS2322: Type 'import("I:/JieZI/JieZi-ai-PS/upstream/src/auto-reply/reply/commands-types", { with: { "resolution-mode": "import" } }).CommandHandler' is not assignable to type 'import("I:/JieZI/JieZi-ai-PS/src/auto-reply/reply/commands-types", { with: { "resolution-mode": "import" } }).CommandHandler'.
  Types of parameters 'params' and 'params' are incompatible.
    Type 'import("I:/JieZI/JieZi-ai-PS/src/auto-reply/reply/commands-types", { with: { "resolution-mode": "import" } }).HandleCommandsParams' is not assignable to type 'import("I:/JieZI/JieZi-ai-PS/upstream/src/auto-reply/reply/commands-types", { with: { "resolution-mode": "import" } }).HandleCommandsParams'.
      Types of property 'sessionEntry' are incompatible.
        Type 'import("I:/JieZI/JieZi-ai-PS/src/config/sessions/types", { with: { "resolution-mode": "import" } }).SessionEntry | undefined' is not assignable to type 'import("I:/JieZI/JieZi-ai-PS/upstream/src/config/sessions/types", { with: { "resolution-mode": "import" } }).SessionEntry | undefined'.
          Type 'import("I:/JieZI/JieZi-ai-PS/src/config/sessions/types", { with: { "resolution-mode": "import" } }).SessionEntry' is not assignable to type 'import("I:/JieZI/JieZi-ai-PS/upstream/src/config/sessions/types", { with: { "resolution-mode": "import" } }).SessionEntry'.
            Types of property 'authProfileOverrideSource' are incompatible.
              Type '"auto" | "user" | "smart-routing" | "default-account" | undefined' is not assignable to type '"auto" | "user" | undefined'.
                Type '"smart-routing"' is not assignable to type '"auto" | "user" | undefined'.
src/auto-reply/reply/commands-core.ts(53,7): error TS2322: Type 'import("I:/JieZI/JieZi-ai-PS/upstream/src/auto-reply/reply/commands-types", { with: { "resolution-mode": "import" } }).CommandHandler' is not assignable to type 'import("I:/JieZI/JieZi-ai-PS/src/auto-reply/reply/commands-types", { with: { "resolution-mode": "import" } }).CommandHandler'.
  Types of parameters 'params' and 'params' are incompatible.
    Type 'import("I:/JieZI/JieZi-ai-PS/src/auto-reply/reply/commands-types", { with: { "resolution-mode": "import" } }).HandleCommandsParams' is not assignable to type 'import("I:/JieZI/JieZi-ai-PS/upstream/src/auto-reply/reply/commands-types", { with: { "resolution-mode": "import" } }).HandleCommandsParams'.
      Types of property 'sessionEntry' are incompatible.
        Type 'import("I:/JieZI/JieZi-ai-PS/src/config/sessions/types", { with: { "resolution-mode": "import" } }).SessionEntry | undefined' is not assignable to type 'import("I:/JieZI/JieZi-ai-PS/upstream/src/config/sessions/types", { with: { "resolution-mode": "import" } }).SessionEntry | undefined'.
          Type 'import("I:/JieZI/JieZi-ai-PS/src/config/sessions/types", { with: { "resolution-mode": "import" } }).SessionEntry' is not assignable to type 'import("I:/JieZI/JieZi-ai-PS/upstream/src/config/sessions/types", { with: { "resolution-mode": "import" } }).SessionEntry'.
            Types of property 'authProfileOverrideSource' are incompatible.
              Type '"auto" | "user" | "smart-routing" | "default-account" | undefined' is not assignable to type '"auto" | "user" | undefined'.
                Type '"smart-routing"' is not assignable to type '"auto" | "user" | undefined'.
src/auto-reply/reply/commands-core.ts(54,7): error TS2322: Type 'import("I:/JieZI/JieZi-ai-PS/upstream/src/auto-reply/reply/commands-types", { with: { "resolution-mode": "import" } }).CommandHandler' is not assignable to type 'import("I:/JieZI/JieZi-ai-PS/src/auto-reply/reply/commands-types", { with: { "resolution-mode": "import" } }).CommandHandler'.
  Types of parameters 'params' and 'params' are incompatible.
    Type 'import("I:/JieZI/JieZi-ai-PS/src/auto-reply/reply/commands-types", { with: { "resolution-mode": "import" } }).HandleCommandsParams' is not assignable to type 'import("I:/JieZI/JieZi-ai-PS/upstream/src/auto-reply/reply/commands-types", { with: { "resolution-mode": "import" } }).HandleCommandsParams'.
      Types of property 'sessionEntry' are incompatible.
        Type 'import("I:/JieZI/JieZi-ai-PS/src/config/sessions/types", { with: { "resolution-mode": "import" } }).SessionEntry | undefined' is not assignable to type 'import("I:/JieZI/JieZi-ai-PS/upstream/src/config/sessions/types", { with: { "resolution-mode": "import" } }).SessionEntry | undefined'.
          Type 'import("I:/JieZI/JieZi-ai-PS/src/config/sessions/types", { with: { "resolution-mode": "import" } }).SessionEntry' is not assignable to type 'import("I:/JieZI/JieZi-ai-PS/upstream/src/config/sessions/types", { with: { "resolution-mode": "import" } }).SessionEntry'.
            Types of property 'authProfileOverrideSource' are incompatible.
              Type '"auto" | "user" | "smart-routing" | "default-account" | undefined' is not assignable to type '"auto" | "user" | undefined'.
                Type '"smart-routing"' is not assignable to type '"auto" | "user" | undefined'.
src/auto-reply/reply/commands-core.ts(55,7): error TS2322: Type 'import("I:/JieZI/JieZi-ai-PS/upstream/src/auto-reply/reply/commands-types", { with: { "resolution-mode": "import" } }).CommandHandler' is not assignable to type 'import("I:/JieZI/JieZi-ai-PS/src/auto-reply/reply/commands-types", { with: { "resolution-mode": "import" } }).CommandHandler'.
  Types of parameters 'params' and 'params' are incompatible.
    Type 'import("I:/JieZI/JieZi-ai-PS/src/auto-reply/reply/commands-types", { with: { "resolution-mode": "import" } }).HandleCommandsParams' is not assignable to type 'import("I:/JieZI/JieZi-ai-PS/upstream/src/auto-reply/reply/commands-types", { with: { "resolution-mode": "import" } }).HandleCommandsParams'.
      Types of property 'sessionEntry' are incompatible.
        Type 'import("I:/JieZI/JieZi-ai-PS/src/config/sessions/types", { with: { "resolution-mode": "import" } }).SessionEntry | undefined' is not assignable to type 'import("I:/JieZI/JieZi-ai-PS/upstream/src/config/sessions/types", { with: { "resolution-mode": "import" } }).SessionEntry | undefined'.
          Type 'import("I:/JieZI/JieZi-ai-PS/src/config/sessions/types", { with: { "resolution-mode": "import" } }).SessionEntry' is not assignable to type 'import("I:/JieZI/JieZi-ai-PS/upstream/src/config/sessions/types", { with: { "resolution-mode": "import" } }).SessionEntry'.
            Types of property 'authProfileOverrideSource' are incompatible.
              Type '"auto" | "user" | "smart-routing" | "default-account" | undefined' is not assignable to type '"auto" | "user" | undefined'.
                Type '"smart-routing"' is not assignable to type '"auto" | "user" | undefined'.
src/auto-reply/reply/commands-core.ts(56,7): error TS2322: Type 'import("I:/JieZI/JieZi-ai-PS/upstream/src/auto-reply/reply/commands-types", { with: { "resolution-mode": "import" } }).CommandHandler' is not assignable to type 'import("I:/JieZI/JieZi-ai-PS/src/auto-reply/reply/commands-types", { with: { "resolution-mode": "import" } }).CommandHandler'.
  Types of parameters 'params' and 'params' are incompatible.
    Type 'import("I:/JieZI/JieZi-ai-PS/src/auto-reply/reply/commands-types", { with: { "resolution-mode": "import" } }).HandleCommandsParams' is not assignable to type 'import("I:/JieZI/JieZi-ai-PS/upstream/src/auto-reply/reply/commands-types", { with: { "resolution-mode": "import" } }).HandleCommandsParams'.
      Types of property 'sessionEntry' are incompatible.
        Type 'import("I:/JieZI/JieZi-ai-PS/src/config/sessions/types", { with: { "resolution-mode": "import" } }).SessionEntry | undefined' is not assignable to type 'import("I:/JieZI/JieZi-ai-PS/upstream/src/config/sessions/types", { with: { "resolution-mode": "import" } }).SessionEntry | undefined'.
          Type 'import("I:/JieZI/JieZi-ai-PS/src/config/sessions/types", { with: { "resolution-mode": "import" } }).SessionEntry' is not assignable to type 'import("I:/JieZI/JieZi-ai-PS/upstream/src/config/sessions/types", { with: { "resolution-mode": "import" } }).SessionEntry'.
            Types of property 'authProfileOverrideSource' are incompatible.
              Type '"auto" | "user" | "smart-routing" | "default-account" | undefined' is not assignable to type '"auto" | "user" | undefined'.
                Type '"smart-routing"' is not assignable to type '"auto" | "user" | undefined'.
src/auto-reply/reply/commands-core.ts(58,7): error TS2322: Type 'import("I:/JieZI/JieZi-ai-PS/upstream/src/auto-reply/reply/commands-types", { with: { "resolution-mode": "import" } }).CommandHandler' is not assignable to type 'import("I:/JieZI/JieZi-ai-PS/src/auto-reply/reply/commands-types", { with: { "resolution-mode": "import" } }).CommandHandler'.
  Types of parameters 'params' and 'params' are incompatible.
    Type 'import("I:/JieZI/JieZi-ai-PS/src/auto-reply/reply/commands-types", { with: { "resolution-mode": "import" } }).HandleCommandsParams' is not assignable to type 'import("I:/JieZI/JieZi-ai-PS/upstream/src/auto-reply/reply/commands-types", { with: { "resolution-mode": "import" } }).HandleCommandsParams'.
      Types of property 'sessionEntry' are incompatible.
        Type 'import("I:/JieZI/JieZi-ai-PS/src/config/sessions/types", { with: { "resolution-mode": "import" } }).SessionEntry | undefined' is not assignable to type 'import("I:/JieZI/JieZi-ai-PS/upstream/src/config/sessions/types", { with: { "resolution-mode": "import" } }).SessionEntry | undefined'.
          Type 'import("I:/JieZI/JieZi-ai-PS/src/config/sessions/types", { with: { "resolution-mode": "import" } }).SessionEntry' is not assignable to type 'import("I:/JieZI/JieZi-ai-PS/upstream/src/config/sessions/types", { with: { "resolution-mode": "import" } }).SessionEntry'.
            Types of property 'authProfileOverrideSource' are incompatible.
              Type '"auto" | "user" | "smart-routing" | "default-account" | undefined' is not assignable to type '"auto" | "user" | undefined'.
                Type '"smart-routing"' is not assignable to type '"auto" | "user" | undefined'.
src/auto-reply/reply/commands-core.ts(59,7): error TS2322: Type 'import("I:/JieZI/JieZi-ai-PS/upstream/src/auto-reply/reply/commands-types", { with: { "resolution-mode": "import" } }).CommandHandler' is not assignable to type 'import("I:/JieZI/JieZi-ai-PS/src/auto-reply/reply/commands-types", { with: { "resolution-mode": "import" } }).CommandHandler'.
  Types of parameters 'params' and 'params' are incompatible.
    Type 'import("I:/JieZI/JieZi-ai-PS/src/auto-reply/reply/commands-types", { with: { "resolution-mode": "import" } }).HandleCommandsParams' is not assignable to type 'import("I:/JieZI/JieZi-ai-PS/upstream/src/auto-reply/reply/commands-types", { with: { "resolution-mode": "import" } }).HandleCommandsParams'.
      Types of property 'sessionEntry' are incompatible.
        Type 'import("I:/JieZI/JieZi-ai-PS/src/config/sessions/types", { with: { "resolution-mode": "import" } }).SessionEntry | undefined' is not assignable to type 'import("I:/JieZI/JieZi-ai-PS/upstream/src/config/sessions/types", { with: { "resolution-mode": "import" } }).SessionEntry | undefined'.
          Type 'import("I:/JieZI/JieZi-ai-PS/src/config/sessions/types", { with: { "resolution-mode": "import" } }).SessionEntry' is not assignable to type 'import("I:/JieZI/JieZi-ai-PS/upstream/src/config/sessions/types", { with: { "resolution-mode": "import" } }).SessionEntry'.
            Types of property 'authProfileOverrideSource' are incompatible.
              Type '"auto" | "user" | "smart-routing" | "default-account" | undefined' is not assignable to type '"auto" | "user" | undefined'.
                Type '"smart-routing"' is not assignable to type '"auto" | "user" | undefined'.
src/auto-reply/reply/commands-core.ts(60,7): error TS2322: Type 'import("I:/JieZI/JieZi-ai-PS/upstream/src/auto-reply/reply/commands-types", { with: { "resolution-mode": "import" } }).CommandHandler' is not assignable to type 'import("I:/JieZI/JieZi-ai-PS/src/auto-reply/reply/commands-types", { with: { "resolution-mode": "import" } }).CommandHandler'.
  Types of parameters 'params' and 'params' are incompatible.
    Type 'import("I:/JieZI/JieZi-ai-PS/src/auto-reply/reply/commands-types", { with: { "resolution-mode": "import" } }).HandleCommandsParams' is not assignable to type 'import("I:/JieZI/JieZi-ai-PS/upstream/src/auto-reply/reply/commands-types", { with: { "resolution-mode": "import" } }).HandleCommandsParams'.
      Types of property 'sessionEntry' are incompatible.
        Type 'import("I:/JieZI/JieZi-ai-PS/src/config/sessions/types", { with: { "resolution-mode": "import" } }).SessionEntry | undefined' is not assignable to type 'import("I:/JieZI/JieZi-ai-PS/upstream/src/config/sessions/types", { with: { "resolution-mode": "import" } }).SessionEntry | undefined'.
          Type 'import("I:/JieZI/JieZi-ai-PS/src/config/sessions/types", { with: { "resolution-mode": "import" } }).SessionEntry' is not assignable to type 'import("I:/JieZI/JieZi-ai-PS/upstream/src/config/sessions/types", { with: { "resolution-mode": "import" } }).SessionEntry'.
            Types of property 'authProfileOverrideSource' are incompatible.
              Type '"auto" | "user" | "smart-routing" | "default-account" | undefined' is not assignable to type '"auto" | "user" | undefined'.
                Type '"smart-routing"' is not assignable to type '"auto" | "user" | undefined'.
src/auto-reply/reply/commands-core.ts(61,7): error TS2322: Type 'import("I:/JieZI/JieZi-ai-PS/upstream/src/auto-reply/reply/commands-types", { with: { "resolution-mode": "import" } }).CommandHandler' is not assignable to type 'import("I:/JieZI/JieZi-ai-PS/src/auto-reply/reply/commands-types", { with: { "resolution-mode": "import" } }).CommandHandler'.
  Types of parameters 'params' and 'params' are incompatible.
    Type 'import("I:/JieZI/JieZi-ai-PS/src/auto-reply/reply/commands-types", { with: { "resolution-mode": "import" } }).HandleCommandsParams' is not assignable to type 'import("I:/JieZI/JieZi-ai-PS/upstream/src/auto-reply/reply/commands-types", { with: { "resolution-mode": "import" } }).HandleCommandsParams'.
      Types of property 'sessionEntry' are incompatible.
        Type 'import("I:/JieZI/JieZi-ai-PS/src/config/sessions/types", { with: { "resolution-mode": "import" } }).SessionEntry | undefined' is not assignable to type 'import("I:/JieZI/JieZi-ai-PS/upstream/src/config/sessions/types", { with: { "resolution-mode": "import" } }).SessionEntry | undefined'.
          Type 'import("I:/JieZI/JieZi-ai-PS/src/config/sessions/types", { with: { "resolution-mode": "import" } }).SessionEntry' is not assignable to type 'import("I:/JieZI/JieZi-ai-PS/upstream/src/config/sessions/types", { with: { "resolution-mode": "import" } }).SessionEntry'.
            Types of property 'authProfileOverrideSource' are incompatible.
              Type '"auto" | "user" | "smart-routing" | "default-account" | undefined' is not assignable to type '"auto" | "user" | undefined'.
                Type '"smart-routing"' is not assignable to type '"auto" | "user" | undefined'.
src/auto-reply/reply/commands-core.ts(62,7): error TS2322: Type 'import("I:/JieZI/JieZi-ai-PS/upstream/src/auto-reply/reply/commands-types", { with: { "resolution-mode": "import" } }).CommandHandler' is not assignable to type 'import("I:/JieZI/JieZi-ai-PS/src/auto-reply/reply/commands-types", { with: { "resolution-mode": "import" } }).CommandHandler'.
  Types of parameters 'params' and 'params' are incompatible.
    Type 'import("I:/JieZI/JieZi-ai-PS/src/auto-reply/reply/commands-types", { with: { "resolution-mode": "import" } }).HandleCommandsParams' is not assignable to type 'import("I:/JieZI/JieZi-ai-PS/upstream/src/auto-reply/reply/commands-types", { with: { "resolution-mode": "import" } }).HandleCommandsParams'.
      Types of property 'sessionEntry' are incompatible.
        Type 'import("I:/JieZI/JieZi-ai-PS/src/config/sessions/types", { with: { "resolution-mode": "import" } }).SessionEntry | undefined' is not assignable to type 'import("I:/JieZI/JieZi-ai-PS/upstream/src/config/sessions/types", { with: { "resolution-mode": "import" } }).SessionEntry | undefined'.
          Type 'import("I:/JieZI/JieZi-ai-PS/src/config/sessions/types", { with: { "resolution-mode": "import" } }).SessionEntry' is not assignable to type 'import("I:/JieZI/JieZi-ai-PS/upstream/src/config/sessions/types", { with: { "resolution-mode": "import" } }).SessionEntry'.
            Types of property 'authProfileOverrideSource' are incompatible.
              Type '"auto" | "user" | "smart-routing" | "default-account" | undefined' is not assignable to type '"auto" | "user" | undefined'.
                Type '"smart-routing"' is not assignable to type '"auto" | "user" | undefined'.
src/auto-reply/reply/commands-core.ts(63,7): error TS2322: Type 'import("I:/JieZI/JieZi-ai-PS/upstream/src/auto-reply/reply/commands-types", { with: { "resolution-mode": "import" } }).CommandHandler' is not assignable to type 'import("I:/JieZI/JieZi-ai-PS/src/auto-reply/reply/commands-types", { with: { "resolution-mode": "import" } }).CommandHandler'.
  Types of parameters 'params' and 'params' are incompatible.
    Type 'import("I:/JieZI/JieZi-ai-PS/src/auto-reply/reply/commands-types", { with: { "resolution-mode": "import" } }).HandleCommandsParams' is not assignable to type 'import("I:/JieZI/JieZi-ai-PS/upstream/src/auto-reply/reply/commands-types", { with: { "resolution-mode": "import" } }).HandleCommandsParams'.
      Types of property 'sessionEntry' are incompatible.
        Type 'import("I:/JieZI/JieZi-ai-PS/src/config/sessions/types", { with: { "resolution-mode": "import" } }).SessionEntry | undefined' is not assignable to type 'import("I:/JieZI/JieZi-ai-PS/upstream/src/config/sessions/types", { with: { "resolution-mode": "import" } }).SessionEntry | undefined'.
          Type 'import("I:/JieZI/JieZi-ai-PS/src/config/sessions/types", { with: { "resolution-mode": "import" } }).SessionEntry' is not assignable to type 'import("I:/JieZI/JieZi-ai-PS/upstream/src/config/sessions/types", { with: { "resolution-mode": "import" } }).SessionEntry'.
            Types of property 'authProfileOverrideSource' are incompatible.
              Type '"auto" | "user" | "smart-routing" | "default-account" | undefined' is not assignable to type '"auto" | "user" | undefined'.
                Type '"smart-routing"' is not assignable to type '"auto" | "user" | undefined'.
src/auto-reply/reply/commands-core.ts(64,7): error TS2322: Type 'import("I:/JieZI/JieZi-ai-PS/upstream/src/auto-reply/reply/commands-types", { with: { "resolution-mode": "import" } }).CommandHandler' is not assignable to type 'import("I:/JieZI/JieZi-ai-PS/src/auto-reply/reply/commands-types", { with: { "resolution-mode": "import" } }).CommandHandler'.
  Types of parameters 'params' and 'params' are incompatible.
    Type 'import("I:/JieZI/JieZi-ai-PS/src/auto-reply/reply/commands-types", { with: { "resolution-mode": "import" } }).HandleCommandsParams' is not assignable to type 'import("I:/JieZI/JieZi-ai-PS/upstream/src/auto-reply/reply/commands-types", { with: { "resolution-mode": "import" } }).HandleCommandsParams'.
      Types of property 'sessionEntry' are incompatible.
        Type 'import("I:/JieZI/JieZi-ai-PS/src/config/sessions/types", { with: { "resolution-mode": "import" } }).SessionEntry | undefined' is not assignable to type 'import("I:/JieZI/JieZi-ai-PS/upstream/src/config/sessions/types", { with: { "resolution-mode": "import" } }).SessionEntry | undefined'.
          Type 'import("I:/JieZI/JieZi-ai-PS/src/config/sessions/types", { with: { "resolution-mode": "import" } }).SessionEntry' is not assignable to type 'import("I:/JieZI/JieZi-ai-PS/upstream/src/config/sessions/types", { with: { "resolution-mode": "import" } }).SessionEntry'.
            Types of property 'authProfileOverrideSource' are incompatible.
              Type '"auto" | "user" | "smart-routing" | "default-account" | undefined' is not assignable to type '"auto" | "user" | undefined'.
                Type '"smart-routing"' is not assignable to type '"auto" | "user" | undefined'.
src/auto-reply/reply/commands-core.ts(65,7): error TS2322: Type 'import("I:/JieZI/JieZi-ai-PS/upstream/src/auto-reply/reply/commands-types", { with: { "resolution-mode": "import" } }).CommandHandler' is not assignable to type 'import("I:/JieZI/JieZi-ai-PS/src/auto-reply/reply/commands-types", { with: { "resolution-mode": "import" } }).CommandHandler'.
  Types of parameters 'params' and 'params' are incompatible.
    Type 'import("I:/JieZI/JieZi-ai-PS/src/auto-reply/reply/commands-types", { with: { "resolution-mode": "import" } }).HandleCommandsParams' is not assignable to type 'import("I:/JieZI/JieZi-ai-PS/upstream/src/auto-reply/reply/commands-types", { with: { "resolution-mode": "import" } }).HandleCommandsParams'.
      Types of property 'sessionEntry' are incompatible.
        Type 'import("I:/JieZI/JieZi-ai-PS/src/config/sessions/types", { with: { "resolution-mode": "import" } }).SessionEntry | undefined' is not assignable to type 'import("I:/JieZI/JieZi-ai-PS/upstream/src/config/sessions/types", { with: { "resolution-mode": "import" } }).SessionEntry | undefined'.
          Type 'import("I:/JieZI/JieZi-ai-PS/src/config/sessions/types", { with: { "resolution-mode": "import" } }).SessionEntry' is not assignable to type 'import("I:/JieZI/JieZi-ai-PS/upstream/src/config/sessions/types", { with: { "resolution-mode": "import" } }).SessionEntry'.
            Types of property 'authProfileOverrideSource' are incompatible.
              Type '"auto" | "user" | "smart-routing" | "default-account" | undefined' is not assignable to type '"auto" | "user" | undefined'.
                Type '"smart-routing"' is not assignable to type '"auto" | "user" | undefined'.
src/auto-reply/reply/commands-core.ts(66,7): error TS2322: Type 'import("I:/JieZI/JieZi-ai-PS/upstream/src/auto-reply/reply/commands-types", { with: { "resolution-mode": "import" } }).CommandHandler' is not assignable to type 'import("I:/JieZI/JieZi-ai-PS/src/auto-reply/reply/commands-types", { with: { "resolution-mode": "import" } }).CommandHandler'.
  Types of parameters 'params' and 'params' are incompatible.
    Type 'import("I:/JieZI/JieZi-ai-PS/src/auto-reply/reply/commands-types", { with: { "resolution-mode": "import" } }).HandleCommandsParams' is not assignable to type 'import("I:/JieZI/JieZi-ai-PS/upstream/src/auto-reply/reply/commands-types", { with: { "resolution-mode": "import" } }).HandleCommandsParams'.
      Types of property 'sessionEntry' are incompatible.
        Type 'import("I:/JieZI/JieZi-ai-PS/src/config/sessions/types", { with: { "resolution-mode": "import" } }).SessionEntry | undefined' is not assignable to type 'import("I:/JieZI/JieZi-ai-PS/upstream/src/config/sessions/types", { with: { "resolution-mode": "import" } }).SessionEntry | undefined'.
          Type 'import("I:/JieZI/JieZi-ai-PS/src/config/sessions/types", { with: { "resolution-mode": "import" } }).SessionEntry' is not assignable to type 'import("I:/JieZI/JieZi-ai-PS/upstream/src/config/sessions/types", { with: { "resolution-mode": "import" } }).SessionEntry'.
            Types of property 'authProfileOverrideSource' are incompatible.
              Type '"auto" | "user" | "smart-routing" | "default-account" | undefined' is not assignable to type '"auto" | "user" | undefined'.
                Type '"smart-routing"' is not assignable to type '"auto" | "user" | undefined'.
src/auto-reply/reply/commands-core.ts(67,7): error TS2322: Type 'import("I:/JieZI/JieZi-ai-PS/upstream/src/auto-reply/reply/commands-types", { with: { "resolution-mode": "import" } }).CommandHandler' is not assignable to type 'import("I:/JieZI/JieZi-ai-PS/src/auto-reply/reply/commands-types", { with: { "resolution-mode": "import" } }).CommandHandler'.
  Types of parameters 'params' and 'params' are incompatible.
    Type 'import("I:/JieZI/JieZi-ai-PS/src/auto-reply/reply/commands-types", { with: { "resolution-mode": "import" } }).HandleCommandsParams' is not assignable to type 'import("I:/JieZI/JieZi-ai-PS/upstream/src/auto-reply/reply/commands-types", { with: { "resolution-mode": "import" } }).HandleCommandsParams'.
      Types of property 'sessionEntry' are incompatible.
        Type 'import("I:/JieZI/JieZi-ai-PS/src/config/sessions/types", { with: { "resolution-mode": "import" } }).SessionEntry | undefined' is not assignable to type 'import("I:/JieZI/JieZi-ai-PS/upstream/src/config/sessions/types", { with: { "resolution-mode": "import" } }).SessionEntry | undefined'.
          Type 'import("I:/JieZI/JieZi-ai-PS/src/config/sessions/types", { with: { "resolution-mode": "import" } }).SessionEntry' is not assignable to type 'import("I:/JieZI/JieZi-ai-PS/upstream/src/config/sessions/types", { with: { "resolution-mode": "import" } }).SessionEntry'.
            Types of property 'authProfileOverrideSource' are incompatible.
              Type '"auto" | "user" | "smart-routing" | "default-account" | undefined' is not assignable to type '"auto" | "user" | undefined'.
                Type '"smart-routing"' is not assignable to type '"auto" | "user" | undefined'.
src/auto-reply/reply/commands-core.ts(68,7): error TS2322: Type 'import("I:/JieZI/JieZi-ai-PS/upstream/src/auto-reply/reply/commands-types", { with: { "resolution-mode": "import" } }).CommandHandler' is not assignable to type 'import("I:/JieZI/JieZi-ai-PS/src/auto-reply/reply/commands-types", { with: { "resolution-mode": "import" } }).CommandHandler'.
  Types of parameters 'params' and 'params' are incompatible.
    Type 'import("I:/JieZI/JieZi-ai-PS/src/auto-reply/reply/commands-types", { with: { "resolution-mode": "import" } }).HandleCommandsParams' is not assignable to type 'import("I:/JieZI/JieZi-ai-PS/upstream/src/auto-reply/reply/commands-types", { with: { "resolution-mode": "import" } }).HandleCommandsParams'.
      Types of property 'sessionEntry' are incompatible.
        Type 'import("I:/JieZI/JieZi-ai-PS/src/config/sessions/types", { with: { "resolution-mode": "import" } }).SessionEntry | undefined' is not assignable to type 'import("I:/JieZI/JieZi-ai-PS/upstream/src/config/sessions/types", { with: { "resolution-mode": "import" } }).SessionEntry | undefined'.
          Type 'import("I:/JieZI/JieZi-ai-PS/src/config/sessions/types", { with: { "resolution-mode": "import" } }).SessionEntry' is not assignable to type 'import("I:/JieZI/JieZi-ai-PS/upstream/src/config/sessions/types", { with: { "resolution-mode": "import" } }).SessionEntry'.
            Types of property 'authProfileOverrideSource' are incompatible.
              Type '"auto" | "user" | "smart-routing" | "default-account" | undefined' is not assignable to type '"auto" | "user" | undefined'.
                Type '"smart-routing"' is not assignable to type '"auto" | "user" | undefined'.
src/auto-reply/reply/commands-core.ts(163,25): error TS18047: 'HANDLERS' is possibly 'null'.
src/auto-reply/reply/commands-core.ts(172,5): error TS2322: Type 'import("I:/JieZI/JieZi-ai-PS/src/config/sessions/types", { with: { "resolution-mode": "import" } }).SessionEntry | undefined' is not assignable to type 'import("I:/JieZI/JieZi-ai-PS/upstream/src/config/sessions/types", { with: { "resolution-mode": "import" } }).SessionEntry | undefined'.
  Type 'import("I:/JieZI/JieZi-ai-PS/src/config/sessions/types", { with: { "resolution-mode": "import" } }).SessionEntry' is not assignable to type 'import("I:/JieZI/JieZi-ai-PS/upstream/src/config/sessions/types", { with: { "resolution-mode": "import" } }).SessionEntry'.
    Types of property 'authProfileOverrideSource' are incompatible.
      Type '"auto" | "user" | "smart-routing" | "default-account" | undefined' is not assignable to type '"auto" | "user" | undefined'.
        Type '"smart-routing"' is not assignable to type '"auto" | "user" | undefined'.
src/auto-reply/reply/commands.test.ts(604,41): error TS2345: Argument of type 'import("I:/JieZI/JieZi-ai-PS/src/auto-reply/reply/commands-types", { with: { "resolution-mode": "import" } }).HandleCommandsParams' is not assignable to parameter of type 'import("I:/JieZI/JieZi-ai-PS/upstream/src/auto-reply/reply/commands-types", { with: { "resolution-mode": "import" } }).HandleCommandsParams'.
  Types of property 'sessionEntry' are incompatible.
    Type 'import("I:/JieZI/JieZi-ai-PS/src/config/sessions/types", { with: { "resolution-mode": "import" } }).SessionEntry | undefined' is not assignable to type 'import("I:/JieZI/JieZi-ai-PS/upstream/src/config/sessions/types", { with: { "resolution-mode": "import" } }).SessionEntry | undefined'.
      Type 'import("I:/JieZI/JieZi-ai-PS/src/config/sessions/types", { with: { "resolution-mode": "import" } }).SessionEntry' is not assignable to type 'import("I:/JieZI/JieZi-ai-PS/upstream/src/config/sessions/types", { with: { "resolution-mode": "import" } }).SessionEntry'.
        Types of property 'authProfileOverrideSource' are incompatible.
          Type '"auto" | "user" | "smart-routing" | "default-account" | undefined' is not assignable to type '"auto" | "user" | undefined'.
            Type '"smart-routing"' is not assignable to type '"auto" | "user" | undefined'.
src/auto-reply/reply/commands.test.ts(633,41): error TS2345: Argument of type 'import("I:/JieZI/JieZi-ai-PS/src/auto-reply/reply/commands-types", { with: { "resolution-mode": "import" } }).HandleCommandsParams' is not assignable to parameter of type 'import("I:/JieZI/JieZi-ai-PS/upstream/src/auto-reply/reply/commands-types", { with: { "resolution-mode": "import" } }).HandleCommandsParams'.
  Types of property 'sessionEntry' are incompatible.
    Type 'import("I:/JieZI/JieZi-ai-PS/src/config/sessions/types", { with: { "resolution-mode": "import" } }).SessionEntry | undefined' is not assignable to type 'import("I:/JieZI/JieZi-ai-PS/upstream/src/config/sessions/types", { with: { "resolution-mode": "import" } }).SessionEntry | undefined'.
      Type 'import("I:/JieZI/JieZi-ai-PS/src/config/sessions/types", { with: { "resolution-mode": "import" } }).SessionEntry' is not assignable to type 'import("I:/JieZI/JieZi-ai-PS/upstream/src/config/sessions/types", { with: { "resolution-mode": "import" } }).SessionEntry'.
        Types of property 'authProfileOverrideSource' are incompatible.
          Type '"auto" | "user" | "smart-routing" | "default-account" | undefined' is not assignable to type '"auto" | "user" | undefined'.
            Type '"smart-routing"' is not assignable to type '"auto" | "user" | undefined'.
src/auto-reply/reply/commands.test.ts(698,43): error TS2345: Argument of type 'import("I:/JieZI/JieZi-ai-PS/src/auto-reply/reply/commands-types", { with: { "resolution-mode": "import" } }).HandleCommandsParams' is not assignable to parameter of type 'import("I:/JieZI/JieZi-ai-PS/upstream/src/auto-reply/reply/commands-types", { with: { "resolution-mode": "import" } }).HandleCommandsParams'.
  Types of property 'sessionEntry' are incompatible.
    Type 'import("I:/JieZI/JieZi-ai-PS/src/config/sessions/types", { with: { "resolution-mode": "import" } }).SessionEntry | undefined' is not assignable to type 'import("I:/JieZI/JieZi-ai-PS/upstream/src/config/sessions/types", { with: { "resolution-mode": "import" } }).SessionEntry | undefined'.
      Type 'import("I:/JieZI/JieZi-ai-PS/src/config/sessions/types", { with: { "resolution-mode": "import" } }).SessionEntry' is not assignable to type 'import("I:/JieZI/JieZi-ai-PS/upstream/src/config/sessions/types", { with: { "resolution-mode": "import" } }).SessionEntry'.
        Types of property 'authProfileOverrideSource' are incompatible.
          Type '"auto" | "user" | "smart-routing" | "default-account" | undefined' is not assignable to type '"auto" | "user" | undefined'.
            Type '"smart-routing"' is not assignable to type '"auto" | "user" | undefined'.
src/auto-reply/reply/commands.test.ts(719,41): error TS2345: Argument of type 'import("I:/JieZI/JieZi-ai-PS/src/auto-reply/reply/commands-types", { with: { "resolution-mode": "import" } }).HandleCommandsParams' is not assignable to parameter of type 'import("I:/JieZI/JieZi-ai-PS/upstream/src/auto-reply/reply/commands-types", { with: { "resolution-mode": "import" } }).HandleCommandsParams'.
  Types of property 'sessionEntry' are incompatible.
    Type 'import("I:/JieZI/JieZi-ai-PS/src/config/sessions/types", { with: { "resolution-mode": "import" } }).SessionEntry | undefined' is not assignable to type 'import("I:/JieZI/JieZi-ai-PS/upstream/src/config/sessions/types", { with: { "resolution-mode": "import" } }).SessionEntry | undefined'.
      Type 'import("I:/JieZI/JieZi-ai-PS/src/config/sessions/types", { with: { "resolution-mode": "import" } }).SessionEntry' is not assignable to type 'import("I:/JieZI/JieZi-ai-PS/upstream/src/config/sessions/types", { with: { "resolution-mode": "import" } }).SessionEntry'.
        Types of property 'authProfileOverrideSource' are incompatible.
          Type '"auto" | "user" | "smart-routing" | "default-account" | undefined' is not assignable to type '"auto" | "user" | undefined'.
            Type '"smart-routing"' is not assignable to type '"auto" | "user" | undefined'.
src/auto-reply/reply/commands.test.ts(728,41): error TS2345: Argument of type 'import("I:/JieZI/JieZi-ai-PS/src/auto-reply/reply/commands-types", { with: { "resolution-mode": "import" } }).HandleCommandsParams' is not assignable to parameter of type 'import("I:/JieZI/JieZi-ai-PS/upstream/src/auto-reply/reply/commands-types", { with: { "resolution-mode": "import" } }).HandleCommandsParams'.
  Types of property 'sessionEntry' are incompatible.
    Type 'import("I:/JieZI/JieZi-ai-PS/src/config/sessions/types", { with: { "resolution-mode": "import" } }).SessionEntry | undefined' is not assignable to type 'import("I:/JieZI/JieZi-ai-PS/upstream/src/config/sessions/types", { with: { "resolution-mode": "import" } }).SessionEntry | undefined'.
      Type 'import("I:/JieZI/JieZi-ai-PS/src/config/sessions/types", { with: { "resolution-mode": "import" } }).SessionEntry' is not assignable to type 'import("I:/JieZI/JieZi-ai-PS/upstream/src/config/sessions/types", { with: { "resolution-mode": "import" } }).SessionEntry'.
        Types of property 'authProfileOverrideSource' are incompatible.
          Type '"auto" | "user" | "smart-routing" | "default-account" | undefined' is not assignable to type '"auto" | "user" | undefined'.
            Type '"smart-routing"' is not assignable to type '"auto" | "user" | undefined'.
src/auto-reply/reply/commands.test.ts(774,9): error TS2345: Argument of type 'import("I:/JieZI/JieZi-ai-PS/src/auto-reply/reply/commands-types", { with: { "resolution-mode": "import" } }).HandleCommandsParams' is not assignable to parameter of type 'import("I:/JieZI/JieZi-ai-PS/upstream/src/auto-reply/reply/commands-types", { with: { "resolution-mode": "import" } }).HandleCommandsParams'.
  Types of property 'sessionEntry' are incompatible.
    Type 'import("I:/JieZI/JieZi-ai-PS/src/config/sessions/types", { with: { "resolution-mode": "import" } }).SessionEntry | undefined' is not assignable to type 'import("I:/JieZI/JieZi-ai-PS/upstream/src/config/sessions/types", { with: { "resolution-mode": "import" } }).SessionEntry | undefined'.
      Type 'import("I:/JieZI/JieZi-ai-PS/src/config/sessions/types", { with: { "resolution-mode": "import" } }).SessionEntry' is not assignable to type 'import("I:/JieZI/JieZi-ai-PS/upstream/src/config/sessions/types", { with: { "resolution-mode": "import" } }).SessionEntry'.
        Types of property 'authProfileOverrideSource' are incompatible.
          Type '"auto" | "user" | "smart-routing" | "default-account" | undefined' is not assignable to type '"auto" | "user" | undefined'.
            Type '"smart-routing"' is not assignable to type '"auto" | "user" | undefined'.
src/auto-reply/reply/commands.test.ts(805,7): error TS2345: Argument of type 'import("I:/JieZI/JieZi-ai-PS/src/auto-reply/reply/commands-types", { with: { "resolution-mode": "import" } }).HandleCommandsParams' is not assignable to parameter of type 'import("I:/JieZI/JieZi-ai-PS/upstream/src/auto-reply/reply/commands-types", { with: { "resolution-mode": "import" } }).HandleCommandsParams'.
  Types of property 'sessionEntry' are incompatible.
    Type 'import("I:/JieZI/JieZi-ai-PS/src/config/sessions/types", { with: { "resolution-mode": "import" } }).SessionEntry | undefined' is not assignable to type 'import("I:/JieZI/JieZi-ai-PS/upstream/src/config/sessions/types", { with: { "resolution-mode": "import" } }).SessionEntry | undefined'.
      Type 'import("I:/JieZI/JieZi-ai-PS/src/config/sessions/types", { with: { "resolution-mode": "import" } }).SessionEntry' is not assignable to type 'import("I:/JieZI/JieZi-ai-PS/upstream/src/config/sessions/types", { with: { "resolution-mode": "import" } }).SessionEntry'.
        Types of property 'authProfileOverrideSource' are incompatible.
          Type '"auto" | "user" | "smart-routing" | "default-account" | undefined' is not assignable to type '"auto" | "user" | undefined'.
            Type '"smart-routing"' is not assignable to type '"auto" | "user" | undefined'.
src/auto-reply/reply/commands.test.ts(811,7): error TS2345: Argument of type 'import("I:/JieZI/JieZi-ai-PS/src/auto-reply/reply/commands-types", { with: { "resolution-mode": "import" } }).HandleCommandsParams' is not assignable to parameter of type 'import("I:/JieZI/JieZi-ai-PS/upstream/src/auto-reply/reply/commands-types", { with: { "resolution-mode": "import" } }).HandleCommandsParams'.
  Types of property 'sessionEntry' are incompatible.
    Type 'import("I:/JieZI/JieZi-ai-PS/src/config/sessions/types", { with: { "resolution-mode": "import" } }).SessionEntry | undefined' is not assignable to type 'import("I:/JieZI/JieZi-ai-PS/upstream/src/config/sessions/types", { with: { "resolution-mode": "import" } }).SessionEntry | undefined'.
      Type 'import("I:/JieZI/JieZi-ai-PS/src/config/sessions/types", { with: { "resolution-mode": "import" } }).SessionEntry' is not assignable to type 'import("I:/JieZI/JieZi-ai-PS/upstream/src/config/sessions/types", { with: { "resolution-mode": "import" } }).SessionEntry'.
        Types of property 'authProfileOverrideSource' are incompatible.
          Type '"auto" | "user" | "smart-routing" | "default-account" | undefined' is not assignable to type '"auto" | "user" | undefined'.
            Type '"smart-routing"' is not assignable to type '"auto" | "user" | undefined'.
src/auto-reply/reply/followup-runner.ts(140,39): error TS2345: Argument of type '{ thinkLevel: ThinkLevel | undefined; verboseLevel: VerboseLevel | undefined; reasoningLevel: ReasoningLevel | undefined; suppressToolErrorWarnings: boolean | undefined; ... 33 more ...; model: string; }' is not assignable to parameter of type 'RunEmbeddedPiAgentParams'.
  Types of property 'authProfileIdSource' are incompatible.
    Type '"auto" | "user" | "smart-routing" | undefined' is not assignable to type '"auto" | "user" | undefined'.
      Type '"smart-routing"' is not assignable to type '"auto" | "user" | undefined'.
src/auto-reply/reply/followup-runner.ts(275,11): error TS2322: Type 'import("I:/JieZI/JieZi-ai-PS/src/config/sessions/types", { with: { "resolution-mode": "import" } }).SessionEntry | undefined' is not assignable to type 'import("I:/JieZI/JieZi-ai-PS/upstream/src/config/sessions/types", { with: { "resolution-mode": "import" } }).SessionEntry | undefined'.
  Type 'import("I:/JieZI/JieZi-ai-PS/src/config/sessions/types", { with: { "resolution-mode": "import" } }).SessionEntry' is not assignable to type 'import("I:/JieZI/JieZi-ai-PS/upstream/src/config/sessions/types", { with: { "resolution-mode": "import" } }).SessionEntry'.
    Types of property 'authProfileOverrideSource' are incompatible.
      Type '"auto" | "user" | "smart-routing" | "default-account" | undefined' is not assignable to type '"auto" | "user" | undefined'.
        Type '"smart-routing"' is not assignable to type '"auto" | "user" | undefined'.
src/auto-reply/reply/followup-runner.ts(276,11): error TS2322: Type 'Record<string, import("I:/JieZI/JieZi-ai-PS/src/config/sessions/types", { with: { "resolution-mode": "import" } }).SessionEntry> | undefined' is not assignable to type 'Record<string, import("I:/JieZI/JieZi-ai-PS/upstream/src/config/sessions/types", { with: { "resolution-mode": "import" } }).SessionEntry> | undefined'.
  Type 'Record<string, import("I:/JieZI/JieZi-ai-PS/src/config/sessions/types", { with: { "resolution-mode": "import" } }).SessionEntry>' is not assignable to type 'Record<string, import("I:/JieZI/JieZi-ai-PS/upstream/src/config/sessions/types", { with: { "resolution-mode": "import" } }).SessionEntry>'.
    'string' index signatures are incompatible.
      Type 'import("I:/JieZI/JieZi-ai-PS/src/config/sessions/types", { with: { "resolution-mode": "import" } }).SessionEntry' is not assignable to type 'import("I:/JieZI/JieZi-ai-PS/upstream/src/config/sessions/types", { with: { "resolution-mode": "import" } }).SessionEntry'.
        Types of property 'authProfileOverrideSource' are incompatible.
          Type '"auto" | "user" | "smart-routing" | "default-account" | undefined' is not assignable to type '"auto" | "user" | undefined'.
            Type '"smart-routing"' is not assignable to type '"auto" | "user" | undefined'.
src/auto-reply/reply/route-reply.test.ts(73,3): error TS2353: Object literal may only specify known properties, and 'httpHandlers' does not exist in type 'PluginRegistry'.
src/browser/server-context.ts(91,24): error TS2741: Property 'attachOnly' is missing in type 'import("I:/JieZI/JieZi-ai-PS/src/browser/config", { with: { "resolution-mode": "import" } }).ResolvedBrowserProfile' but required in type 'import("I:/JieZI/JieZi-ai-PS/upstream/src/browser/config", { with: { "resolution-mode": "import" } }).ResolvedBrowserProfile'.
src/browser/server-context.ts(92,42): error TS2345: Argument of type 'ProfileRuntimeState | undefined' is not assignable to parameter of type 'ProfileRuntimeState'.
  Type 'undefined' is not assignable to type 'ProfileRuntimeState'.
src/browser/server-context.ts(94,5): error TS2322: Type 'ProfileRuntimeState | undefined' is not assignable to type 'ProfileRuntimeState'.
  Type 'undefined' is not assignable to type 'ProfileRuntimeState'.
src/browser/server-context.ts(310,41): error TS2345: Argument of type 'import("I:/JieZI/JieZi-ai-PS/src/browser/config", { with: { "resolution-mode": "import" } }).ResolvedBrowserProfile' is not assignable to parameter of type 'import("I:/JieZI/JieZi-ai-PS/upstream/src/browser/config", { with: { "resolution-mode": "import" } }).ResolvedBrowserProfile'.
  Property 'attachOnly' is missing in type 'import("I:/JieZI/JieZi-ai-PS/src/browser/config", { with: { "resolution-mode": "import" } }).ResolvedBrowserProfile' but required in type 'import("I:/JieZI/JieZi-ai-PS/upstream/src/browser/config", { with: { "resolution-mode": "import" } }).ResolvedBrowserProfile'.
src/browser/server-context.ts(322,69): error TS2345: Argument of type 'import("I:/JieZI/JieZi-ai-PS/src/browser/config", { with: { "resolution-mode": "import" } }).ResolvedBrowserProfile' is not assignable to parameter of type 'import("I:/JieZI/JieZi-ai-PS/upstream/src/browser/config", { with: { "resolution-mode": "import" } }).ResolvedBrowserProfile'.
  Property 'attachOnly' is missing in type 'import("I:/JieZI/JieZi-ai-PS/src/browser/config", { with: { "resolution-mode": "import" } }).ResolvedBrowserProfile' but required in type 'import("I:/JieZI/JieZi-ai-PS/upstream/src/browser/config", { with: { "resolution-mode": "import" } }).ResolvedBrowserProfile'.
src/browser/server-context.ts(343,41): error TS2345: Argument of type 'import("I:/JieZI/JieZi-ai-PS/src/browser/config", { with: { "resolution-mode": "import" } }).ResolvedBrowserProfile' is not assignable to parameter of type 'import("I:/JieZI/JieZi-ai-PS/upstream/src/browser/config", { with: { "resolution-mode": "import" } }).ResolvedBrowserProfile'.
  Property 'attachOnly' is missing in type 'import("I:/JieZI/JieZi-ai-PS/src/browser/config", { with: { "resolution-mode": "import" } }).ResolvedBrowserProfile' but required in type 'import("I:/JieZI/JieZi-ai-PS/upstream/src/browser/config", { with: { "resolution-mode": "import" } }).ResolvedBrowserProfile'.
src/browser/server-context.ts(358,69): error TS2345: Argument of type 'import("I:/JieZI/JieZi-ai-PS/src/browser/config", { with: { "resolution-mode": "import" } }).ResolvedBrowserProfile' is not assignable to parameter of type 'import("I:/JieZI/JieZi-ai-PS/upstream/src/browser/config", { with: { "resolution-mode": "import" } }).ResolvedBrowserProfile'.
  Property 'attachOnly' is missing in type 'import("I:/JieZI/JieZi-ai-PS/src/browser/config", { with: { "resolution-mode": "import" } }).ResolvedBrowserProfile' but required in type 'import("I:/JieZI/JieZi-ai-PS/upstream/src/browser/config", { with: { "resolution-mode": "import" } }).ResolvedBrowserProfile'.
src/browser/server-context.ts(548,5): error TS2741: Property 'attachOnly' is missing in type 'import("I:/JieZI/JieZi-ai-PS/src/browser/config", { with: { "resolution-mode": "import" } }).ResolvedBrowserProfile' but required in type 'import("I:/JieZI/JieZi-ai-PS/upstream/src/browser/config", { with: { "resolution-mode": "import" } }).ResolvedBrowserProfile'.
src/browser/server.covers-additional-endpoint-branches.test.ts(193,52): error TS2345: Argument of type '() => Promise<{ targetId: string; }>' is not assignable to parameter of type '() => Promise<never>'.
  Type 'Promise<{ targetId: string; }>' is not assignable to type 'Promise<never>'.
    Type '{ targetId: string; }' is not assignable to type 'never'.
src/browser/server.serves-status-starts-browser-requested.test.ts(193,52): error TS2345: Argument of type '() => Promise<{ targetId: string; }>' is not assignable to parameter of type '() => Promise<never>'.
  Type 'Promise<{ targetId: string; }>' is not assignable to type 'Promise<never>'.
    Type '{ targetId: string; }' is not assignable to type 'never'.
src/browser/server.skips-default-maxchars-explicitly-set-zero.test.ts(193,52): error TS2345: Argument of type '() => Promise<{ targetId: string; }>' is not assignable to parameter of type '() => Promise<never>'.
  Type 'Promise<{ targetId: string; }>' is not assignable to type 'Promise<never>'.
    Type '{ targetId: string; }' is not assignable to type 'never'.
src/browser/server.skips-default-maxchars-explicitly-set-zero.test.ts(289,12): error TS2493: Tuple type '[]' of length '0' has no element at index '0'.
src/browser/server.skips-default-maxchars-explicitly-set-zero.test.ts(417,7): error TS2740: Type '{ enabled: true; controlPort: number; cdpProtocol: "http"; cdpHost: string; cdpIsLoopback: true; color: string; headless: true; noSandbox: false; attachOnly: true; defaultProfile: string; profiles: { ...; }; }' is missing the following properties from type 'ResolvedBrowserConfig': evaluateEnabled, cdpPortRangeStart, cdpPortRangeEnd, remoteCdpTimeoutMs, and 2 more.
src/channels/policy-engine-manager.ts(47,27): error TS2339: Property 'bindings' does not exist on type 'AgentChannelPolicies'.
src/channels/policy-engine-manager.ts(47,69): error TS2339: Property 'bindings' does not exist on type 'AgentChannelPolicies'.
src/channels/policy-engine-manager.ts(48,47): error TS2339: Property 'bindings' does not exist on type 'AgentChannelPolicies'.
src/channels/policy-engine-manager.ts(95,80): error TS7006: Parameter 't' implicitly has an 'any' type.
src/channels/policy-engine-manager.ts(130,57): error TS2345: Argument of type '{ type: ChannelPolicy; enabled: boolean; } | undefined' is not assignable to parameter of type 'ChannelPolicy | undefined'.
  Type '{ type: ChannelPolicy; enabled: boolean; }' is not assignable to type 'ChannelPolicy | undefined'.
    Type '{ type: ChannelPolicy; enabled: boolean; }' is not assignable to type 'PrivatePolicy | MonitorPolicy | ListenOnlyPolicy | FilterPolicy | ScheduledPolicy | ForwardPolicy | ... 5 more ... | EchoPolicy'.
      Type '{ type: ChannelPolicy; enabled: boolean; }' is not assignable to type 'EchoPolicy'.
        Types of property 'type' are incompatible.
          Type 'ChannelPolicy' is not assignable to type '"echo"'.
            Type 'PrivatePolicy' is not assignable to type '"echo"'.
src/channels/policy-engine-manager.ts(188,25): error TS2339: Property 'autoReply' does not exist on type 'PolicyExecutionResult'.
src/commands/agent.ts(125,42): error TS2345: Argument of type 'import("I:/JieZI/JieZi-ai-PS/src/config/sessions/types", { with: { "resolution-mode": "import" } }).SessionEntry | undefined' is not assignable to parameter of type 'import("I:/JieZI/JieZi-ai-PS/upstream/src/config/sessions/types", { with: { "resolution-mode": "import" } }).SessionEntry | undefined'.
  Type 'import("I:/JieZI/JieZi-ai-PS/src/config/sessions/types", { with: { "resolution-mode": "import" } }).SessionEntry' is not assignable to type 'import("I:/JieZI/JieZi-ai-PS/upstream/src/config/sessions/types", { with: { "resolution-mode": "import" } }).SessionEntry'.
    Types of property 'authProfileOverrideSource' are incompatible.
      Type '"auto" | "user" | "smart-routing" | "default-account" | undefined' is not assignable to type '"auto" | "user" | undefined'.
        Type '"smart-routing"' is not assignable to type '"auto" | "user" | undefined'.
src/commands/agent.ts(177,5): error TS2322: Type '"auto" | "user" | "smart-routing" | "default-account" | undefined' is not assignable to type '"auto" | "user" | undefined'.
  Type '"smart-routing"' is not assignable to type '"auto" | "user" | undefined'.
src/commands/agent.ts(357,7): error TS2322: Type 'import("I:/JieZI/JieZi-ai-PS/src/config/sessions/types", { with: { "resolution-mode": "import" } }).SessionEntry' is not assignable to type 'import("I:/JieZI/JieZi-ai-PS/upstream/src/config/sessions/types", { with: { "resolution-mode": "import" } }).SessionEntry'.
  Types of property 'authProfileOverrideSource' are incompatible.
    Type '"auto" | "user" | "smart-routing" | "default-account" | undefined' is not assignable to type '"auto" | "user" | undefined'.
      Type '"smart-routing"' is not assignable to type '"auto" | "user" | undefined'.
src/commands/agent.ts(368,28): error TS2345: Argument of type 'import("I:/JieZI/JieZi-ai-PS/src/config/sessions/types", { with: { "resolution-mode": "import" } }).SessionEntry' is not assignable to parameter of type 'import("I:/JieZI/JieZi-ai-PS/upstream/src/config/sessions/types", { with: { "resolution-mode": "import" } }).SessionEntry'.
  Types of property 'authProfileOverrideSource' are incompatible.
    Type '"auto" | "user" | "smart-routing" | "default-account" | undefined' is not assignable to type '"auto" | "user" | undefined'.
      Type '"smart-routing"' is not assignable to type '"auto" | "user" | undefined'.
src/commands/agent.ts(375,7): error TS2322: Type 'import("I:/JieZI/JieZi-ai-PS/src/config/sessions/types", { with: { "resolution-mode": "import" } }).SessionEntry' is not assignable to type 'import("I:/JieZI/JieZi-ai-PS/upstream/src/config/sessions/types", { with: { "resolution-mode": "import" } }).SessionEntry'.
  Types of property 'authProfileOverrideSource' are incompatible.
    Type '"auto" | "user" | "smart-routing" | "default-account" | undefined' is not assignable to type '"auto" | "user" | undefined'.
      Type '"smart-routing"' is not assignable to type '"auto" | "user" | undefined'.
src/commands/auth-choice-options.ts(330,17): error TS2345: Argument of type 'import("I:/JieZI/JieZi-ai-PS/upstream/src/commands/onboard-types", { with: { "resolution-mode": "import" } }).AuthChoice' is not assignable to parameter of type 'import("I:/JieZI/JieZi-ai-PS/src/commands/onboard-types", { with: { "resolution-mode": "import" } }).AuthChoice'.
  Type '"kilocode-api-key"' is not assignable to type 'AuthChoice'. Did you mean '"kimi-code-api-key"'?
src/commands/auth-choice.apply.api-providers.ts(356,45): error TS2345: Argument of type '{ token: string | undefined; provider: string; tokenProvider: string | undefined; expectedProviders: string[]; envLabel: string; promptMessage: string; setCredential: (apiKey: SecretInput) => Promise<...>; ... 4 more ...; prompter: WizardPrompter; }' is not assignable to parameter of type '{ token: string | undefined; tokenProvider: string | undefined; secretInputMode?: SecretInputMode | undefined; config: OpenClawConfig; expectedProviders: string[]; ... 8 more ...; noteTitle?: string | undefined; }'.
  Property 'config' is missing in type '{ token: string | undefined; provider: string; tokenProvider: string | undefined; expectedProviders: string[]; envLabel: string; promptMessage: string; setCredential: (apiKey: SecretInput) => Promise<...>; ... 4 more ...; prompter: WizardPrompter; }' but required in type '{ token: string | undefined; tokenProvider: string | undefined; secretInputMode?: SecretInputMode | undefined; config: OpenClawConfig; expectedProviders: string[]; ... 8 more ...; noteTitle?: string | undefined; }'.
src/commands/auth-choice.apply.api-providers.ts(364,29): error TS2345: Argument of type 'SecretInput' is not assignable to parameter of type 'string'.
  Type 'SecretRef' is not assignable to type 'string'.
src/commands/auth-choice.apply.api-providers.ts(404,47): error TS2345: Argument of type '{ token: string | undefined; tokenProvider: string | undefined; expectedProviders: string[]; provider: string; envLabel: string; promptMessage: string; normalize: (raw: string) => string; ... 4 more ...; noteTitle: string; }' is not assignable to parameter of type '{ token: string | undefined; tokenProvider: string | undefined; secretInputMode?: SecretInputMode | undefined; config: OpenClawConfig; expectedProviders: string[]; ... 8 more ...; noteTitle?: string | undefined; }'.
  Property 'config' is missing in type '{ token: string | undefined; tokenProvider: string | undefined; expectedProviders: string[]; provider: string; envLabel: string; promptMessage: string; normalize: (raw: string) => string; ... 4 more ...; noteTitle: string; }' but required in type '{ token: string | undefined; tokenProvider: string | undefined; secretInputMode?: SecretInputMode | undefined; config: OpenClawConfig; expectedProviders: string[]; ... 8 more ...; noteTitle?: string | undefined; }'.
src/commands/auth-choice.apply.api-providers.ts(414,59): error TS2345: Argument of type 'SecretInput' is not assignable to parameter of type 'string'.
  Type 'SecretRef' is not assignable to type 'string'.
src/commands/auth-choice.apply.api-providers.ts(438,66): error TS2551: Property 'kilocode-api-key' does not exist on type 'Partial<Record<AuthChoice, SimpleApiKeyProviderFlow>>'. Did you mean 'kimi-code-api-key'?
src/commands/auth-choice.apply.api-providers.ts(537,45): error TS2345: Argument of type '{ token: string | undefined; provider: string; tokenProvider: string | undefined; expectedProviders: string[]; envLabel: string; promptMessage: string; normalize: (raw: string) => string; validate: (value: string) => "Required" | undefined; prompter: WizardPrompter; setCredential: (apiKey: SecretInput) => Promise<.....' is not assignable to parameter of type '{ token: string | undefined; tokenProvider: string | undefined; secretInputMode?: SecretInputMode | undefined; config: OpenClawConfig; expectedProviders: string[]; ... 8 more ...; noteTitle?: string | undefined; }'.
  Property 'config' is missing in type '{ token: string | undefined; provider: string; tokenProvider: string | undefined; expectedProviders: string[]; envLabel: string; promptMessage: string; normalize: (raw: string) => string; validate: (value: string) => "Required" | undefined; prompter: WizardPrompter; setCredential: (apiKey: SecretInput) => Promise<.....' but required in type '{ token: string | undefined; tokenProvider: string | undefined; secretInputMode?: SecretInputMode | undefined; config: OpenClawConfig; expectedProviders: string[]; ... 8 more ...; noteTitle?: string | undefined; }'.
src/commands/auth-choice.apply.api-providers.ts(547,56): error TS2345: Argument of type 'SecretInput' is not assignable to parameter of type 'string'.
  Type 'SecretRef' is not assignable to type 'string'.
src/commands/auth-choice.apply.api-providers.ts(579,60): error TS2345: Argument of type '{ token: string | undefined; provider: string; tokenProvider: string | undefined; expectedProviders: string[]; envLabel: string; promptMessage: string; normalize: (raw: string) => string; validate: (value: string) => "Required" | undefined; prompter: WizardPrompter; setCredential: (apiKey: SecretInput) => Promise<.....' is not assignable to parameter of type '{ token: string | undefined; tokenProvider: string | undefined; secretInputMode?: SecretInputMode | undefined; config: OpenClawConfig; expectedProviders: string[]; ... 8 more ...; noteTitle?: string | undefined; }'.
  Property 'config' is missing in type '{ token: string | undefined; provider: string; tokenProvider: string | undefined; expectedProviders: string[]; envLabel: string; promptMessage: string; normalize: (raw: string) => string; validate: (value: string) => "Required" | undefined; prompter: WizardPrompter; setCredential: (apiKey: SecretInput) => Promise<.....' but required in type '{ token: string | undefined; tokenProvider: string | undefined; secretInputMode?: SecretInputMode | undefined; config: OpenClawConfig; expectedProviders: string[]; ... 8 more ...; noteTitle?: string | undefined; }'.
src/commands/auth-choice.apply.api-providers.ts(589,53): error TS2345: Argument of type 'SecretInput' is not assignable to parameter of type 'string'.
  Type 'SecretRef' is not assignable to type 'string'.
src/commands/auth-choice.default-model.test.ts(11,25): error TS2322: Type 'Promise<string>' is not assignable to type 'Promise<T>'.
  Type 'string' is not assignable to type 'T'.
    'T' could be instantiated with an arbitrary type which could be unrelated to 'string'.
src/commands/configure.wizard.ts(209,7): error TS2322: Type 'SecretInput | undefined' is not assignable to type 'string | undefined'.
  Type 'SecretRef' is not assignable to type 'string'.
src/commands/configure.wizard.ts(210,7): error TS2322: Type 'SecretInput | undefined' is not assignable to type 'string | undefined'.
  Type 'SecretRef' is not assignable to type 'string'.
src/commands/configure.wizard.ts(216,11): error TS2322: Type 'SecretInput | undefined' is not assignable to type 'string | undefined'.
  Type 'SecretRef' is not assignable to type 'string'.
src/commands/configure.wizard.ts(274,9): error TS2322: Type 'SecretInput | undefined' is not assignable to type 'string | undefined'.
  Type 'SecretRef' is not assignable to type 'string'.
src/commands/configure.wizard.ts(405,64): error TS2353: Object literal may only specify known properties, and 'gatewayToken' does not exist in type '{ runtime: RuntimeEnv; port: number; daemonRuntime?: GatewayDaemonRuntime | undefined; }'.
src/commands/configure.wizard.ts(423,11): error TS2322: Type 'SecretInput | undefined' is not assignable to type 'string | undefined'.
  Type 'SecretRef' is not assignable to type 'string'.
src/commands/configure.wizard.ts(424,11): error TS2322: Type 'SecretInput | undefined' is not assignable to type 'string | undefined'.
  Type 'SecretRef' is not assignable to type 'string'.
src/commands/configure.wizard.ts(520,13): error TS2353: Object literal may only specify known properties, and 'gatewayToken' does not exist in type '{ runtime: RuntimeEnv; port: number; daemonRuntime?: GatewayDaemonRuntime | undefined; }'.
src/commands/configure.wizard.ts(539,13): error TS2322: Type 'SecretInput | undefined' is not assignable to type 'string | undefined'.
  Type 'SecretRef' is not assignable to type 'string'.
src/commands/configure.wizard.ts(540,13): error TS2322: Type 'SecretInput | undefined' is not assignable to type 'string | undefined'.
  Type 'SecretRef' is not assignable to type 'string'.
src/commands/configure.wizard.ts(589,7): error TS2322: Type 'SecretInput | undefined' is not assignable to type 'string | undefined'.
  Type 'SecretRef' is not assignable to type 'string'.
src/commands/configure.wizard.ts(590,7): error TS2322: Type 'SecretInput | undefined' is not assignable to type 'string | undefined'.
  Type 'SecretRef' is not assignable to type 'string'.
src/commands/configure.wizard.ts(596,9): error TS2322: Type 'SecretInput | undefined' is not assignable to type 'string | undefined'.
  Type 'SecretRef' is not assignable to type 'string'.
src/commands/configure.wizard.ts(597,9): error TS2322: Type 'SecretInput' is not assignable to type 'string | undefined'.
  Type 'SecretRef' is not assignable to type 'string'.
src/commands/doctor-memory-search.ts(28,61): error TS2339: Property 'trim' does not exist on type 'SecretInput'.
  Property 'trim' does not exist on type 'SecretRef'.
src/commands/doctor-memory-search.ts(63,56): error TS2345: Argument of type '"openai" | "voyage" | "mistral" | "ollama" | "gemini"' is not assignable to parameter of type '"openai" | "voyage" | "mistral" | "gemini"'.
  Type '"ollama"' is not assignable to type '"openai" | "voyage" | "mistral" | "gemini"'.
src/commands/doctor.falls-back-legacy-sandbox-image-missing.test.ts(183,5): error TS2698: Spread types may only be created from object types.
src/commands/doctor.falls-back-legacy-sandbox-image-missing.test.ts(230,5): error TS2698: Spread types may only be created from object types.
src/commands/doctor.falls-back-legacy-sandbox-image-missing.test.ts(272,5): error TS2698: Spread types may only be created from object types.
src/commands/doctor.falls-back-legacy-sandbox-image-missing.test.ts(351,33): error TS2339: Property 'mockResolvedValueOnce' does not exist on type '(params: { cfg: OpenClawConfig; env?: ProcessEnv | undefined; homedir?: (() => string) | undefined; }) => Promise<LegacyStateDetection>'.
src/commands/doctor.falls-back-legacy-sandbox-image-missing.test.ts(375,30): error TS2339: Property 'mockResolvedValueOnce' does not exist on type '(params: { detected: LegacyStateDetection; now?: (() => number) | undefined; }) => Promise<{ changes: string[]; warnings: string[]; }>'.
src/commands/onboard-custom.ts(544,63): error TS2339: Property 'trim' does not exist on type 'SecretInput'.
  Property 'trim' does not exist on type 'SecretRef'.
src/commands/onboard-non-interactive.litellm.test.ts(55,9): error TS2345: Argument of type '{ log: () => void; error: (msg: string) => never; exit: (code: number) => never; }' is not assignable to parameter of type 'RuntimeEnv'.
  Types of property 'error' are incompatible.
    Type '(msg: string) => never' is not assignable to type '(...args: unknown[]) => void'.
      Types of parameters 'msg' and 'args' are incompatible.
        Type 'unknown' is not assignable to type 'string'.
src/commands/onboard-non-interactive.token.test.ts(59,9): error TS2345: Argument of type '{ log: () => void; error: (msg: string) => never; exit: (code: number) => never; }' is not assignable to parameter of type 'RuntimeEnv'.
  Types of property 'error' are incompatible.
    Type '(msg: string) => never' is not assignable to type '(...args: unknown[]) => void'.
      Types of parameters 'msg' and 'args' are incompatible.
        Type 'unknown' is not assignable to type 'string'.
src/commands/onboard-non-interactive.xai.test.ts(55,9): error TS2345: Argument of type '{ log: () => void; error: (msg: string) => never; exit: (code: number) => never; }' is not assignable to parameter of type 'RuntimeEnv'.
  Types of property 'error' are incompatible.
    Type '(msg: string) => never' is not assignable to type '(...args: unknown[]) => void'.
      Types of parameters 'msg' and 'args' are incompatible.
        Type 'unknown' is not assignable to type 'string'.
src/commands/onboard-non-interactive/local/auth-choice.ts(16,3): error TS2724: '"../../onboard-auth.js"' has no exported member named 'applyKilocodeConfig'. Did you mean 'applyKimiCodeConfig'?
src/commands/onboard-non-interactive/local/auth-choice.ts(41,3): error TS2305: Module '"../../onboard-auth.js"' has no exported member 'setKilocodeApiKey'.
src/commands/onboard-non-interactive/local/auth-choice.ts(84,71): error TS2339: Property 'secretInputMode' does not exist on type 'OnboardOptions'.
src/commands/onboard-non-interactive/local/auth-choice.ts(85,12): error TS2339: Property 'secretInputMode' does not exist on type 'OnboardOptions'.
src/commands/onboard-non-interactive/local/auth-choice.ts(186,46): error TS2554: Expected 1-2 arguments, but got 3.
src/commands/onboard-non-interactive/local/auth-choice.ts(267,43): error TS2554: Expected 1-2 arguments, but got 3.
src/commands/onboard-non-interactive/local/auth-choice.ts(300,40): error TS2554: Expected 1-2 arguments, but got 3.
src/commands/onboard-non-interactive/local/auth-choice.ts(353,43): error TS2554: Expected 1-2 arguments, but got 3.
src/commands/onboard-non-interactive/local/auth-choice.ts(380,40): error TS2554: Expected 1-2 arguments, but got 3.
src/commands/onboard-non-interactive/local/auth-choice.ts(407,44): error TS2554: Expected 1-2 arguments, but got 3.
src/commands/onboard-non-interactive/local/auth-choice.ts(488,44): error TS2554: Expected 1-2 arguments, but got 3.
src/commands/onboard-non-interactive/local/auth-choice.ts(542,47): error TS2554: Expected 1-2 arguments, but got 3.
src/commands/onboard-non-interactive/local/auth-choice.ts(555,7): error TS2367: This comparison appears to be unintentional because the types '"github-copilot" | "chutes" | "qwen-portal" | "minimax-portal" | "minimax" | "oauth" | "openai-codex" | "google-gemini-cli" | "opencode-zen" | "skip" | "copilot-proxy" | "litellm-api-key" | ... 13 more ... | "custom-api-key"' and '"kilocode-api-key"' have no overlap.
src/commands/onboard-non-interactive/local/auth-choice.ts(559,23): error TS2551: Property 'kilocodeApiKey' does not exist on type 'OnboardOptions'. Did you mean 'kimiCodeApiKey'?
src/commands/onboard-non-interactive/local/auth-choice.ts(596,44): error TS2554: Expected 1-2 arguments, but got 3.
src/commands/onboard-non-interactive/local/auth-choice.ts(623,52): error TS2554: Expected 1-2 arguments, but got 3.
src/commands/onboard-non-interactive/local/auth-choice.ts(670,9): error TS2554: Expected 3-4 arguments, but got 5.
src/commands/onboard-non-interactive/local/auth-choice.ts(700,45): error TS2554: Expected 1-2 arguments, but got 3.
src/commands/onboard-non-interactive/local/auth-choice.ts(735,47): error TS2554: Expected 1-2 arguments, but got 3.
src/commands/onboard-non-interactive/local/auth-choice.ts(762,46): error TS2554: Expected 1-2 arguments, but got 3.
src/commands/onboard-non-interactive/local/auth-choice.ts(789,43): error TS2554: Expected 1-2 arguments, but got 3.
src/commands/onboard-non-interactive/local/auth-choice.ts(824,55): error TS2554: Expected 1-3 arguments, but got 4.
src/commands/onboard-non-interactive/local/auth-choice.ts(859,48): error TS2554: Expected 1-2 arguments, but got 3.
src/commands/onboard-non-interactive/local/auth-choice.ts(886,45): error TS2554: Expected 1-2 arguments, but got 3.
src/commands/onboard-non-interactive/local/auth-choice.ts(913,48): error TS2554: Expected 1-2 arguments, but got 3.
src/commands/onboard-non-interactive/local/auth-choice.ts(968,9): error TS2322: Type 'SecretInput | undefined' is not assignable to type 'string | undefined'.
  Type 'SecretRef' is not assignable to type 'string'.
src/config/sessions/store.ts(894,9): error TS2322: Type 'import("I:/JieZI/JieZi-ai-PS/src/config/sessions/types", { with: { "resolution-mode": "import" } }).SessionEntry | undefined' is not assignable to type 'import("I:/JieZI/JieZi-ai-PS/upstream/src/config/sessions/types", { with: { "resolution-mode": "import" } }).SessionEntry | undefined'.
  Type 'import("I:/JieZI/JieZi-ai-PS/src/config/sessions/types", { with: { "resolution-mode": "import" } }).SessionEntry' is not assignable to type 'import("I:/JieZI/JieZi-ai-PS/upstream/src/config/sessions/types", { with: { "resolution-mode": "import" } }).SessionEntry'.
    Types of property 'authProfileOverrideSource' are incompatible.
      Type '"auto" | "user" | "smart-routing" | "default-account" | undefined' is not assignable to type '"auto" | "user" | undefined'.
        Type '"smart-routing"' is not assignable to type '"auto" | "user" | undefined'.
src/config/sessions/store.ts(977,11): error TS2322: Type 'import("I:/JieZI/JieZi-ai-PS/src/config/sessions/types", { with: { "resolution-mode": "import" } }).SessionEntry | undefined' is not assignable to type 'import("I:/JieZI/JieZi-ai-PS/upstream/src/config/sessions/types", { with: { "resolution-mode": "import" } }).SessionEntry | undefined'.
  Type 'import("I:/JieZI/JieZi-ai-PS/src/config/sessions/types", { with: { "resolution-mode": "import" } }).SessionEntry' is not assignable to type 'import("I:/JieZI/JieZi-ai-PS/upstream/src/config/sessions/types", { with: { "resolution-mode": "import" } }).SessionEntry'.
    Types of property 'authProfileOverrideSource' are incompatible.
      Type '"auto" | "user" | "smart-routing" | "default-account" | undefined' is not assignable to type '"auto" | "user" | undefined'.
        Type '"smart-routing"' is not assignable to type '"auto" | "user" | undefined'.
src/config/types.groups.ts(7,38): error TS2835: Relative import paths need explicit file extensions in ECMAScript imports when '--moduleResolution' is 'node16' or 'nodenext'. Did you mean '../workspace/types.js'?
src/discord/monitor.slash.test.ts(66,48): error TS2345: Argument of type '{ command: { name: string; description: string; acceptsArgs: true; }; cfg: OpenClawConfig; discordConfig: any; accountId: string; sessionPrefix: string; ephemeralDefault: true; }' is not assignable to parameter of type '{ command: NativeCommandSpec; cfg: OpenClawConfig; discordConfig: DiscordConfig | undefined; accountId: string; sessionPrefix: string; ephemeralDefault: boolean; threadBindings: ThreadBindingManager; }'.
  Property 'threadBindings' is missing in type '{ command: { name: string; description: string; acceptsArgs: true; }; cfg: OpenClawConfig; discordConfig: any; accountId: string; sessionPrefix: string; ephemeralDefault: true; }' but required in type '{ command: NativeCommandSpec; cfg: OpenClawConfig; discordConfig: DiscordConfig | undefined; accountId: string; sessionPrefix: string; ephemeralDefault: boolean; threadBindings: ThreadBindingManager; }'.
src/discord/monitor.slash.test.ts(73,26): error TS2339: Property 'discord' does not exist on type 'OpenClawConfig'.
src/discord/monitor.slash.test.ts(83,7): error TS2740: Type '{ id: string; username: string; globalName: string; }' is missing the following properties from type 'User<false>': _rawData, setData, rawData, partial, and 15 more.
src/discord/monitor.slash.test.ts(84,7): error TS2322: Type '{ type: ChannelType.DM; }' is not assignable to type 'DmChannel<false> | GroupDmChannel<false> | GuildTextChannel<false> | GuildVoiceChannel<false> | GuildCategoryChannel<false> | ... 5 more ... | null'.
  Type '{ type: ChannelType.DM; }' is missing the following properties from type 'DmChannel<false>': name, send, triggerTyping, _rawData, and 9 more.
src/discord/monitor.slash.test.ts(86,7): error TS2322: Type '{ id: string; }' is not assignable to type 'Readonly<APIApplicationCommandInteraction>'.
  Type '{ id: string; }' is missing the following properties from type 'Readonly<APIPrimaryEntryPointCommandInteraction>': application_id, type, data, channel, and 8 more.
src/discord/monitor.slash.test.ts(87,7): error TS2740: Type '{ getString: Mock<Procedure>; }' is missing the following properties from type 'OptionsHandler': raw, resolved, getInteger, getNumber, and 10 more.
src/discord/monitor/agent-components.ts(486,65): error TS2345: Argument of type '{ channel: "discord"; id: string; meta: { tag: string; name: string; }; }' is not assignable to parameter of type '{ channel: ChannelId; id: string | number; accountId: string; meta?: Record<string, string | null | undefined> | undefined; env?: ProcessEnv | undefined; pairingAdapter?: ChannelPairingAdapter | undefined; }'.
  Property 'accountId' is missing in type '{ channel: "discord"; id: string; meta: { tag: string; name: string; }; }' but required in type '{ channel: ChannelId; id: string | number; accountId: string; meta?: Record<string, string | null | undefined> | undefined; env?: ProcessEnv | undefined; pairingAdapter?: ChannelPairingAdapter | undefined; }'.
src/discord/monitor/message-handler.preflight.ts(200,71): error TS2345: Argument of type '{ channel: "discord"; id: any; meta: { tag: string; name: any; }; }' is not assignable to parameter of type '{ channel: ChannelId; id: string | number; accountId: string; meta?: Record<string, string | null | undefined> | undefined; env?: ProcessEnv | undefined; pairingAdapter?: ChannelPairingAdapter | undefined; }'.
  Property 'accountId' is missing in type '{ channel: "discord"; id: any; meta: { tag: string; name: any; }; }' but required in type '{ channel: ChannelId; id: string | number; accountId: string; meta?: Record<string, string | null | undefined> | undefined; env?: ProcessEnv | undefined; pairingAdapter?: ChannelPairingAdapter | undefined; }'.
src/discord/monitor/native-command.ts(436,7): error TS2322: Type 'import("I:/JieZI/JieZi-ai-PS/src/config/sessions/types", { with: { "resolution-mode": "import" } }).SessionEntry' is not assignable to type 'import("I:/JieZI/JieZi-ai-PS/upstream/src/config/sessions/types", { with: { "resolution-mode": "import" } }).SessionEntry'.
  Types of property 'authProfileOverrideSource' are incompatible.
    Type '"auto" | "user" | "smart-routing" | "default-account" | undefined' is not assignable to type '"auto" | "user" | undefined'.
      Type '"smart-routing"' is not assignable to type '"auto" | "user" | undefined'.
src/discord/monitor/native-command.ts(437,7): error TS2322: Type 'Record<string, import("I:/JieZI/JieZi-ai-PS/src/config/sessions/types", { with: { "resolution-mode": "import" } }).SessionEntry>' is not assignable to type 'Record<string, import("I:/JieZI/JieZi-ai-PS/upstream/src/config/sessions/types", { with: { "resolution-mode": "import" } }).SessionEntry>'.
  'string' index signatures are incompatible.
    Type 'import("I:/JieZI/JieZi-ai-PS/src/config/sessions/types", { with: { "resolution-mode": "import" } }).SessionEntry' is not assignable to type 'import("I:/JieZI/JieZi-ai-PS/upstream/src/config/sessions/types", { with: { "resolution-mode": "import" } }).SessionEntry'.
      Types of property 'authProfileOverrideSource' are incompatible.
        Type '"auto" | "user" | "smart-routing" | "default-account" | undefined' is not assignable to type '"auto" | "user" | undefined'.
          Type '"smart-routing"' is not assignable to type '"auto" | "user" | undefined'.
src/discord/monitor/native-command.ts(1375,71): error TS2345: Argument of type '{ channel: "discord"; id: string; meta: { tag: string | undefined; name: string | undefined; }; }' is not assignable to parameter of type '{ channel: ChannelId; id: string | number; accountId: string; meta?: Record<string, string | null | undefined> | undefined; env?: ProcessEnv | undefined; pairingAdapter?: ChannelPairingAdapter | undefined; }'.
  Property 'accountId' is missing in type '{ channel: "discord"; id: string; meta: { tag: string | undefined; name: string | undefined; }; }' but required in type '{ channel: ChannelId; id: string | number; accountId: string; meta?: Record<string, string | null | undefined> | undefined; env?: ProcessEnv | undefined; pairingAdapter?: ChannelPairingAdapter | undefined; }'.
src/discord/monitor/provider.ts(237,17): error TS2554: Expected 2 arguments, but got 1.
src/discord/monitor/provider.ts(283,37): error TS2339: Property 'ttlHours' does not exist on type 'DiscordThreadBindingsConfig'.
src/discord/monitor/provider.ts(283,76): error TS2339: Property 'ttlHours' does not exist on type 'DiscordThreadBindingsConfig'.
src/discord/monitor/provider.ts(284,54): error TS2339: Property 'ttlHours' does not exist on type 'SessionThreadBindingsConfig'.
src/discord/monitor/provider.ts(363,9): error TS2353: Object literal may only specify known properties, and 'sessionTtlMs' does not exist in type '{ accountId?: string | undefined; token?: string | undefined; persist?: boolean | undefined; enableSweeper?: boolean | undefined; idleTimeoutMs?: number | undefined; maxAgeMs?: number | undefined; }'.
src/discord/monitor/provider.ts(448,50): error TS2345: Argument of type '{ cfg: OpenClawConfig; discordConfig: DiscordAccountConfig; accountId: string; guildEntries: Record<string, DiscordGuildEntry> | undefined; allowFrom: string[] | undefined; dmPolicy: DmPolicy; runtime: RuntimeEnv; token: string; }' is not assignable to parameter of type 'AgentComponentContext'.
  The types of 'discordConfig.token' are incompatible between these types.
    Type 'SecretInput | undefined' is not assignable to type 'string | undefined'.
      Type 'SecretRef' is not assignable to type 'string'.
src/discord/monitor/provider.ts(449,45): error TS2345: Argument of type '{ cfg: OpenClawConfig; discordConfig: DiscordAccountConfig; accountId: string; guildEntries: Record<string, DiscordGuildEntry> | undefined; allowFrom: string[] | undefined; dmPolicy: DmPolicy; runtime: RuntimeEnv; token: string; }' is not assignable to parameter of type 'AgentComponentContext'.
  The types of 'discordConfig.token' are incompatible between these types.
    Type 'SecretInput | undefined' is not assignable to type 'string | undefined'.
      Type 'SecretRef' is not assignable to type 'string'.
src/discord/monitor/provider.ts(450,52): error TS2345: Argument of type '{ cfg: OpenClawConfig; discordConfig: DiscordAccountConfig; accountId: string; guildEntries: Record<string, DiscordGuildEntry> | undefined; allowFrom: string[] | undefined; dmPolicy: DmPolicy; runtime: RuntimeEnv; token: string; }' is not assignable to parameter of type 'AgentComponentContext'.
  The types of 'discordConfig.token' are incompatible between these types.
    Type 'SecretInput | undefined' is not assignable to type 'string | undefined'.
      Type 'SecretRef' is not assignable to type 'string'.
src/discord/monitor/provider.ts(451,58): error TS2345: Argument of type '{ cfg: OpenClawConfig; discordConfig: DiscordAccountConfig; accountId: string; guildEntries: Record<string, DiscordGuildEntry> | undefined; allowFrom: string[] | undefined; dmPolicy: DmPolicy; runtime: RuntimeEnv; token: string; }' is not assignable to parameter of type 'AgentComponentContext'.
  The types of 'discordConfig.token' are incompatible between these types.
    Type 'SecretInput | undefined' is not assignable to type 'string | undefined'.
      Type 'SecretRef' is not assignable to type 'string'.
src/discord/monitor/provider.ts(452,56): error TS2345: Argument of type '{ cfg: OpenClawConfig; discordConfig: DiscordAccountConfig; accountId: string; guildEntries: Record<string, DiscordGuildEntry> | undefined; allowFrom: string[] | undefined; dmPolicy: DmPolicy; runtime: RuntimeEnv; token: string; }' is not assignable to parameter of type 'AgentComponentContext'.
  The types of 'discordConfig.token' are incompatible between these types.
    Type 'SecretInput | undefined' is not assignable to type 'string | undefined'.
      Type 'SecretRef' is not assignable to type 'string'.
src/discord/monitor/provider.ts(453,56): error TS2345: Argument of type '{ cfg: OpenClawConfig; discordConfig: DiscordAccountConfig; accountId: string; guildEntries: Record<string, DiscordGuildEntry> | undefined; allowFrom: string[] | undefined; dmPolicy: DmPolicy; runtime: RuntimeEnv; token: string; }' is not assignable to parameter of type 'AgentComponentContext'.
  The types of 'discordConfig.token' are incompatible between these types.
    Type 'SecretInput | undefined' is not assignable to type 'string | undefined'.
      Type 'SecretRef' is not assignable to type 'string'.
src/discord/monitor/provider.ts(454,63): error TS2345: Argument of type '{ cfg: OpenClawConfig; discordConfig: DiscordAccountConfig; accountId: string; guildEntries: Record<string, DiscordGuildEntry> | undefined; allowFrom: string[] | undefined; dmPolicy: DmPolicy; runtime: RuntimeEnv; token: string; }' is not assignable to parameter of type 'AgentComponentContext'.
  The types of 'discordConfig.token' are incompatible between these types.
    Type 'SecretInput | undefined' is not assignable to type 'string | undefined'.
      Type 'SecretRef' is not assignable to type 'string'.
src/discord/monitor/provider.ts(455,59): error TS2345: Argument of type '{ cfg: OpenClawConfig; discordConfig: DiscordAccountConfig; accountId: string; guildEntries: Record<string, DiscordGuildEntry> | undefined; allowFrom: string[] | undefined; dmPolicy: DmPolicy; runtime: RuntimeEnv; token: string; }' is not assignable to parameter of type 'AgentComponentContext'.
  The types of 'discordConfig.token' are incompatible between these types.
    Type 'SecretInput | undefined' is not assignable to type 'string | undefined'.
      Type 'SecretRef' is not assignable to type 'string'.
src/discord/monitor/provider.ts(456,47): error TS2345: Argument of type '{ cfg: OpenClawConfig; discordConfig: DiscordAccountConfig; accountId: string; guildEntries: Record<string, DiscordGuildEntry> | undefined; allowFrom: string[] | undefined; dmPolicy: DmPolicy; runtime: RuntimeEnv; token: string; }' is not assignable to parameter of type 'AgentComponentContext'.
  The types of 'discordConfig.token' are incompatible between these types.
    Type 'SecretInput | undefined' is not assignable to type 'string | undefined'.
      Type 'SecretRef' is not assignable to type 'string'.
src/discord/monitor/provider.ts(595,7): error TS2322: Type 'import("I:/JieZI/JieZi-ai-PS/src/discord/voice/manager", { with: { "resolution-mode": "import" } }).DiscordVoiceManager | null' is not assignable to type 'import("I:/JieZI/JieZi-ai-PS/upstream/src/discord/voice/manager", { with: { "resolution-mode": "import" } }).DiscordVoiceManager | null'.
  Type 'DiscordVoiceManager' is missing the following properties from type 'DiscordVoiceManager': ownerAllowFrom, allowDangerousNameMatching, speakerContextCache, handleReceiveError, and 8 more.
src/discord/monitor/provider.ts(596,7): error TS2322: Type '{ current: import("I:/JieZI/JieZi-ai-PS/src/discord/voice/manager", { with: { "resolution-mode": "import" } }).DiscordVoiceManager | null; }' is not assignable to type '{ current: import("I:/JieZI/JieZi-ai-PS/upstream/src/discord/voice/manager", { with: { "resolution-mode": "import" } }).DiscordVoiceManager | null; }'.
  Types of property 'current' are incompatible.
    Type 'import("I:/JieZI/JieZi-ai-PS/src/discord/voice/manager", { with: { "resolution-mode": "import" } }).DiscordVoiceManager | null' is not assignable to type 'import("I:/JieZI/JieZi-ai-PS/upstream/src/discord/voice/manager", { with: { "resolution-mode": "import" } }).DiscordVoiceManager | null'.
      Type 'DiscordVoiceManager' is missing the following properties from type 'DiscordVoiceManager': ownerAllowFrom, allowDangerousNameMatching, speakerContextCache, handleReceiveError, and 8 more.
src/gateway/rpc/agent-config.ts(10,15): error TS2305: Module '"../../config/types.js"' has no exported member 'ConfigAgent'.
src/gateway/rpc/agent-config.ts(19,10): error TS2339: Property 'registerMethod' does not exist on type 'GatewayServer'.
src/gateway/rpc/agent-config.ts(20,10): error TS2339: Property 'registerMethod' does not exist on type 'GatewayServer'.
src/gateway/rpc/agent-config.ts(23,10): error TS2339: Property 'registerMethod' does not exist on type 'GatewayServer'.
src/gateway/rpc/agent-config.ts(24,10): error TS2339: Property 'registerMethod' does not exist on type 'GatewayServer'.
src/gateway/rpc/organization.ts(15,10): error TS2339: Property 'registerMethod' does not exist on type 'GatewayServer'.
src/gateway/rpc/permissions.ts(21,10): error TS2339: Property 'registerMethod' does not exist on type 'GatewayServer'.
src/gateway/rpc/permissions.ts(22,10): error TS2339: Property 'registerMethod' does not exist on type 'GatewayServer'.
src/gateway/rpc/permissions.ts(23,10): error TS2339: Property 'registerMethod' does not exist on type 'GatewayServer'.
src/gateway/rpc/permissions.ts(26,10): error TS2339: Property 'registerMethod' does not exist on type 'GatewayServer'.
src/gateway/rpc/permissions.ts(27,10): error TS2339: Property 'registerMethod' does not exist on type 'GatewayServer'.
src/gateway/rpc/permissions.ts(43,33): error TS2339: Property 'UNAUTHORIZED' does not exist on type '{ readonly NOT_LINKED: "NOT_LINKED"; readonly NOT_PAIRED: "NOT_PAIRED"; readonly AGENT_TIMEOUT: "AGENT_TIMEOUT"; readonly INVALID_REQUEST: "INVALID_REQUEST"; readonly UNAVAILABLE: "UNAVAILABLE"; }'.
src/gateway/rpc/permissions.ts(56,33): error TS2339: Property 'PERMISSION_DENIED' does not exist on type '{ readonly NOT_LINKED: "NOT_LINKED"; readonly NOT_PAIRED: "NOT_PAIRED"; readonly AGENT_TIMEOUT: "AGENT_TIMEOUT"; readonly INVALID_REQUEST: "INVALID_REQUEST"; readonly UNAVAILABLE: "UNAVAILABLE"; }'.
src/gateway/rpc/permissions.ts(99,33): error TS2339: Property 'UNAUTHORIZED' does not exist on type '{ readonly NOT_LINKED: "NOT_LINKED"; readonly NOT_PAIRED: "NOT_PAIRED"; readonly AGENT_TIMEOUT: "AGENT_TIMEOUT"; readonly INVALID_REQUEST: "INVALID_REQUEST"; readonly UNAVAILABLE: "UNAVAILABLE"; }'.
src/gateway/rpc/permissions.ts(120,33): error TS2339: Property 'PERMISSION_DENIED' does not exist on type '{ readonly NOT_LINKED: "NOT_LINKED"; readonly NOT_PAIRED: "NOT_PAIRED"; readonly AGENT_TIMEOUT: "AGENT_TIMEOUT"; readonly INVALID_REQUEST: "INVALID_REQUEST"; readonly UNAVAILABLE: "UNAVAILABLE"; }'.
src/gateway/rpc/permissions.ts(147,33): error TS2339: Property 'UNAUTHORIZED' does not exist on type '{ readonly NOT_LINKED: "NOT_LINKED"; readonly NOT_PAIRED: "NOT_PAIRED"; readonly AGENT_TIMEOUT: "AGENT_TIMEOUT"; readonly INVALID_REQUEST: "INVALID_REQUEST"; readonly UNAVAILABLE: "UNAVAILABLE"; }'.
src/gateway/rpc/permissions.ts(160,33): error TS2339: Property 'PERMISSION_DENIED' does not exist on type '{ readonly NOT_LINKED: "NOT_LINKED"; readonly NOT_PAIRED: "NOT_PAIRED"; readonly AGENT_TIMEOUT: "AGENT_TIMEOUT"; readonly INVALID_REQUEST: "INVALID_REQUEST"; readonly UNAVAILABLE: "UNAVAILABLE"; }'.
src/gateway/rpc/permissions.ts(190,33): error TS2339: Property 'UNAUTHORIZED' does not exist on type '{ readonly NOT_LINKED: "NOT_LINKED"; readonly NOT_PAIRED: "NOT_PAIRED"; readonly AGENT_TIMEOUT: "AGENT_TIMEOUT"; readonly INVALID_REQUEST: "INVALID_REQUEST"; readonly UNAVAILABLE: "UNAVAILABLE"; }'.
src/gateway/rpc/permissions.ts(203,33): error TS2339: Property 'PERMISSION_DENIED' does not exist on type '{ readonly NOT_LINKED: "NOT_LINKED"; readonly NOT_PAIRED: "NOT_PAIRED"; readonly AGENT_TIMEOUT: "AGENT_TIMEOUT"; readonly INVALID_REQUEST: "INVALID_REQUEST"; readonly UNAVAILABLE: "UNAVAILABLE"; }'.
src/gateway/rpc/permissions.ts(224,5): error TS2322: Type 'unknown[]' is not assignable to type 'AdvancedApprovalRequest[]'.
  Type 'unknown' is not assignable to type 'AdvancedApprovalRequest'.
src/gateway/rpc/permissions.ts(259,33): error TS2339: Property 'UNAUTHORIZED' does not exist on type '{ readonly NOT_LINKED: "NOT_LINKED"; readonly NOT_PAIRED: "NOT_PAIRED"; readonly AGENT_TIMEOUT: "AGENT_TIMEOUT"; readonly INVALID_REQUEST: "INVALID_REQUEST"; readonly UNAVAILABLE: "UNAVAILABLE"; }'.
src/gateway/rpc/permissions.ts(271,33): error TS2339: Property 'PERMISSION_DENIED' does not exist on type '{ readonly NOT_LINKED: "NOT_LINKED"; readonly NOT_PAIRED: "NOT_PAIRED"; readonly AGENT_TIMEOUT: "AGENT_TIMEOUT"; readonly INVALID_REQUEST: "INVALID_REQUEST"; readonly UNAVAILABLE: "UNAVAILABLE"; }'.
src/gateway/server-cron.ts(205,61): error TS2339: Property 'trim' does not exist on type 'SecretInput'.
  Property 'trim' does not exist on type 'SecretRef'.
src/gateway/server-methods/agent.ts(416,9): error TS2322: Type 'import("I:/JieZI/JieZi-ai-PS/src/config/sessions/types", { with: { "resolution-mode": "import" } }).SessionEntry' is not assignable to type 'import("I:/JieZI/JieZi-ai-PS/upstream/src/config/sessions/types", { with: { "resolution-mode": "import" } }).SessionEntry'.
  Types of property 'authProfileOverrideSource' are incompatible.
    Type '"auto" | "user" | "smart-routing" | "default-account" | undefined' is not assignable to type '"auto" | "user" | undefined'.
      Type '"smart-routing"' is not assignable to type '"auto" | "user" | undefined'.
src/gateway/server-methods/agent.ts(439,13): error TS2353: Object literal may only specify known properties, and 'store' does not exist in type '{ cfg: OpenClawConfig; key: string; }'.
src/gateway/server-methods/channel-manager.ts(33,9): error TS2322: Type 'number' is not assignable to type 'string'.
src/gateway/server-methods/channel-manager.ts(54,9): error TS2322: Type 'number' is not assignable to type 'string'.
src/gateway/server-methods/channel-manager.ts(76,9): error TS2322: Type 'number' is not assignable to type 'string'.
src/gateway/server-methods/channel-manager.ts(97,9): error TS2322: Type 'number' is not assignable to type 'string'.
src/gateway/server-methods/channel-manager.ts(118,9): error TS2322: Type 'number' is not assignable to type 'string'.
src/gateway/server-methods/channel-manager.ts(139,9): error TS2322: Type 'number' is not assignable to type 'string'.
src/gateway/server-methods/channel-manager.ts(161,9): error TS2322: Type 'number' is not assignable to type 'string'.
src/gateway/server-methods/channel-manager.ts(182,9): error TS2322: Type 'number' is not assignable to type 'string'.
src/gateway/server-methods/channel-manager.ts(200,9): error TS2322: Type 'number' is not assignable to type 'string'.
src/gateway/server-methods/channel-manager.ts(221,9): error TS2322: Type 'number' is not assignable to type 'string'.
src/gateway/server-methods/channel-manager.ts(242,9): error TS2322: Type 'number' is not assignable to type 'string'.
src/gateway/server-methods/channel-manager.ts(264,9): error TS2322: Type 'number' is not assignable to type 'string'.
src/gateway/server-methods/chat.inject.parentid.test.ts(2,8): error TS2300: Duplicate identifier 'fs'.
src/gateway/server-methods/chat.inject.parentid.test.ts(5,10): error TS2300: Duplicate identifier 'describe'.
src/gateway/server-methods/chat.inject.parentid.test.ts(5,20): error TS2300: Duplicate identifier 'expect'.
src/gateway/server-methods/chat.inject.parentid.test.ts(5,28): error TS2300: Duplicate identifier 'it'.
src/gateway/server-methods/chat.inject.parentid.test.ts(7,8): error TS2300: Duplicate identifier 'fs'.
src/gateway/server-methods/chat.inject.parentid.test.ts(8,10): error TS2300: Duplicate identifier 'describe'.
src/gateway/server-methods/chat.inject.parentid.test.ts(8,20): error TS2300: Duplicate identifier 'expect'.
src/gateway/server-methods/chat.inject.parentid.test.ts(8,28): error TS2300: Duplicate identifier 'it'.
src/gateway/server-methods/chat.inject.parentid.test.ts(16,11): error TS2451: Cannot redeclare block-scoped variable 'dir'.
src/gateway/server-methods/chat.inject.parentid.test.ts(17,11): error TS2451: Cannot redeclare block-scoped variable 'transcriptPath'.
src/gateway/server-methods/chat.inject.parentid.test.ts(35,9): error TS2698: Spread types may only be created from object types.
src/gateway/server-methods/chat.inject.parentid.test.ts(57,7): error TS2740: Type 'Pick<GatewayRequestContext, "broadcast" | "nodeSendToSession">' is missing the following properties from type 'GatewayRequestContext': deps, cron, cronStorePath, loadGatewayModelCatalog, and 31 more.
src/gateway/server-methods/chat.inject.parentid.test.ts(75,13): error TS2451: Cannot redeclare block-scoped variable 'dir'.
src/gateway/server-methods/chat.inject.parentid.test.ts(75,18): error TS2451: Cannot redeclare block-scoped variable 'transcriptPath'.
src/gateway/server-methods/data-scope-rpc.ts(19,29): error TS2339: Property 'permissions' does not exist on type 'OpenClawConfig'.
src/gateway/server-methods/data-scope-rpc.ts(44,29): error TS2339: Property 'permissions' does not exist on type 'OpenClawConfig'.
src/gateway/server-methods/data-scope-rpc.ts(48,57): error TS2339: Property 'NOT_FOUND' does not exist on type '{ readonly NOT_LINKED: "NOT_LINKED"; readonly NOT_PAIRED: "NOT_PAIRED"; readonly AGENT_TIMEOUT: "AGENT_TIMEOUT"; readonly INVALID_REQUEST: "INVALID_REQUEST"; readonly UNAVAILABLE: "UNAVAILABLE"; }'.
src/gateway/server-methods/data-scope-rpc.ts(75,17): error TS2339: Property 'name' does not exist on type 'object'.
src/gateway/server-methods/data-scope-rpc.ts(75,31): error TS2339: Property 'resourceType' does not exist on type 'object'.
src/gateway/server-methods/data-scope-rpc.ts(75,53): error TS2339: Property 'resourcePattern' does not exist on type 'object'.
src/gateway/server-methods/data-scope-rpc.ts(75,78): error TS2339: Property 'scope' does not exist on type 'object'.
src/gateway/server-methods/data-scope-rpc.ts(89,13): error TS2740: Type '{ enabled: boolean; id: string; }' is missing the following properties from type 'DataScopeRule': name, resourceType, resourcePattern, scope, and 2 more.
src/gateway/server-methods/data-scope-rpc.ts(92,23): error TS2339: Property 'enabled' does not exist on type 'object'.
src/gateway/server-methods/data-scope-rpc.ts(97,19): error TS2339: Property 'permissions' does not exist on type 'OpenClawConfig'.
src/gateway/server-methods/data-scope-rpc.ts(98,16): error TS2339: Property 'permissions' does not exist on type 'OpenClawConfig'.
src/gateway/server-methods/data-scope-rpc.ts(100,19): error TS2339: Property 'permissions' does not exist on type 'OpenClawConfig'.
src/gateway/server-methods/data-scope-rpc.ts(101,16): error TS2339: Property 'permissions' does not exist on type 'OpenClawConfig'.
src/gateway/server-methods/data-scope-rpc.ts(104,14): error TS2339: Property 'permissions' does not exist on type 'OpenClawConfig'.
src/gateway/server-methods/data-scope-rpc.ts(139,29): error TS2339: Property 'permissions' does not exist on type 'OpenClawConfig'.
src/gateway/server-methods/data-scope-rpc.ts(143,57): error TS2339: Property 'NOT_FOUND' does not exist on type '{ readonly NOT_LINKED: "NOT_LINKED"; readonly NOT_PAIRED: "NOT_PAIRED"; readonly AGENT_TIMEOUT: "AGENT_TIMEOUT"; readonly INVALID_REQUEST: "INVALID_REQUEST"; readonly UNAVAILABLE: "UNAVAILABLE"; }'.
src/gateway/server-methods/data-scope-rpc.ts(154,14): error TS2339: Property 'permissions' does not exist on type 'OpenClawConfig'.
src/gateway/server-methods/data-scope-rpc.ts(183,29): error TS2339: Property 'permissions' does not exist on type 'OpenClawConfig'.
src/gateway/server-methods/data-scope-rpc.ts(187,57): error TS2339: Property 'NOT_FOUND' does not exist on type '{ readonly NOT_LINKED: "NOT_LINKED"; readonly NOT_PAIRED: "NOT_PAIRED"; readonly AGENT_TIMEOUT: "AGENT_TIMEOUT"; readonly INVALID_REQUEST: "INVALID_REQUEST"; readonly UNAVAILABLE: "UNAVAILABLE"; }'.
src/gateway/server-methods/data-scope-rpc.ts(193,14): error TS2339: Property 'permissions' does not exist on type 'OpenClawConfig'.
src/gateway/server-methods/data-scope-rpc.ts(232,9): error TS2739: Type '{}' is missing the following properties from type 'PermissionSubject': type, id
src/gateway/server-methods/data-scope-rpc.ts(236,9): error TS2322: Type 'unknown' is not assignable to type 'Record<string, any> | undefined'.
src/gateway/server-methods/data-scope-rpc.ts(237,9): error TS2322: Type 'unknown' is not assignable to type '{ userId: string; organizationId?: string | undefined; departmentId?: string | undefined; teamId?: string | undefined; managerId?: string | undefined; } | undefined'.
src/gateway/server-methods/data-scope-rpc.ts(284,29): error TS2339: Property 'permissions' does not exist on type 'OpenClawConfig'.
src/gateway/server-methods/data-scope-rpc.ts(296,16): error TS2339: Property 'permissions' does not exist on type 'OpenClawConfig'.
src/gateway/server-methods/groups-rpc.ts(619,9): error TS2322: Type 'string' is not assignable to type 'GroupType | undefined'.
src/gateway/server-methods/human-auth.ts(75,54): error TS2339: Property 'UNAUTHORIZED' does not exist on type '{ readonly NOT_LINKED: "NOT_LINKED"; readonly NOT_PAIRED: "NOT_PAIRED"; readonly AGENT_TIMEOUT: "AGENT_TIMEOUT"; readonly INVALID_REQUEST: "INVALID_REQUEST"; readonly UNAVAILABLE: "UNAVAILABLE"; }'.
src/gateway/server-methods/human-auth.ts(106,63): error TS2554: Expected 1 arguments, but got 2.
src/gateway/server-methods/human-auth.ts(112,33): error TS2339: Property 'UNAUTHORIZED' does not exist on type '{ readonly NOT_LINKED: "NOT_LINKED"; readonly NOT_PAIRED: "NOT_PAIRED"; readonly AGENT_TIMEOUT: "AGENT_TIMEOUT"; readonly INVALID_REQUEST: "INVALID_REQUEST"; readonly UNAVAILABLE: "UNAVAILABLE"; }'.
src/gateway/server-methods/human-auth.ts(173,64): error TS2339: Property 'UNAUTHORIZED' does not exist on type '{ readonly NOT_LINKED: "NOT_LINKED"; readonly NOT_PAIRED: "NOT_PAIRED"; readonly AGENT_TIMEOUT: "AGENT_TIMEOUT"; readonly INVALID_REQUEST: "INVALID_REQUEST"; readonly UNAVAILABLE: "UNAVAILABLE"; }'.
src/gateway/server-methods/human-auth.ts(177,48): error TS2339: Property 'userId' does not exist on type 'HumanUser'.
src/gateway/server-methods/human-auth.ts(207,57): error TS2339: Property 'UNAUTHORIZED' does not exist on type '{ readonly NOT_LINKED: "NOT_LINKED"; readonly NOT_PAIRED: "NOT_PAIRED"; readonly AGENT_TIMEOUT: "AGENT_TIMEOUT"; readonly INVALID_REQUEST: "INVALID_REQUEST"; readonly UNAVAILABLE: "UNAVAILABLE"; }'.
src/gateway/server-methods/human-auth.ts(211,48): error TS2339: Property 'userId' does not exist on type 'HumanUser'.
src/gateway/server-methods/human-auth.ts(214,57): error TS2339: Property 'NOT_FOUND' does not exist on type '{ readonly NOT_LINKED: "NOT_LINKED"; readonly NOT_PAIRED: "NOT_PAIRED"; readonly AGENT_TIMEOUT: "AGENT_TIMEOUT"; readonly INVALID_REQUEST: "INVALID_REQUEST"; readonly UNAVAILABLE: "UNAVAILABLE"; }'.
src/gateway/server-methods/human-auth.ts(308,38): error TS2339: Property 'updateUser' does not exist on type 'HumanAuthenticationManager'.
src/gateway/server-methods/human-auth.ts(340,25): error TS2339: Property 'changePassword' does not exist on type 'HumanAuthenticationManager'.
src/gateway/server-methods/mentorship-rpc.ts(44,9): error TS2322: Type 'unknown' is not assignable to type '{ totalSessions: number; sessionsPerWeek: number; } | undefined'.
src/gateway/server-methods/mentorship-rpc.ts(46,9): error TS2322: Type '{}' is not assignable to type '"group" | "hybrid" | "one-on-one" | undefined'.
src/gateway/server-methods/mentorship-rpc.ts(81,33): error TS2339: Property 'NOT_FOUND' does not exist on type '{ readonly NOT_LINKED: "NOT_LINKED"; readonly NOT_PAIRED: "NOT_PAIRED"; readonly AGENT_TIMEOUT: "AGENT_TIMEOUT"; readonly INVALID_REQUEST: "INVALID_REQUEST"; readonly UNAVAILABLE: "UNAVAILABLE"; }'.
src/gateway/server-methods/mentorship-rpc.ts(144,31): error TS2339: Property 'topic' does not exist on type 'object'.
src/gateway/server-methods/mentorship-rpc.ts(145,34): error TS2339: Property 'duration' does not exist on type 'object'.
src/gateway/server-methods/mentorship-rpc.ts(146,24): error TS2339: Property 'notes' does not exist on type 'object'.
src/gateway/server-methods/mentorship-rpc.ts(146,47): error TS2339: Property 'notes' does not exist on type 'object'.
src/gateway/server-methods/mentorship-rpc.ts(147,48): error TS2339: Property 'skillsPracticed' does not exist on type 'object'.
src/gateway/server-methods/mentorship-rpc.ts(148,21): error TS2339: Property 'skillsPracticed' does not exist on type 'object'.
src/gateway/server-methods/mentorship-rpc.ts(150,25): error TS2339: Property 'rating' does not exist on type 'object'.
src/gateway/server-methods/mentorship-rpc.ts(150,49): error TS2339: Property 'rating' does not exist on type 'object'.
src/gateway/server-methods/nodes.ts(704,9): error TS2322: Type 'import("I:/JieZI/JieZi-ai-PS/upstream/src/gateway/exec-approval-manager", { with: { "resolution-mode": "import" } }).ExecApprovalManager | undefined' is not assignable to type 'import("I:/JieZI/JieZi-ai-PS/src/gateway/exec-approval-manager", { with: { "resolution-mode": "import" } }).ExecApprovalManager | undefined'.
  Type 'import("I:/JieZI/JieZi-ai-PS/upstream/src/gateway/exec-approval-manager", { with: { "resolution-mode": "import" } }).ExecApprovalManager' is not assignable to type 'import("I:/JieZI/JieZi-ai-PS/src/gateway/exec-approval-manager", { with: { "resolution-mode": "import" } }).ExecApprovalManager'.
    Types have separate declarations of a private property 'pending'.
src/gateway/server-methods/organization-chart.ts(320,52): error TS2339: Property 'ctx' does not exist on type 'GatewayRequestHandlerOptions'.
src/gateway/server-methods/organization-chart.ts(366,26): error TS2339: Property 'PERMISSION_DENIED' does not exist on type '{ readonly NOT_LINKED: "NOT_LINKED"; readonly NOT_PAIRED: "NOT_PAIRED"; readonly AGENT_TIMEOUT: "AGENT_TIMEOUT"; readonly INVALID_REQUEST: "INVALID_REQUEST"; readonly UNAVAILABLE: "UNAVAILABLE"; }'.
src/gateway/server-methods/organization-chart.ts(419,52): error TS2339: Property 'ctx' does not exist on type 'GatewayRequestHandlerOptions'.
src/gateway/server-methods/organization-chart.ts(452,26): error TS2339: Property 'PERMISSION_DENIED' does not exist on type '{ readonly NOT_LINKED: "NOT_LINKED"; readonly NOT_PAIRED: "NOT_PAIRED"; readonly AGENT_TIMEOUT: "AGENT_TIMEOUT"; readonly INVALID_REQUEST: "INVALID_REQUEST"; readonly UNAVAILABLE: "UNAVAILABLE"; }'.
src/gateway/server-methods/organization-chart.ts(505,52): error TS2339: Property 'ctx' does not exist on type 'GatewayRequestHandlerOptions'.
src/gateway/server-methods/organization-chart.ts(533,26): error TS2339: Property 'PERMISSION_DENIED' does not exist on type '{ readonly NOT_LINKED: "NOT_LINKED"; readonly NOT_PAIRED: "NOT_PAIRED"; readonly AGENT_TIMEOUT: "AGENT_TIMEOUT"; readonly INVALID_REQUEST: "INVALID_REQUEST"; readonly UNAVAILABLE: "UNAVAILABLE"; }'.
src/gateway/server-methods/organization-chart.ts(598,56): error TS2339: Property 'ctx' does not exist on type 'GatewayRequestHandlerOptions'.
src/gateway/server-methods/organization-chart.ts(631,26): error TS2339: Property 'PERMISSION_DENIED' does not exist on type '{ readonly NOT_LINKED: "NOT_LINKED"; readonly NOT_PAIRED: "NOT_PAIRED"; readonly AGENT_TIMEOUT: "AGENT_TIMEOUT"; readonly INVALID_REQUEST: "INVALID_REQUEST"; readonly UNAVAILABLE: "UNAVAILABLE"; }'.
src/gateway/server-methods/organization-chart.ts(678,59): error TS2339: Property 'ctx' does not exist on type 'GatewayRequestHandlerOptions'.
src/gateway/server-methods/organization-chart.ts(710,26): error TS2339: Property 'PERMISSION_DENIED' does not exist on type '{ readonly NOT_LINKED: "NOT_LINKED"; readonly NOT_PAIRED: "NOT_PAIRED"; readonly AGENT_TIMEOUT: "AGENT_TIMEOUT"; readonly INVALID_REQUEST: "INVALID_REQUEST"; readonly UNAVAILABLE: "UNAVAILABLE"; }'.
src/gateway/server-methods/organization-chart.ts(753,59): error TS2339: Property 'ctx' does not exist on type 'GatewayRequestHandlerOptions'.
src/gateway/server-methods/organization-chart.ts(782,26): error TS2339: Property 'PERMISSION_DENIED' does not exist on type '{ readonly NOT_LINKED: "NOT_LINKED"; readonly NOT_PAIRED: "NOT_PAIRED"; readonly AGENT_TIMEOUT: "AGENT_TIMEOUT"; readonly INVALID_REQUEST: "INVALID_REQUEST"; readonly UNAVAILABLE: "UNAVAILABLE"; }'.
src/gateway/server-methods/organization-chart.ts(809,61): error TS2339: Property 'ctx' does not exist on type 'GatewayRequestHandlerOptions'.
src/gateway/server-methods/organization-chart.ts(843,26): error TS2339: Property 'PERMISSION_DENIED' does not exist on type '{ readonly NOT_LINKED: "NOT_LINKED"; readonly NOT_PAIRED: "NOT_PAIRED"; readonly AGENT_TIMEOUT: "AGENT_TIMEOUT"; readonly INVALID_REQUEST: "INVALID_REQUEST"; readonly UNAVAILABLE: "UNAVAILABLE"; }'.
src/gateway/server-methods/organization-chart.ts(881,44): error TS2339: Property 'payload' does not exist on type 'GatewayRequestHandlerOptions'.
src/gateway/server-methods/organization-chart.ts(881,62): error TS2339: Property 'ctx' does not exist on type 'GatewayRequestHandlerOptions'.
src/gateway/server-methods/organization-chart.ts(889,33): error TS2339: Property 'BAD_REQUEST' does not exist on type '{ readonly NOT_LINKED: "NOT_LINKED"; readonly NOT_PAIRED: "NOT_PAIRED"; readonly AGENT_TIMEOUT: "AGENT_TIMEOUT"; readonly INVALID_REQUEST: "INVALID_REQUEST"; readonly UNAVAILABLE: "UNAVAILABLE"; }'.
src/gateway/server-methods/organization-chart.ts(909,26): error TS2339: Property 'PERMISSION_DENIED' does not exist on type '{ readonly NOT_LINKED: "NOT_LINKED"; readonly NOT_PAIRED: "NOT_PAIRED"; readonly AGENT_TIMEOUT: "AGENT_TIMEOUT"; readonly INVALID_REQUEST: "INVALID_REQUEST"; readonly UNAVAILABLE: "UNAVAILABLE"; }'.
src/gateway/server-methods/organization-chart.ts(936,33): error TS2339: Property 'payload' does not exist on type 'GatewayRequestHandlerOptions'.
src/gateway/server-methods/organization-chart.ts(1003,67): error TS2339: Property 'ctx' does not exist on type 'GatewayRequestHandlerOptions'.
src/gateway/server-methods/organization-chart.ts(1048,26): error TS2339: Property 'PERMISSION_DENIED' does not exist on type '{ readonly NOT_LINKED: "NOT_LINKED"; readonly NOT_PAIRED: "NOT_PAIRED"; readonly AGENT_TIMEOUT: "AGENT_TIMEOUT"; readonly INVALID_REQUEST: "INVALID_REQUEST"; readonly UNAVAILABLE: "UNAVAILABLE"; }'.
src/gateway/server-methods/organization-chart.ts(1093,67): error TS2339: Property 'ctx' does not exist on type 'GatewayRequestHandlerOptions'.
src/gateway/server-methods/organization-chart.ts(1134,26): error TS2339: Property 'PERMISSION_DENIED' does not exist on type '{ readonly NOT_LINKED: "NOT_LINKED"; readonly NOT_PAIRED: "NOT_PAIRED"; readonly AGENT_TIMEOUT: "AGENT_TIMEOUT"; readonly INVALID_REQUEST: "INVALID_REQUEST"; readonly UNAVAILABLE: "UNAVAILABLE"; }'.
src/gateway/server-methods/organization-chart.ts(1189,59): error TS2339: Property 'ctx' does not exist on type 'GatewayRequestHandlerOptions'.
src/gateway/server-methods/organization-chart.ts(1228,26): error TS2339: Property 'PERMISSION_DENIED' does not exist on type '{ readonly NOT_LINKED: "NOT_LINKED"; readonly NOT_PAIRED: "NOT_PAIRED"; readonly AGENT_TIMEOUT: "AGENT_TIMEOUT"; readonly INVALID_REQUEST: "INVALID_REQUEST"; readonly UNAVAILABLE: "UNAVAILABLE"; }'.
src/gateway/server-methods/permissions-management.ts(471,9): error TS2322: Type 'unknown[]' is not assignable to type 'AdvancedApprovalRequest[]'.
  Type 'unknown' is not assignable to type 'AdvancedApprovalRequest'.
src/gateway/server-methods/permissions-management.ts(471,46): error TS18046: 'r' is of type 'unknown'.
src/gateway/server-methods/permissions-management.ts(475,9): error TS2322: Type 'unknown[]' is not assignable to type 'AdvancedApprovalRequest[]'.
  Type 'unknown' is not assignable to type 'AdvancedApprovalRequest'.
src/gateway/server-methods/permissions-management.ts(475,46): error TS18046: 'r' is of type 'unknown'.
src/gateway/server-methods/permissions-management.ts(479,9): error TS2322: Type 'unknown[]' is not assignable to type 'AdvancedApprovalRequest[]'.
  Type 'unknown' is not assignable to type 'AdvancedApprovalRequest'.
src/gateway/server-methods/permissions-management.ts(479,46): error TS18046: 'r' is of type 'unknown'.
src/gateway/server-methods/permissions-management.ts(483,9): error TS2322: Type 'unknown[]' is not assignable to type 'AdvancedApprovalRequest[]'.
  Type 'unknown' is not assignable to type 'AdvancedApprovalRequest'.
src/gateway/server-methods/permissions-management.ts(483,46): error TS18046: 'r' is of type 'unknown'.
src/gateway/server-methods/phase5-rpc.ts(387,11): error TS2353: Object literal may only specify known properties, and 'modelAccounts' does not exist in type 'AgentConfig'.
src/gateway/server-methods/phase5-rpc.ts(455,11): error TS2353: Object literal may only specify known properties, and 'channelPolicies' does not exist in type 'AgentConfig'.
src/gateway/server-methods/phase7-admin-rpc.ts(13,3): error TS2305: Module '"../../admin/types.js"' has no exported member 'NotificationChannelConfig'.
src/gateway/server-methods/phase7-admin-rpc.ts(14,3): error TS2724: '"../../admin/types.js"' has no exported member named 'EmergencyAccessSeverity'. Did you mean 'EmergencyAccessRequest'?
src/gateway/server-methods/phase7-admin-rpc.ts(40,9): error TS2322: Type 'AdminConfig | { superAdmins: never[]; approvalPolicies: never[]; sessionTimeout: number; requireMfa: true; }' is not assignable to type 'AdminConfig'.
  Type '{ superAdmins: never[]; approvalPolicies: never[]; sessionTimeout: number; requireMfa: true; }' is missing the following properties from type 'AdminConfig': defaultApprovalConfig, sessionExtensionAllowed, maxConcurrentSessions, ipWhitelistEnabled, and 5 more.
src/gateway/server-methods/phase7-admin-rpc.ts(127,9): error TS2322: Type 'unknown' is not assignable to type '{ organizations?: string[] | undefined; agentGroups?: string[] | undefined; tools?: string[] | undefined; } | undefined'.
src/gateway/server-methods/phase7-admin-rpc.ts(154,39): error TS2554: Expected 3 arguments, but got 2.
src/gateway/server-methods/phase7-admin-rpc.ts(177,25): error TS2554: Expected 2 arguments, but got 1.
src/gateway/server-methods/phase7-admin-rpc.ts(217,57): error TS2339: Property 'NOT_FOUND' does not exist on type '{ readonly NOT_LINKED: "NOT_LINKED"; readonly NOT_PAIRED: "NOT_PAIRED"; readonly AGENT_TIMEOUT: "AGENT_TIMEOUT"; readonly INVALID_REQUEST: "INVALID_REQUEST"; readonly UNAVAILABLE: "UNAVAILABLE"; }'.
src/gateway/server-methods/phase7-admin-rpc.ts(244,57): error TS2339: Property 'NOT_FOUND' does not exist on type '{ readonly NOT_LINKED: "NOT_LINKED"; readonly NOT_PAIRED: "NOT_PAIRED"; readonly AGENT_TIMEOUT: "AGENT_TIMEOUT"; readonly INVALID_REQUEST: "INVALID_REQUEST"; readonly UNAVAILABLE: "UNAVAILABLE"; }'.
src/gateway/server-methods/phase7-admin-rpc.ts(417,9): error TS2353: Object literal may only specify known properties, and 'expiresIn' does not exist in type '{ requester: PermissionSubject; requestedAction: AdminOperationType; targetType: string; targetId: string; title: string; description: string; ... 6 more ...; attachments?: { ...; }[] | undefined; }'.
src/gateway/server-methods/phase7-admin-rpc.ts(472,47): error TS2551: Property 'getRequests' does not exist on type 'AdvancedApprovalSystem'. Did you mean 'getRequest'?
src/gateway/server-methods/phase7-admin-rpc.ts(496,57): error TS2339: Property 'NOT_FOUND' does not exist on type '{ readonly NOT_LINKED: "NOT_LINKED"; readonly NOT_PAIRED: "NOT_PAIRED"; readonly AGENT_TIMEOUT: "AGENT_TIMEOUT"; readonly INVALID_REQUEST: "INVALID_REQUEST"; readonly UNAVAILABLE: "UNAVAILABLE"; }'.
src/gateway/server-methods/phase7-admin-rpc.ts(545,71): error TS2345: Argument of type 'string | undefined' is not assignable to parameter of type 'string'.
  Type 'undefined' is not assignable to type 'string'.
src/gateway/server-methods/phase7-admin-rpc.ts(586,59): error TS2345: Argument of type '{}' is not assignable to parameter of type 'ApprovalPolicy'.
  Type '{}' is missing the following properties from type 'ApprovalPolicy': id, name, appliesTo, approvalConfig, and 4 more.
src/gateway/server-methods/phase7-admin-rpc.ts(614,45): error TS2339: Property 'updatePolicy' does not exist on type 'AdvancedApprovalSystem'.
src/gateway/server-methods/phase7-admin-rpc.ts(630,47): error TS2551: Property 'getPolicies' does not exist on type 'AdvancedApprovalSystem'. Did you mean 'getPolicy'?
src/gateway/server-methods/phase7-admin-rpc.ts(668,57): error TS2339: Property 'NOT_FOUND' does not exist on type '{ readonly NOT_LINKED: "NOT_LINKED"; readonly NOT_PAIRED: "NOT_PAIRED"; readonly AGENT_TIMEOUT: "AGENT_TIMEOUT"; readonly INVALID_REQUEST: "INVALID_REQUEST"; readonly UNAVAILABLE: "UNAVAILABLE"; }'.
src/gateway/server-methods/phase7-admin-rpc.ts(674,9): error TS2322: Type 'string' is not assignable to type '"other" | "system-outage" | "security-incident" | "data-loss" | "critical-bug"'.
src/gateway/server-methods/phase7-admin-rpc.ts(740,41): error TS2551: Property 'denyEmergencyAccess' does not exist on type 'Phase7Integration'. Did you mean 'grantEmergencyAccess'?
src/gateway/server-methods/phase7-admin-rpc.ts(793,49): error TS2551: Property 'getNotifications' does not exist on type 'NotificationManager'. Did you mean 'getNotification'?
src/gateway/server-methods/phase7-admin-rpc.ts(904,41): error TS2339: Property 'getStatistics' does not exist on type 'NotificationManager'.
src/gateway/server-methods/policy-integration.ts(34,9): error TS2322: Type 'number' is not assignable to type 'string'.
src/gateway/server-methods/policy-integration.ts(56,9): error TS2322: Type 'number' is not assignable to type 'string'.
src/gateway/server-methods/policy-integration.ts(72,9): error TS2322: Type 'number' is not assignable to type 'string'.
src/gateway/server-methods/policy-integration.ts(96,9): error TS2322: Type 'number' is not assignable to type 'string'.
src/gateway/server-methods/policy-integration.ts(112,9): error TS2322: Type 'number' is not assignable to type 'string'.
src/gateway/server-methods/policy-integration.ts(136,9): error TS2322: Type 'number' is not assignable to type 'string'.
src/gateway/server-methods/policy-integration.ts(152,9): error TS2322: Type 'number' is not assignable to type 'string'.
src/gateway/server-methods/policy-integration.ts(168,9): error TS2322: Type 'number' is not assignable to type 'string'.
src/gateway/server-methods/scenarios-rpc.ts(214,52): error TS2339: Property 'NOT_FOUND' does not exist on type '{ readonly NOT_LINKED: "NOT_LINKED"; readonly NOT_PAIRED: "NOT_PAIRED"; readonly AGENT_TIMEOUT: "AGENT_TIMEOUT"; readonly INVALID_REQUEST: "INVALID_REQUEST"; readonly UNAVAILABLE: "UNAVAILABLE"; }'.
src/gateway/server-methods/scenarios-rpc.ts(269,52): error TS2339: Property 'NOT_FOUND' does not exist on type '{ readonly NOT_LINKED: "NOT_LINKED"; readonly NOT_PAIRED: "NOT_PAIRED"; readonly AGENT_TIMEOUT: "AGENT_TIMEOUT"; readonly INVALID_REQUEST: "INVALID_REQUEST"; readonly UNAVAILABLE: "UNAVAILABLE"; }'.
src/gateway/server-methods/scenarios-rpc.ts(297,52): error TS2339: Property 'NOT_FOUND' does not exist on type '{ readonly NOT_LINKED: "NOT_LINKED"; readonly NOT_PAIRED: "NOT_PAIRED"; readonly AGENT_TIMEOUT: "AGENT_TIMEOUT"; readonly INVALID_REQUEST: "INVALID_REQUEST"; readonly UNAVAILABLE: "UNAVAILABLE"; }'.
src/gateway/server-methods/scenarios-rpc.ts(321,52): error TS2339: Property 'NOT_FOUND' does not exist on type '{ readonly NOT_LINKED: "NOT_LINKED"; readonly NOT_PAIRED: "NOT_PAIRED"; readonly AGENT_TIMEOUT: "AGENT_TIMEOUT"; readonly INVALID_REQUEST: "INVALID_REQUEST"; readonly UNAVAILABLE: "UNAVAILABLE"; }'.
src/gateway/server-methods/sessions.ts(113,5): error TS2353: Object literal may only specify known properties, and 'store' does not exist in type '{ cfg: OpenClawConfig; key: string; }'.
src/gateway/server-methods/sessions.ts(253,22): error TS2339: Property 'acp' does not exist on type 'SessionEntry'.
src/gateway/server-methods/sessions.ts(373,74): error TS2353: Object literal may only specify known properties, and 'scanLegacyKeys' does not exist in type '{ cfg: OpenClawConfig; key: string; }'.
src/gateway/server-methods/sessions.ts(380,11): error TS2353: Object literal may only specify known properties, and 'store' does not exist in type '{ cfg: OpenClawConfig; key: string; }'.
src/gateway/server-methods/sessions.ts(442,9): error TS2322: Type '() => Promise<import("I:/JieZI/JieZi-ai-PS/upstream/src/agents/model-catalog", { with: { "resolution-mode": "import" } }).ModelCatalogEntry[]>' is not assignable to type '() => Promise<import("I:/JieZI/JieZi-ai-PS/src/agents/model-catalog", { with: { "resolution-mode": "import" } }).ModelCatalogEntry[]>'.
  Type 'Promise<import("I:/JieZI/JieZi-ai-PS/upstream/src/agents/model-catalog", { with: { "resolution-mode": "import" } }).ModelCatalogEntry[]>' is not assignable to type 'Promise<import("I:/JieZI/JieZi-ai-PS/src/agents/model-catalog", { with: { "resolution-mode": "import" } }).ModelCatalogEntry[]>'.
    Type 'import("I:/JieZI/JieZi-ai-PS/upstream/src/agents/model-catalog", { with: { "resolution-mode": "import" } }).ModelCatalogEntry[]' is not assignable to type 'import("I:/JieZI/JieZi-ai-PS/src/agents/model-catalog", { with: { "resolution-mode": "import" } }).ModelCatalogEntry[]'.
      Type 'import("I:/JieZI/JieZi-ai-PS/upstream/src/agents/model-catalog", { with: { "resolution-mode": "import" } }).ModelCatalogEntry' is not assignable to type 'import("I:/JieZI/JieZi-ai-PS/src/agents/model-catalog", { with: { "resolution-mode": "import" } }).ModelCatalogEntry'.
        Types of property 'input' are incompatible.
          Type 'ModelInputType[] | undefined' is not assignable to type '("text" | "image")[] | undefined'.
            Type 'ModelInputType[]' is not assignable to type '("text" | "image")[]'.
              Type 'ModelInputType' is not assignable to type '"text" | "image"'.
                Type '"document"' is not assignable to type '"text" | "image"'.
src/gateway/server-methods/sessions.ts(475,20): error TS2339: Property 'legacyKey' does not exist on type '{ cfg: OpenClawConfig; storePath: string; store: Record<string, SessionEntry>; entry: SessionEntry; canonicalKey: string; }'.
src/gateway/server-methods/sessions.ts(528,39): error TS2345: Argument of type 'import("I:/JieZI/JieZi-ai-PS/src/config/sessions/types", { with: { "resolution-mode": "import" } }).SessionEntry' is not assignable to parameter of type 'import("I:/JieZI/JieZi-ai-PS/upstream/src/config/sessions/types", { with: { "resolution-mode": "import" } }).SessionEntry'.
  Types of property 'authProfileOverrideSource' are incompatible.
    Type '"auto" | "user" | "smart-routing" | "default-account" | undefined' is not assignable to type '"auto" | "user" | undefined'.
      Type '"smart-routing"' is not assignable to type '"auto" | "user" | undefined'.
src/gateway/server-methods/sessions.ts(583,20): error TS2339: Property 'legacyKey' does not exist on type '{ cfg: OpenClawConfig; storePath: string; store: Record<string, SessionEntry>; entry: SessionEntry; canonicalKey: string; }'.
src/gateway/server-startup-log.ts(46,51): error TS2339: Property 'autoOpen' does not exist on type 'GatewayControlUiConfig'.
src/gateway/server-startup-log.ts(66,54): error TS2345: Argument of type 'SecretInput' is not assignable to parameter of type 'string | number | boolean'.
  Type 'SecretRef' is not assignable to type 'string | number | boolean'.
src/gateway/server.impl.ts(591,7): error TS2741: Property 'consumeAllowOnce' is missing in type 'import("I:/JieZI/JieZi-ai-PS/src/gateway/exec-approval-manager", { with: { "resolution-mode": "import" } }).ExecApprovalManager' but required in type 'import("I:/JieZI/JieZi-ai-PS/upstream/src/gateway/exec-approval-manager", { with: { "resolution-mode": "import" } }).ExecApprovalManager'.
src/gateway/server.impl.ts(635,7): error TS2322: Type '((opts: OnboardOptions, runtime: RuntimeEnv | undefined, prompter: WizardPrompter) => Promise<void>) | ((opts: OnboardOptions, runtime: RuntimeEnv, prompter: WizardPrompter) => Promise<...>)' is not assignable to type '(opts: OnboardOptions, runtime: RuntimeEnv, prompter: WizardPrompter) => Promise<void>'.
  Type '(opts: import("I:/JieZI/JieZi-ai-PS/src/commands/onboard-types", { with: { "resolution-mode": "import" } }).OnboardOptions, runtime: import("I:/JieZI/JieZi-ai-PS/upstream/src/runtime", { with: { "resolution-mode": "import" } }).RuntimeEnv, prompter: import("I:/JieZI/JieZi-ai-PS/upstream/src/wizard/prompts", { with: ...' is not assignable to type '(opts: import("I:/JieZI/JieZi-ai-PS/upstream/src/commands/onboard-types", { with: { "resolution-mode": "import" } }).OnboardOptions, runtime: import("I:/JieZI/JieZi-ai-PS/upstream/src/runtime", { with: { "resolution-mode": "import" } }).RuntimeEnv, prompter: import("I:/JieZI/JieZi-ai-PS/upstream/src/wizard/prompts",...'.
    Types of parameters 'opts' and 'opts' are incompatible.
      Type 'import("I:/JieZI/JieZi-ai-PS/upstream/src/commands/onboard-types", { with: { "resolution-mode": "import" } }).OnboardOptions' is not assignable to type 'import("I:/JieZI/JieZi-ai-PS/src/commands/onboard-types", { with: { "resolution-mode": "import" } }).OnboardOptions'.
        Types of property 'authChoice' are incompatible.
          Type 'import("I:/JieZI/JieZi-ai-PS/upstream/src/commands/onboard-types", { with: { "resolution-mode": "import" } }).AuthChoice | undefined' is not assignable to type 'import("I:/JieZI/JieZi-ai-PS/src/commands/onboard-types", { with: { "resolution-mode": "import" } }).AuthChoice | undefined'.
            Type '"kilocode-api-key"' is not assignable to type 'AuthChoice | undefined'. Did you mean '"kimi-code-api-key"'?
src/gateway/server.impl.ts(711,27): error TS2741: Property 'channelHealthMonitor' is missing in type '{ hooksConfig: HooksConfigResolved | null; heartbeatRunner: HeartbeatRunner; cronState: GatewayCronState; browserControl: BrowserControlServer | null; }' but required in type 'GatewayHotReloadState'.
src/gateway/server.impl.ts(737,11): error TS2322: Type '(plan: GatewayReloadPlan, nextConfig: ReturnType<typeof loadConfig>) => Promise<void>' is not assignable to type '(plan: GatewayReloadPlan, nextConfig: OpenClawConfig) => Promise<void>'.
  Types of parameters 'plan' and 'plan' are incompatible.
    Property 'restartHealthMonitor' is missing in type 'import("I:/JieZI/JieZi-ai-PS/src/gateway/config-reload", { with: { "resolution-mode": "import" } }).GatewayReloadPlan' but required in type 'import("I:/JieZI/JieZi-ai-PS/upstream/src/gateway/config-reload-plan", { with: { "resolution-mode": "import" } }).GatewayReloadPlan'.
src/gateway/server.impl.ts(738,11): error TS2322: Type '(plan: GatewayReloadPlan, nextConfig: ReturnType<typeof loadConfig>) => void' is not assignable to type '(plan: GatewayReloadPlan, nextConfig: OpenClawConfig) => void'.
  Types of parameters 'plan' and 'plan' are incompatible.
    Property 'restartHealthMonitor' is missing in type 'import("I:/JieZI/JieZi-ai-PS/src/gateway/config-reload", { with: { "resolution-mode": "import" } }).GatewayReloadPlan' but required in type 'import("I:/JieZI/JieZi-ai-PS/upstream/src/gateway/config-reload-plan", { with: { "resolution-mode": "import" } }).GatewayReloadPlan'.
src/gateway/server.impl.ts(748,43): error TS2345: Argument of type '{ bonjourStop: (() => Promise<void>) | null; tailscaleCleanup: (() => Promise<void>) | null; canvasHost: CanvasHostHandler | null; canvasHostServer: null; stopChannel: (channel: ChannelId, accountId?: string) => Promise<void>; ... 17 more ...; httpServers: Server<...>[]; }' is not assignable to parameter of type '{ bonjourStop: (() => Promise<void>) | null; tailscaleCleanup: (() => Promise<void>) | null; canvasHost: CanvasHostHandler | null; canvasHostServer: CanvasHostServer | null; ... 19 more ...; httpServers?: Server<...>[] | undefined; }'.
  Property 'mediaCleanup' is missing in type '{ bonjourStop: (() => Promise<void>) | null; tailscaleCleanup: (() => Promise<void>) | null; canvasHost: CanvasHostHandler | null; canvasHostServer: null; stopChannel: (channel: ChannelId, accountId?: string) => Promise<void>; ... 17 more ...; httpServers: Server<...>[]; }' but required in type '{ bonjourStop: (() => Promise<void>) | null; tailscaleCleanup: (() => Promise<void>) | null; canvasHost: CanvasHostHandler | null; canvasHostServer: CanvasHostServer | null; ... 19 more ...; httpServers?: Server<...>[] | undefined; }'.
src/gateway/server.roles-allowlist-update.test.ts(101,7): error TS2322: Type 'import("I:/JieZI/JieZi-ai-PS/upstream/src/gateway/client", { with: { "resolution-mode": "import" } }).GatewayClient' is not assignable to type 'import("I:/JieZI/JieZi-ai-PS/src/gateway/client", { with: { "resolution-mode": "import" } }).GatewayClient'.
  Types have separate declarations of a private property 'ws'.
src/gateway/server.roles-allowlist-update.test.ts(108,33): error TS18048: 'nodeClient' is possibly 'undefined'.
src/gateway/server.roles-allowlist-update.test.ts(111,20): error TS18048: 'nodeClient' is possibly 'undefined'.
src/gateway/server.roles-allowlist-update.test.ts(113,35): error TS18048: 'nodeClient' is possibly 'undefined'.
src/gateway/server.roles-allowlist-update.test.ts(225,7): error TS2322: Type 'import("I:/JieZI/JieZi-ai-PS/upstream/src/gateway/client", { with: { "resolution-mode": "import" } }).GatewayClient' is not assignable to type 'import("I:/JieZI/JieZi-ai-PS/src/gateway/client", { with: { "resolution-mode": "import" } }).GatewayClient'.
  Types have separate declarations of a private property 'ws'.
src/gateway/server.roles-allowlist-update.test.ts(240,7): error TS18048: 'systemClient' is possibly 'undefined'.
src/gateway/server.roles-allowlist-update.test.ts(243,7): error TS2322: Type 'import("I:/JieZI/JieZi-ai-PS/upstream/src/gateway/client", { with: { "resolution-mode": "import" } }).GatewayClient' is not assignable to type 'import("I:/JieZI/JieZi-ai-PS/src/gateway/client", { with: { "resolution-mode": "import" } }).GatewayClient'.
  Types have separate declarations of a private property 'ws'.
src/gateway/server.roles-allowlist-update.test.ts(258,7): error TS18048: 'emptyClient' is possibly 'undefined'.
src/gateway/server.roles-allowlist-update.test.ts(266,7): error TS2322: Type 'import("I:/JieZI/JieZi-ai-PS/upstream/src/gateway/client", { with: { "resolution-mode": "import" } }).GatewayClient' is not assignable to type 'import("I:/JieZI/JieZi-ai-PS/src/gateway/client", { with: { "resolution-mode": "import" } }).GatewayClient'.
  Types have separate declarations of a private property 'ws'.
src/gateway/server.roles-allowlist-update.test.ts(289,13): error TS18048: 'allowedClient' is possibly 'undefined'.
src/gateway/server.roles-allowlist-update.test.ts(307,13): error TS18048: 'allowedClient' is possibly 'undefined'.
src/gateway/sessions-patch.ts(177,26): error TS2345: Argument of type 'import("I:/JieZI/JieZi-ai-PS/src/config/sessions/types", { with: { "resolution-mode": "import" } }).SessionEntry' is not assignable to parameter of type 'import("I:/JieZI/JieZi-ai-PS/upstream/src/config/sessions/types", { with: { "resolution-mode": "import" } }).SessionEntry'.
  Types of property 'authProfileOverrideSource' are incompatible.
    Type '"auto" | "user" | "smart-routing" | "default-account" | undefined' is not assignable to type '"auto" | "user" | undefined'.
      Type '"smart-routing"' is not assignable to type '"auto" | "user" | undefined'.
src/gateway/sessions-patch.ts(284,9): error TS2322: Type 'import("I:/JieZI/JieZi-ai-PS/src/config/sessions/types", { with: { "resolution-mode": "import" } }).SessionEntry' is not assignable to type 'import("I:/JieZI/JieZi-ai-PS/upstream/src/config/sessions/types", { with: { "resolution-mode": "import" } }).SessionEntry'.
  Types of property 'authProfileOverrideSource' are incompatible.
    Type '"auto" | "user" | "smart-routing" | "default-account" | undefined' is not assignable to type '"auto" | "user" | undefined'.
      Type '"smart-routing"' is not assignable to type '"auto" | "user" | undefined'.
src/gateway/sessions-patch.ts(317,9): error TS2322: Type 'import("I:/JieZI/JieZi-ai-PS/src/config/sessions/types", { with: { "resolution-mode": "import" } }).SessionEntry' is not assignable to type 'import("I:/JieZI/JieZi-ai-PS/upstream/src/config/sessions/types", { with: { "resolution-mode": "import" } }).SessionEntry'.
  Types of property 'authProfileOverrideSource' are incompatible.
    Type '"auto" | "user" | "smart-routing" | "default-account" | undefined' is not assignable to type '"auto" | "user" | undefined'.
      Type '"smart-routing"' is not assignable to type '"auto" | "user" | undefined'.
src/hooks/soul-evil.test.ts(129,7): error TS2322: Type '{ name: string; path: string; content: string; missing: boolean; }[]' is not assignable to type 'WorkspaceBootstrapFile[]'.
  Type '{ name: string; path: string; content: string; missing: boolean; }' is not assignable to type 'WorkspaceBootstrapFile'.
    Types of property 'name' are incompatible.
      Type 'string' is not assignable to type 'WorkspaceBootstrapFileName'.
src/hooks/soul-evil.test.ts(147,7): error TS2322: Type '{ name: string; path: string; content: string; missing: boolean; }[]' is not assignable to type 'WorkspaceBootstrapFile[]'.
  Type '{ name: string; path: string; content: string; missing: boolean; }' is not assignable to type 'WorkspaceBootstrapFile'.
    Types of property 'name' are incompatible.
      Type 'string' is not assignable to type 'WorkspaceBootstrapFileName'.
src/hooks/soul-evil.test.ts(171,7): error TS2322: Type '{ name: string; path: string; content: string; missing: boolean; }[]' is not assignable to type 'WorkspaceBootstrapFile[]'.
  Type '{ name: string; path: string; content: string; missing: boolean; }' is not assignable to type 'WorkspaceBootstrapFile'.
    Types of property 'name' are incompatible.
      Type 'string' is not assignable to type 'WorkspaceBootstrapFileName'.
src/hooks/soul-evil.test.ts(196,7): error TS2322: Type '{ name: string; path: string; content: string; missing: boolean; }[]' is not assignable to type 'WorkspaceBootstrapFile[]'.
  Type '{ name: string; path: string; content: string; missing: boolean; }' is not assignable to type 'WorkspaceBootstrapFile'.
    Types of property 'name' are incompatible.
      Type 'string' is not assignable to type 'WorkspaceBootstrapFileName'.
src/imessage/monitor/monitor-provider.ts(306,67): error TS2345: Argument of type '{ channel: "imessage"; id: string; meta: { sender: string; chatId: string | undefined; }; }' is not assignable to parameter of type '{ channel: ChannelId; id: string | number; accountId: string; meta?: Record<string, string | null | undefined> | undefined; env?: ProcessEnv | undefined; pairingAdapter?: ChannelPairingAdapter | undefined; }'.
  Property 'accountId' is missing in type '{ channel: "imessage"; id: string; meta: { sender: string; chatId: string | undefined; }; }' but required in type '{ channel: ChannelId; id: string | number; accountId: string; meta?: Record<string, string | null | undefined> | undefined; env?: ProcessEnv | undefined; pairingAdapter?: ChannelPairingAdapter | undefined; }'.
src/infra/outbound/outbound.test.ts(236,9): error TS2353: Object literal may only specify known properties, and 'delay' does not exist in type '{ deliver: DeliverFn; log: RecoveryLogger; cfg: OpenClawConfig; stateDir?: string | undefined; maxRecoveryMs?: number | undefined; }'.
src/infra/outbound/outbound.test.ts(251,21): error TS2339: Property 'skipped' does not exist on type 'RecoverySummary'.
src/infra/outbound/outbound.test.ts(270,21): error TS2339: Property 'skipped' does not exist on type 'RecoverySummary'.
src/infra/outbound/outbound.test.ts(370,21): error TS2339: Property 'skipped' does not exist on type 'RecoverySummary'.
src/infra/retry-policy.test.ts(16,11): error TS2558: Expected 0-1 type arguments, but got 2.
src/infra/retry-policy.test.ts(18,26): error TS2345: Argument of type '"ok"' is not assignable to parameter of type 'never'.
src/media-understanding/runner.entries.ts(477,11): error TS2322: Type '{ [x: string]: SecretInput; } | undefined' is not assignable to type 'Record<string, string> | undefined'.
  Type '{ [x: string]: SecretInput; }' is not assignable to type 'Record<string, string>'.
    'string' index signatures are incompatible.
      Type 'SecretInput' is not assignable to type 'string'.
        Type 'SecretRef' is not assignable to type 'string'.
src/media-understanding/runner.entries.ts(528,9): error TS2322: Type '{ [x: string]: SecretInput; } | undefined' is not assignable to type 'Record<string, string> | undefined'.
  Type '{ [x: string]: SecretInput; }' is not assignable to type 'Record<string, string>'.
    'string' index signatures are incompatible.
      Type 'SecretInput' is not assignable to type 'string'.
        Type 'SecretRef' is not assignable to type 'string'.
src/node-host/runner.ts(40,9): error TS2416: Property 'current' in type 'SkillBinsCache' is not assignable to the same property in base type 'SkillBinsProvider'.
  Type '(force?: boolean) => Promise<Set<string>>' is not assignable to type '(force?: boolean | undefined) => Promise<SkillBinTrustEntry[]>'.
    Type 'Promise<Set<string>>' is not assignable to type 'Promise<SkillBinTrustEntry[]>'.
      Type 'Set<string>' is missing the following properties from type 'SkillBinTrustEntry[]': length, pop, push, concat, and 30 more.
src/node-host/runner.ts(111,19): error TS2339: Property 'trim' does not exist on type 'SecretInput'.
  Property 'trim' does not exist on type 'SecretRef'.
src/node-host/runner.ts(112,25): error TS2339: Property 'trim' does not exist on type 'SecretInput'.
  Property 'trim' does not exist on type 'SecretRef'.
src/node-host/runner.ts(141,34): error TS2345: Argument of type 'import("I:/JieZI/JieZi-ai-PS/src/gateway/client", { with: { "resolution-mode": "import" } }).GatewayClient' is not assignable to parameter of type 'import("I:/JieZI/JieZi-ai-PS/upstream/src/gateway/client", { with: { "resolution-mode": "import" } }).GatewayClient'.
  Types have separate declarations of a private property 'ws'.
src/pairing/setup-code.ts(221,31): error TS2339: Property 'trim' does not exist on type 'SecretInput'.
  Property 'trim' does not exist on type 'SecretRef'.
src/pairing/setup-code.ts(225,34): error TS2339: Property 'trim' does not exist on type 'SecretInput'.
  Property 'trim' does not exist on type 'SecretRef'.
src/security/audit-channel.ts(108,70): error TS2345: Argument of type '{ provider: ChannelId; allowFrom: (string | number)[] | null | undefined; normalizeEntry: ((raw: string) => string) | undefined; }' is not assignable to parameter of type '{ provider: ChannelId; accountId: string; allowFrom?: (string | number)[] | null | undefined; normalizeEntry?: ((raw: string) => string) | undefined; readStore?: ((provider: ChannelId, accountId: string) => Promise<...>) | undefined; }'.
  Property 'accountId' is missing in type '{ provider: ChannelId; allowFrom: (string | number)[] | null | undefined; normalizeEntry: ((raw: string) => string) | undefined; }' but required in type '{ provider: ChannelId; accountId: string; allowFrom?: (string | number)[] | null | undefined; normalizeEntry?: ((raw: string) => string) | undefined; readStore?: ((provider: ChannelId, accountId: string) => Promise<...>) | undefined; }'.
src/sessions/group-persistence.ts(12,15): error TS2305: Module '"./group-manager.js"' has no exported member 'Group'.
src/signal/monitor.event-handler.sender-prefix.test.ts(65,7): error TS2322: Type '() => false' is not assignable to type '(reaction: SignalReactionMessage | null | undefined) => reaction is SignalReactionMessage'.
  Signature '(): false' must be a type predicate.
src/signal/monitor.event-handler.typing-read-receipts.test.ts(72,7): error TS2322: Type '() => any' is not assignable to type '(reaction: SignalReactionMessage | null | undefined) => reaction is SignalReactionMessage'.
  Signature '(): any' must be a type predicate.
src/signal/monitor/event-handler.ts(460,71): error TS2345: Argument of type '{ channel: "signal"; id: string; meta: { name: string | undefined; }; }' is not assignable to parameter of type '{ channel: ChannelId; id: string | number; accountId: string; meta?: Record<string, string | null | undefined> | undefined; env?: ProcessEnv | undefined; pairingAdapter?: ChannelPairingAdapter | undefined; }'.
  Property 'accountId' is missing in type '{ channel: "signal"; id: string; meta: { name: string | undefined; }; }' but required in type '{ channel: ChannelId; id: string | number; accountId: string; meta?: Record<string, string | null | undefined> | undefined; env?: ProcessEnv | undefined; pairingAdapter?: ChannelPairingAdapter | undefined; }'.
src/slack/monitor/message-handler/prepare.ts(151,71): error TS2345: Argument of type '{ channel: "slack"; id: string; meta: { name: string | undefined; }; }' is not assignable to parameter of type '{ channel: ChannelId; id: string | number; accountId: string; meta?: Record<string, string | null | undefined> | undefined; env?: ProcessEnv | undefined; pairingAdapter?: ChannelPairingAdapter | undefined; }'.
  Property 'accountId' is missing in type '{ channel: "slack"; id: string; meta: { name: string | undefined; }; }' but required in type '{ channel: ChannelId; id: string | number; accountId: string; meta?: Record<string, string | null | undefined> | undefined; env?: ProcessEnv | undefined; pairingAdapter?: ChannelPairingAdapter | undefined; }'.
src/slack/monitor/message-handler/prepare.ts(670,5): error TS2739: Type 'SlackMonitorContext' is missing the following properties from type 'SlackMonitorContext': allowNameMatching, channelsConfigKeys, typingReaction
src/slack/monitor/message-handler/prepare.ts(671,5): error TS2322: Type 'import("I:/JieZI/JieZi-ai-PS/src/slack/accounts", { with: { "resolution-mode": "import" } }).ResolvedSlackAccount' is not assignable to type 'import("I:/JieZI/JieZi-ai-PS/upstream/src/slack/accounts", { with: { "resolution-mode": "import" } }).ResolvedSlackAccount'.
  Property 'userTokenSource' is missing in type 'ResolvedSlackAccount' but required in type '{ accountId: string; enabled: boolean; name?: string | undefined; botToken?: string | undefined; appToken?: string | undefined; userToken?: string | undefined; botTokenSource: SlackTokenSource; appTokenSource: SlackTokenSource; userTokenSource: SlackTokenSource; config: SlackAccountConfig; }'.
src/slack/monitor/message-handler/prepare.ts(673,5): error TS2741: Property 'lastRoutePolicy' is missing in type 'import("I:/JieZI/JieZi-ai-PS/src/routing/resolve-route", { with: { "resolution-mode": "import" } }).ResolvedAgentRoute' but required in type 'import("I:/JieZI/JieZi-ai-PS/upstream/src/routing/resolve-route", { with: { "resolution-mode": "import" } }).ResolvedAgentRoute'.
src/slack/monitor/provider.ts(231,58): error TS2739: Type 'SlackMonitorContext' is missing the following properties from type 'SlackMonitorContext': allowNameMatching, channelsConfigKeys, typingReaction
src/slack/monitor/provider.ts(231,63): error TS2322: Type 'import("I:/JieZI/JieZi-ai-PS/src/slack/accounts", { with: { "resolution-mode": "import" } }).ResolvedSlackAccount' is not assignable to type 'import("I:/JieZI/JieZi-ai-PS/upstream/src/slack/accounts", { with: { "resolution-mode": "import" } }).ResolvedSlackAccount'.
  Property 'userTokenSource' is missing in type 'ResolvedSlackAccount' but required in type '{ accountId: string; enabled: boolean; name?: string | undefined; botToken?: string | undefined; appToken?: string | undefined; userToken?: string | undefined; botTokenSource: SlackTokenSource; appTokenSource: SlackTokenSource; userTokenSource: SlackTokenSource; config: SlackAccountConfig; }'.
src/slack/monitor/provider.ts(233,32): error TS2739: Type 'SlackMonitorContext' is missing the following properties from type 'SlackMonitorContext': allowNameMatching, channelsConfigKeys, typingReaction
src/slack/monitor/provider.ts(233,37): error TS2322: Type 'import("I:/JieZI/JieZi-ai-PS/src/slack/accounts", { with: { "resolution-mode": "import" } }).ResolvedSlackAccount' is not assignable to type 'import("I:/JieZI/JieZi-ai-PS/upstream/src/slack/accounts", { with: { "resolution-mode": "import" } }).ResolvedSlackAccount'.
  Property 'userTokenSource' is missing in type 'ResolvedSlackAccount' but required in type '{ accountId: string; enabled: boolean; name?: string | undefined; botToken?: string | undefined; appToken?: string | undefined; userToken?: string | undefined; botTokenSource: SlackTokenSource; appTokenSource: SlackTokenSource; userTokenSource: SlackTokenSource; config: SlackAccountConfig; }'.
src/slack/monitor/slash.ts(368,75): error TS2345: Argument of type '{ channel: "slack"; id: string; meta: { name: string | undefined; }; }' is not assignable to parameter of type '{ channel: ChannelId; id: string | number; accountId: string; meta?: Record<string, string | null | undefined> | undefined; env?: ProcessEnv | undefined; pairingAdapter?: ChannelPairingAdapter | undefined; }'.
  Property 'accountId' is missing in type '{ channel: "slack"; id: string; meta: { name: string | undefined; }; }' but required in type '{ channel: ChannelId; id: string | number; accountId: string; meta?: Record<string, string | null | undefined> | undefined; env?: ProcessEnv | undefined; pairingAdapter?: ChannelPairingAdapter | undefined; }'.
src/telegram/bot-handlers.ts(267,7): error TS2322: Type 'import("I:/JieZI/JieZi-ai-PS/src/config/sessions/types", { with: { "resolution-mode": "import" } }).SessionEntry' is not assignable to type 'import("I:/JieZI/JieZi-ai-PS/upstream/src/config/sessions/types", { with: { "resolution-mode": "import" } }).SessionEntry'.
  Types of property 'authProfileOverrideSource' are incompatible.
    Type '"auto" | "user" | "smart-routing" | "default-account" | undefined' is not assignable to type '"auto" | "user" | undefined'.
      Type '"smart-routing"' is not assignable to type '"auto" | "user" | undefined'.
src/telegram/bot-handlers.ts(268,7): error TS2322: Type 'Record<string, import("I:/JieZI/JieZi-ai-PS/src/config/sessions/types", { with: { "resolution-mode": "import" } }).SessionEntry>' is not assignable to type 'Record<string, import("I:/JieZI/JieZi-ai-PS/upstream/src/config/sessions/types", { with: { "resolution-mode": "import" } }).SessionEntry>'.
  'string' index signatures are incompatible.
    Type 'import("I:/JieZI/JieZi-ai-PS/src/config/sessions/types", { with: { "resolution-mode": "import" } }).SessionEntry' is not assignable to type 'import("I:/JieZI/JieZi-ai-PS/upstream/src/config/sessions/types", { with: { "resolution-mode": "import" } }).SessionEntry'.
      Types of property 'authProfileOverrideSource' are incompatible.
        Type '"auto" | "user" | "smart-routing" | "default-account" | undefined' is not assignable to type '"auto" | "user" | undefined'.
          Type '"smart-routing"' is not assignable to type '"auto" | "user" | undefined'.
src/telegram/bot-handlers.ts(851,9): error TS2353: Object literal may only specify known properties, and 'dmPolicy' does not exist in type '{ chatId: string | number; accountId?: string | undefined; isGroup?: boolean | undefined; isForum?: boolean | undefined; messageThreadId?: number | null | undefined; groupAllowFrom?: (string | number)[] | undefined; resolveTelegramGroupConfig: (chatId: string | number, messageThreadId?: number | undefined) => { ...;...'.
src/telegram/bot-handlers.ts(1033,13): error TS2322: Type 'import("I:/JieZI/JieZi-ai-PS/src/config/sessions/types", { with: { "resolution-mode": "import" } }).SessionEntry' is not assignable to type 'import("I:/JieZI/JieZi-ai-PS/upstream/src/config/sessions/types", { with: { "resolution-mode": "import" } }).SessionEntry'.
  Types of property 'authProfileOverrideSource' are incompatible.
    Type '"auto" | "user" | "smart-routing" | "default-account" | undefined' is not assignable to type '"auto" | "user" | undefined'.
      Type '"smart-routing"' is not assignable to type '"auto" | "user" | undefined'.
src/telegram/bot-handlers.ts(1148,9): error TS2353: Object literal may only specify known properties, and 'dmPolicy' does not exist in type '{ chatId: string | number; accountId?: string | undefined; isGroup?: boolean | undefined; isForum?: boolean | undefined; messageThreadId?: number | null | undefined; groupAllowFrom?: (string | number)[] | undefined; resolveTelegramGroupConfig: (chatId: string | number, messageThreadId?: number | undefined) => { ...;...'.
src/telegram/bot-native-commands.ts(172,5): error TS2353: Object literal may only specify known properties, and 'dmPolicy' does not exist in type '{ chatId: string | number; accountId?: string | undefined; isGroup?: boolean | undefined; isForum?: boolean | undefined; messageThreadId?: number | null | undefined; groupAllowFrom?: (string | number)[] | undefined; resolveTelegramGroupConfig: (chatId: string | number, messageThreadId?: number | undefined) => { ...;...'.
src/telegram/bot.media.includes-location-text-ctx-fields-pins.test.ts(103,36): error TS2339: Property '__replySpy' does not exist on type 'typeof import("I:/JieZI/JieZi-ai-PS/upstream/src/auto-reply/reply", { with: { "resolution-mode": "import" } })'.
src/telegram/bot.media.includes-location-text-ctx-fields-pins.test.ts(147,36): error TS2339: Property '__replySpy' does not exist on type 'typeof import("I:/JieZI/JieZi-ai-PS/upstream/src/auto-reply/reply", { with: { "resolution-mode": "import" } })'.
src/telegram/bot.ts(351,57): error TS2345: Argument of type '{ bot: Bot<Context, Api<RawApi>>; cfg: OpenClawConfig; account: ResolvedTelegramAccount; telegramCfg: TelegramAccountConfig; ... 14 more ...; opts: TelegramBotOptions; }' is not assignable to parameter of type 'TelegramMessageProcessorDeps'.
  Property 'sendChatActionHandler' is missing in type '{ bot: Bot<Context, Api<RawApi>>; cfg: OpenClawConfig; account: ResolvedTelegramAccount; telegramCfg: TelegramAccountConfig; ... 14 more ...; opts: TelegramBotOptions; }' but required in type 'Omit<BuildTelegramMessageContextParams, "options" | "storeAllowFrom" | "allMedia" | "primaryCtx">'.
src/tui/gateway-chat.ts(244,5): error TS2353: Object literal may only specify known properties, and 'auth' does not exist in type '{ urlOverride?: string | undefined; urlOverrideSource?: "env" | "cli" | undefined; explicitAuth?: ExplicitGatewayAuth | undefined; resolvedAuth?: ExplicitGatewayAuth | undefined; errorHint: string; configPath?: string | undefined; }'.
src/web/auto-reply/monitor/on-message.ts(160,9): error TS2741: Property 'lastRoutePolicy' is missing in type 'import("I:/JieZI/JieZi-ai-PS/src/routing/resolve-route", { with: { "resolution-mode": "import" } }).ResolvedAgentRoute' but required in type 'import("I:/JieZI/JieZi-ai-PS/upstream/src/routing/resolve-route", { with: { "resolution-mode": "import" } }).ResolvedAgentRoute'.
src/workspace/bootstrap-loader.ts(14,39): error TS2835: Relative import paths need explicit file extensions in ECMAScript imports when '--moduleResolution' is 'node16' or 'nodenext'. Did you mean './group-workspace.js'?
src/workspace/bootstrap-loader.ts(21,8): error TS2835: Relative import paths need explicit file extensions in ECMAScript imports when '--moduleResolution' is 'node16' or 'nodenext'. Did you mean './types.js'?
src/workspace/bootstrap-loader.ts(22,40): error TS2835: Relative import paths need explicit file extensions in ECMAScript imports when '--moduleResolution' is 'node16' or 'nodenext'. Did you mean './workspace-access-control.js'?
src/workspace/knowledge-auto-sink.ts(11,15): error TS2459: Module '"./group-workspace.js"' declares 'GroupWorkspace' locally, but it is not exported.
src/workspace/knowledge-sedimentation.ts(13,39): error TS2835: Relative import paths need explicit file extensions in ECMAScript imports when '--moduleResolution' is 'node16' or 'nodenext'. Did you mean './group-workspace.js'?
src/workspace/knowledge-sedimentation.ts(20,8): error TS2835: Relative import paths need explicit file extensions in ECMAScript imports when '--moduleResolution' is 'node16' or 'nodenext'. Did you mean './types.js'?
src/workspace/knowledge-sedimentation.ts(170,42): error TS7006: Parameter 'kw' implicitly has an 'any' type.
src/workspace/knowledge-sedimentation.ts(286,28): error TS7053: Element implicitly has an 'any' type because expression of type 'KnowledgeCategory' can't be used to index type '{ decision: string; "meeting-notes": string; adr: string; "shared-doc": string; }'.
src/workspace/phase5-integration.test.ts(5,59): error TS2307: Cannot find module '@jest/globals' or its corresponding type declarations.
src/workspace/phase5-integration.test.ts(9,30): error TS2835: Relative import paths need explicit file extensions in ECMAScript imports when '--moduleResolution' is 'node16' or 'nodenext'. Did you mean './types.js'?
src/workspace/phase5-integration.test.ts(10,72): error TS2835: Relative import paths need explicit file extensions in ECMAScript imports when '--moduleResolution' is 'node16' or 'nodenext'. Did you mean './phase5-integration.js'?
src/workspace/phase5-integration.test.ts(119,27): error TS7006: Parameter 'g' implicitly has an 'any' type.
src/workspace/phase5-integration.test.ts(164,26): error TS7006: Parameter 'f' implicitly has an 'any' type.
src/workspace/phase5-integration.test.ts(177,26): error TS7006: Parameter 'f' implicitly has an 'any' type.
src/workspace/workspace-access-control.ts(13,39): error TS2835: Relative import paths need explicit file extensions in ECMAScript imports when '--moduleResolution' is 'node16' or 'nodenext'. Did you mean './group-workspace.js'?
src/workspace/workspace-access-control.ts(21,8): error TS2835: Relative import paths need explicit file extensions in ECMAScript imports when '--moduleResolution' is 'node16' or 'nodenext'. Did you mean './types.js'?
ui/src/i18n/lib/lit-controller.ts(1,15): error TS2305: Module '"lit"' has no exported member 'ReactiveController'.
ui/src/i18n/lib/lit-controller.ts(1,35): error TS2305: Module '"lit"' has no exported member 'ReactiveControllerHost'.
ui/src/ui/app-gateway.node.test.ts(173,17): error TS2339: Property 'updateAvailable' does not exist on type 'GatewayHost'.
ui/src/ui/app-gateway.node.test.ts(181,17): error TS2339: Property 'updateAvailable' does not exist on type 'GatewayHost'.
ui/src/ui/app-gateway.node.test.ts(201,17): error TS2551: Property 'lastErrorCode' does not exist on type 'GatewayHost'. Did you mean 'lastError'?
ui/src/ui/app-gateway.node.test.ts(205,17): error TS2551: Property 'lastErrorCode' does not exist on type 'GatewayHost'. Did you mean 'lastError'?
ui/src/ui/app-gateway.node.test.ts(227,17): error TS2551: Property 'lastErrorCode' does not exist on type 'GatewayHost'. Did you mean 'lastError'?
ui/src/ui/app-gateway.ts(151,23): error TS2345: Argument of type 'OpenClawApp' is not assignable to parameter of type 'AgentsState'.
  Type 'OpenClawApp' is missing the following properties from type 'AgentsState': toolsCatalogLoading, toolsCatalogError, toolsCatalogResult
ui/src/ui/app-settings.ts(228,22): error TS2345: Argument of type 'OpenClawApp' is not assignable to parameter of type 'AgentsState'.
  Type 'OpenClawApp' is missing the following properties from type 'AgentsState': toolsCatalogLoading, toolsCatalogError, toolsCatalogResult
ui/src/ui/app-settings.ts(294,7): error TS2367: This comparison appears to be unintentional because the types 'Tab' and '"permissions-management"' have no overlap.
ui/src/ui/app-settings.ts(298,7): error TS2367: This comparison appears to be unintentional because the types 'Tab' and '"organization-chart"' have no overlap.
ui/src/ui/app-settings.ts(476,20): error TS2345: Argument of type 'OpenClawApp' is not assignable to parameter of type 'CronState'.
  Type 'OpenClawApp' is missing the following properties from type 'CronState': cronJobsLoadingMore, cronJobsTotal, cronJobsHasMore, cronJobsNextOffset, and 18 more.
ui/src/ui/app-settings.ts(499,20): error TS2345: Argument of type 'OpenClawApp' is not assignable to parameter of type 'CronState'.
  Type 'OpenClawApp' is missing the following properties from type 'CronState': cronJobsLoadingMore, cronJobsTotal, cronJobsHasMore, cronJobsNextOffset, and 18 more.
ui/src/ui/app-settings.ts(500,18): error TS2345: Argument of type 'OpenClawApp' is not assignable to parameter of type 'CronState'.
  Type 'OpenClawApp' is missing the following properties from type 'CronState': cronJobsLoadingMore, cronJobsTotal, cronJobsHasMore, cronJobsNextOffset, and 18 more.
ui/src/ui/app.ts(1,10): error TS2305: Module '"lit"' has no exported member 'LitElement'.
ui/src/ui/app.ts(2,10): error TS2305: Module '"lit/decorators.js"' has no exported member 'customElement'.
ui/src/ui/app.ts(2,25): error TS2305: Module '"lit/decorators.js"' has no exported member 'state'.
ui/src/ui/app.ts(1082,10): error TS2339: Property 'requestUpdate' does not exist on type 'OpenClawApp'.
ui/src/ui/chat-markdown.browser.test.ts(9,15): error TS2339: Property 'updateComplete' does not exist on type 'OpenClawApp'.
ui/src/ui/chat-markdown.browser.test.ts(23,15): error TS2339: Property 'updateComplete' does not exist on type 'OpenClawApp'.
ui/src/ui/chat-markdown.browser.test.ts(25,38): error TS2339: Property 'querySelectorAll' does not exist on type 'OpenClawApp'.
ui/src/ui/chat-markdown.browser.test.ts(27,7): error TS18046: 'card' is of type 'unknown'.
ui/src/ui/chat-markdown.browser.test.ts(30,15): error TS2339: Property 'click' does not exist on type '{}'.
ui/src/ui/chat-markdown.browser.test.ts(32,15): error TS2339: Property 'updateComplete' does not exist on type 'OpenClawApp'.
ui/src/ui/chat-markdown.browser.test.ts(34,24): error TS2339: Property 'querySelector' does not exist on type 'OpenClawApp'.
ui/src/ui/components/icon-picker.ts(6,16): error TS2305: Module '"lit"' has no exported member 'css'.
ui/src/ui/components/icon-picker.ts(6,21): error TS2305: Module '"lit"' has no exported member 'LitElement'.
ui/src/ui/components/icon-picker.ts(7,10): error TS2305: Module '"lit/decorators.js"' has no exported member 'customElement'.
ui/src/ui/components/icon-picker.ts(7,25): error TS2305: Module '"lit/decorators.js"' has no exported member 'property'.
ui/src/ui/components/icon-picker.ts(7,35): error TS2305: Module '"lit/decorators.js"' has no exported member 'state'.
ui/src/ui/components/icon-picker.ts(328,10): error TS2339: Property 'dispatchEvent' does not exist on type 'IconPicker'.
ui/src/ui/components/resizable-divider.ts(1,10): error TS2305: Module '"lit"' has no exported member 'LitElement'.
ui/src/ui/components/resizable-divider.ts(1,22): error TS2305: Module '"lit"' has no exported member 'css'.
ui/src/ui/components/resizable-divider.ts(2,10): error TS2305: Module '"lit/decorators.js"' has no exported member 'customElement'.
ui/src/ui/components/resizable-divider.ts(2,25): error TS2305: Module '"lit/decorators.js"' has no exported member 'property'.
ui/src/ui/components/resizable-divider.ts(49,10): error TS2339: Property 'addEventListener' does not exist on type 'ResizableDivider'.
ui/src/ui/components/resizable-divider.ts(54,10): error TS2339: Property 'removeEventListener' does not exist on type 'ResizableDivider'.
ui/src/ui/components/resizable-divider.ts(63,10): error TS2339: Property 'classList' does not exist on type 'ResizableDivider'.
ui/src/ui/components/resizable-divider.ts(76,28): error TS2339: Property 'parentElement' does not exist on type 'ResizableDivider'.
ui/src/ui/components/resizable-divider.ts(88,10): error TS2339: Property 'dispatchEvent' does not exist on type 'ResizableDivider'.
ui/src/ui/components/resizable-divider.ts(99,10): error TS2339: Property 'classList' does not exist on type 'ResizableDivider'.
ui/src/ui/config-form.browser.test.ts(1,10): error TS2305: Module '"lit"' has no exported member 'render'.
ui/src/ui/config-form.browser.test.ts(208,35): error TS2353: Object literal may only specify known properties, and 'tags' does not exist in type 'ConfigUiHint'.
ui/src/ui/config-form.browser.test.ts(232,35): error TS2353: Object literal may only specify known properties, and 'tags' does not exist in type 'ConfigUiHint'.
ui/src/ui/config-form.browser.test.ts(256,35): error TS2353: Object literal may only specify known properties, and 'tags' does not exist in type 'ConfigUiHint'.
ui/src/ui/config-form.browser.test.ts(277,35): error TS2353: Object literal may only specify known properties, and 'tags' does not exist in type 'ConfigUiHint'.
ui/src/ui/config-form.browser.test.ts(295,35): error TS2353: Object literal may only specify known properties, and 'tags' does not exist in type 'ConfigUiHint'.
ui/src/ui/controllers/cron.ts(6,3): error TS2724: '"../types.ts"' has no exported member named 'CronDeliveryStatus'. Did you mean 'CronDelivery'?
ui/src/ui/controllers/cron.ts(7,3): error TS2305: Module '"../types.ts"' has no exported member 'CronJobsEnabledFilter'.
ui/src/ui/controllers/cron.ts(8,3): error TS2305: Module '"../types.ts"' has no exported member 'CronJobsListResult'.
ui/src/ui/controllers/cron.ts(9,3): error TS2305: Module '"../types.ts"' has no exported member 'CronJobsSortBy'.
ui/src/ui/controllers/cron.ts(10,3): error TS2305: Module '"../types.ts"' has no exported member 'CronRunScope'.
ui/src/ui/controllers/cron.ts(12,3): error TS2305: Module '"../types.ts"' has no exported member 'CronRunsResult'.
ui/src/ui/controllers/cron.ts(13,3): error TS2305: Module '"../types.ts"' has no exported member 'CronRunsStatusFilter'.
ui/src/ui/controllers/cron.ts(14,3): error TS2305: Module '"../types.ts"' has no exported member 'CronRunsStatusValue'.
ui/src/ui/controllers/cron.ts(15,3): error TS2305: Module '"../types.ts"' has no exported member 'CronSortDir'.
ui/src/ui/controllers/cron.ts(397,67): error TS2339: Property 'model' does not exist on type '{ kind: "agentTurn"; message: string; thinking?: string | undefined; timeoutSeconds?: number | undefined; }'.
ui/src/ui/controllers/cron.ts(418,61): error TS2339: Property 'staggerMs' does not exist on type '{ kind: "cron"; expr: string; tz?: string | undefined; }'.
ui/src/ui/controllers/friends.ts(57,28): error TS18047: 'host.client' is possibly 'null'.
ui/src/ui/controllers/friends.ts(63,18): error TS2339: Property 'error' does not exist on type '{}'.
ui/src/ui/controllers/friends.ts(64,32): error TS2339: Property 'error' does not exist on type '{}'.
ui/src/ui/controllers/friends.ts(67,30): error TS2339: Property 'result' does not exist on type '{}'.
ui/src/ui/controllers/friends.ts(69,34): error TS2339: Property 'result' does not exist on type '{}'.
ui/src/ui/controllers/friends.ts(87,28): error TS18047: 'host.client' is possibly 'null'.
ui/src/ui/controllers/friends.ts(93,18): error TS2339: Property 'error' does not exist on type '{}'.
ui/src/ui/controllers/friends.ts(94,32): error TS2339: Property 'error' does not exist on type '{}'.
ui/src/ui/controllers/friends.ts(97,40): error TS2339: Property 'result' does not exist on type '{}'.
ui/src/ui/controllers/friends.ts(116,28): error TS18047: 'host.client' is possibly 'null'.
ui/src/ui/controllers/friends.ts(126,18): error TS2339: Property 'error' does not exist on type '{}'.
ui/src/ui/controllers/friends.ts(127,32): error TS2339: Property 'error' does not exist on type '{}'.
ui/src/ui/controllers/friends.ts(150,28): error TS18047: 'host.client' is possibly 'null'.
ui/src/ui/controllers/friends.ts(160,18): error TS2339: Property 'error' does not exist on type '{}'.
ui/src/ui/controllers/friends.ts(161,32): error TS2339: Property 'error' does not exist on type '{}'.
ui/src/ui/controllers/friends.ts(190,28): error TS18047: 'host.client' is possibly 'null'.
ui/src/ui/controllers/friends.ts(199,18): error TS2339: Property 'error' does not exist on type '{}'.
ui/src/ui/controllers/friends.ts(200,32): error TS2339: Property 'error' does not exist on type '{}'.
ui/src/ui/controllers/friends.ts(226,28): error TS18047: 'host.client' is possibly 'null'.
ui/src/ui/controllers/friends.ts(237,18): error TS2339: Property 'error' does not exist on type '{}'.
ui/src/ui/controllers/friends.ts(238,32): error TS2339: Property 'error' does not exist on type '{}'.
ui/src/ui/controllers/friends.ts(241,34): error TS2339: Property 'result' does not exist on type '{}'.
ui/src/ui/controllers/friends.ts(262,28): error TS18047: 'host.client' is possibly 'null'.
ui/src/ui/controllers/friends.ts(272,18): error TS2339: Property 'error' does not exist on type '{}'.
ui/src/ui/controllers/friends.ts(273,32): error TS2339: Property 'error' does not exist on type '{}'.
ui/src/ui/controllers/monitor.ts(92,33): error TS2339: Property 'gatewayRpc' does not exist on type 'OpenClawApp'.
ui/src/ui/controllers/monitor.ts(113,33): error TS2339: Property 'gatewayRpc' does not exist on type 'OpenClawApp'.
ui/src/ui/controllers/monitor.ts(132,33): error TS2339: Property 'gatewayRpc' does not exist on type 'OpenClawApp'.
ui/src/ui/controllers/monitor.ts(152,33): error TS2339: Property 'gatewayRpc' does not exist on type 'OpenClawApp'.
ui/src/ui/controllers/monitor.ts(174,33): error TS2339: Property 'gatewayRpc' does not exist on type 'OpenClawApp'.
ui/src/ui/controllers/monitor.ts(195,33): error TS2339: Property 'gatewayRpc' does not exist on type 'OpenClawApp'.
ui/src/ui/controllers/monitor.ts(216,33): error TS2339: Property 'gatewayRpc' does not exist on type 'OpenClawApp'.
ui/src/ui/controllers/monitor.ts(235,33): error TS2339: Property 'gatewayRpc' does not exist on type 'OpenClawApp'.
ui/src/ui/controllers/monitor.ts(254,33): error TS2339: Property 'gatewayRpc' does not exist on type 'OpenClawApp'.
ui/src/ui/controllers/monitor.ts(273,33): error TS2339: Property 'gatewayRpc' does not exist on type 'OpenClawApp'.
ui/src/ui/controllers/monitor.ts(289,8): error TS2339: Property 'monitorLoading' does not exist on type 'OpenClawApp'.
ui/src/ui/controllers/monitor.ts(290,8): error TS2339: Property 'monitorError' does not exist on type 'OpenClawApp'.
ui/src/ui/controllers/monitor.ts(301,10): error TS2339: Property 'monitorError' does not exist on type 'OpenClawApp'.
ui/src/ui/controllers/monitor.ts(303,10): error TS2339: Property 'monitorLoading' does not exist on type 'OpenClawApp'.
ui/src/ui/controllers/phase5.ts(7,65): error TS2307: Cannot find module '../views/agents-management.js' or its corresponding type declarations.
ui/src/ui/controllers/phase5.ts(255,11): error TS2551: Property 'permissionsChangeHistory' does not exist on type 'AppViewState'. Did you mean 'permissionChangeHistory'?
ui/src/ui/controllers/phase5.ts(258,11): error TS2551: Property 'permissionsChangeHistory' does not exist on type 'AppViewState'. Did you mean 'permissionChangeHistory'?
ui/src/ui/controllers/phase5.ts(277,9): error TS2551: Property 'permissionsChangeHistory' does not exist on type 'AppViewState'. Did you mean 'permissionChangeHistory'?
ui/src/ui/controllers/scenarios.ts(88,19): error TS2339: Property 'ok' does not exist on type '{}'.
ui/src/ui/controllers/scenarios.ts(88,34): error TS2339: Property 'result' does not exist on type '{}'.
ui/src/ui/controllers/scenarios.ts(89,37): error TS2339: Property 'result' does not exist on type '{}'.
ui/src/ui/controllers/scenarios.ts(90,38): error TS2339: Property 'result' does not exist on type '{}'.
ui/src/ui/controllers/scenarios.ts(92,39): error TS2339: Property 'error' does not exist on type '{}'.
ui/src/ui/controllers/scenarios.ts(111,19): error TS2339: Property 'ok' does not exist on type '{}'.
ui/src/ui/controllers/scenarios.ts(111,34): error TS2339: Property 'result' does not exist on type '{}'.
ui/src/ui/controllers/scenarios.ts(116,33): error TS2339: Property 'error' does not exist on type '{}'.
ui/src/ui/controllers/scenarios.ts(137,19): error TS2339: Property 'ok' does not exist on type '{}'.
ui/src/ui/controllers/scenarios.ts(141,33): error TS2339: Property 'error' does not exist on type '{}'.
ui/src/ui/controllers/scenarios.ts(157,19): error TS2339: Property 'ok' does not exist on type '{}'.
ui/src/ui/controllers/scenarios.ts(160,33): error TS2339: Property 'error' does not exist on type '{}'.
ui/src/ui/controllers/scenarios.ts(178,19): error TS2339: Property 'ok' does not exist on type '{}'.
ui/src/ui/controllers/scenarios.ts(183,33): error TS2339: Property 'error' does not exist on type '{}'.
ui/src/ui/controllers/scenarios.ts(203,19): error TS2339: Property 'ok' does not exist on type '{}'.
ui/src/ui/controllers/scenarios.ts(203,34): error TS2339: Property 'result' does not exist on type '{}'.
ui/src/ui/controllers/scenarios.ts(204,36): error TS2339: Property 'result' does not exist on type '{}'.
ui/src/ui/controllers/scenarios.ts(222,19): error TS2339: Property 'ok' does not exist on type '{}'.
ui/src/ui/controllers/scenarios.ts(222,34): error TS2339: Property 'result' does not exist on type '{}'.
ui/src/ui/controllers/scenarios.ts(223,39): error TS2339: Property 'result' does not exist on type '{}'.
ui/src/ui/controllers/storage.ts(217,15): error TS2339: Property 'requestUpdate' does not exist on type 'OpenClawApp'.
ui/src/ui/controllers/storage.ts(262,13): error TS2339: Property 'requestUpdate' does not exist on type 'OpenClawApp'.
ui/src/ui/focus-mode.browser.test.ts(9,15): error TS2339: Property 'updateComplete' does not exist on type 'OpenClawApp'.
ui/src/ui/focus-mode.browser.test.ts(11,23): error TS2339: Property 'querySelector' does not exist on type 'OpenClawApp'.
ui/src/ui/focus-mode.browser.test.ts(15,24): error TS2339: Property 'querySelector' does not exist on type 'OpenClawApp'.
ui/src/ui/focus-mode.browser.test.ts(19,15): error TS2339: Property 'updateComplete' does not exist on type 'OpenClawApp'.
ui/src/ui/focus-mode.browser.test.ts(22,22): error TS2339: Property 'querySelector' does not exist on type 'OpenClawApp'.
ui/src/ui/focus-mode.browser.test.ts(26,15): error TS2339: Property 'updateComplete' does not exist on type 'OpenClawApp'.
ui/src/ui/focus-mode.browser.test.ts(30,26): error TS2339: Property 'querySelector' does not exist on type 'OpenClawApp'.
ui/src/ui/focus-mode.browser.test.ts(35,15): error TS2339: Property 'updateComplete' does not exist on type 'OpenClawApp'.
ui/src/ui/gateway.ts(187,9): error TS2322: Type 'string | undefined' is not assignable to type 'string'.
  Type 'undefined' is not assignable to type 'string'.
ui/src/ui/navigation.browser.test.ts(20,15): error TS2339: Property 'updateComplete' does not exist on type 'OpenClawApp'.
ui/src/ui/navigation.browser.test.ts(28,15): error TS2339: Property 'updateComplete' does not exist on type 'OpenClawApp'.
ui/src/ui/navigation.browser.test.ts(37,15): error TS2339: Property 'updateComplete' does not exist on type 'OpenClawApp'.
ui/src/ui/navigation.browser.test.ts(47,15): error TS2339: Property 'updateComplete' does not exist on type 'OpenClawApp'.
ui/src/ui/navigation.browser.test.ts(56,15): error TS2339: Property 'updateComplete' does not exist on type 'OpenClawApp'.
ui/src/ui/navigation.browser.test.ts(58,22): error TS2339: Property 'querySelector' does not exist on type 'OpenClawApp'.
ui/src/ui/navigation.browser.test.ts(62,15): error TS2339: Property 'updateComplete' does not exist on type 'OpenClawApp'.
ui/src/ui/navigation.browser.test.ts(69,15): error TS2339: Property 'updateComplete' does not exist on type 'OpenClawApp'.
ui/src/ui/navigation.browser.test.ts(71,22): error TS2339: Property 'querySelector' does not exist on type 'OpenClawApp'.
ui/src/ui/navigation.browser.test.ts(75,15): error TS2339: Property 'updateComplete' does not exist on type 'OpenClawApp'.
ui/src/ui/navigation.browser.test.ts(84,15): error TS2339: Property 'updateComplete' does not exist on type 'OpenClawApp'.
ui/src/ui/navigation.browser.test.ts(88,23): error TS2339: Property 'querySelector' does not exist on type 'OpenClawApp'.
ui/src/ui/navigation.browser.test.ts(94,26): error TS2339: Property 'querySelector' does not exist on type 'OpenClawApp'.
ui/src/ui/navigation.browser.test.ts(102,17): error TS2339: Property 'updateComplete' does not exist on type 'OpenClawApp'.
ui/src/ui/navigation.browser.test.ts(112,15): error TS2339: Property 'updateComplete' does not exist on type 'OpenClawApp'.
ui/src/ui/navigation.browser.test.ts(114,54): error TS2339: Property 'querySelector' does not exist on type 'OpenClawApp'.
ui/src/ui/navigation.browser.test.ts(128,15): error TS2339: Property 'updateComplete' does not exist on type 'OpenClawApp'.
ui/src/ui/navigation.browser.test.ts(133,27): error TS2339: Property 'querySelector' does not exist on type 'OpenClawApp'.
ui/src/ui/navigation.browser.test.ts(151,15): error TS2339: Property 'updateComplete' does not exist on type 'OpenClawApp'.
ui/src/ui/navigation.browser.test.ts(160,15): error TS2339: Property 'updateComplete' does not exist on type 'OpenClawApp'.
ui/src/ui/navigation.browser.test.ts(173,15): error TS2339: Property 'updateComplete' does not exist on type 'OpenClawApp'.
ui/src/ui/navigation.browser.test.ts(182,15): error TS2339: Property 'updateComplete' does not exist on type 'OpenClawApp'.
ui/src/ui/presenter.ts(75,7): error TS2367: This comparison appears to be unintentional because the types '"announce"' and '"webhook"' have no overlap.
ui/src/ui/test-helpers/app-mount.ts(6,15): error TS2352: Conversion of type 'HTMLElement' to type 'OpenClawApp' may be a mistake because neither type sufficiently overlaps with the other. If this was intentional, convert the expression to 'unknown' first.
  Type 'HTMLElement' is missing the following properties from type 'OpenClawApp': settings, password, tab, onboarding, and 451 more.
ui/src/ui/test-helpers/app-mount.ts(10,24): error TS2345: Argument of type 'OpenClawApp' is not assignable to parameter of type 'string | Node'.
ui/src/ui/views/agents-panels-tools-skills.browser.test.ts(1,10): error TS2305: Module '"lit"' has no exported member 'render'.
ui/src/ui/views/channel-policy-dialog.ts(107,33): error TS2345: Argument of type 'AppViewState' is not assignable to parameter of type 'AgentPhase5State'.
  Types of property 'client' are incompatible.
    Type 'import("I:/JieZI/JieZi-ai-PS/ui/src/ui/gateway", { with: { "resolution-mode": "import" } }).GatewayBrowserClient | null' is not assignable to type 'import("I:/JieZI/JieZi-ai-PS/ui/src/ui/gateway-client", { with: { "resolution-mode": "import" } }).GatewayBrowserClient | null'.
      Property 'call' is missing in type 'import("I:/JieZI/JieZi-ai-PS/ui/src/ui/gateway", { with: { "resolution-mode": "import" } }).GatewayBrowserClient' but required in type 'import("I:/JieZI/JieZi-ai-PS/ui/src/ui/gateway-client", { with: { "resolution-mode": "import" } }).GatewayBrowserClient'.
ui/src/ui/views/channel-policy-dialog.ts(113,33): error TS2345: Argument of type 'AppViewState' is not assignable to parameter of type 'AgentPhase5State'.
  Types of property 'client' are incompatible.
    Type 'import("I:/JieZI/JieZi-ai-PS/ui/src/ui/gateway", { with: { "resolution-mode": "import" } }).GatewayBrowserClient | null' is not assignable to type 'import("I:/JieZI/JieZi-ai-PS/ui/src/ui/gateway-client", { with: { "resolution-mode": "import" } }).GatewayBrowserClient | null'.
      Property 'call' is missing in type 'import("I:/JieZI/JieZi-ai-PS/ui/src/ui/gateway", { with: { "resolution-mode": "import" } }).GatewayBrowserClient' but required in type 'import("I:/JieZI/JieZi-ai-PS/ui/src/ui/gateway-client", { with: { "resolution-mode": "import" } }).GatewayBrowserClient'.
ui/src/ui/views/channels.config.ts(6,10): error TS2305: Module '"./config-form.shared.ts"' has no exported member 'translateFieldLabel'.
ui/src/ui/views/chat.test.ts(1,10): error TS2305: Module '"lit"' has no exported member 'render'.
ui/src/ui/views/chat.test.ts(17,3): error TS2322: Type '{ sessionKey: string; onSessionKeyChange: (next: string) => void; thinkingLevel: string | null; showThinking: boolean; loading: boolean; sending: boolean; canAbort: boolean; compactionStatus: CompactionIndicatorStatus | null; ... 48 more ...; agentsList?: (AgentsListResult | null) | undefined; }' is not assignable to type 'ChatProps'.
  Types of property 'navNodes' are incompatible.
    Type 'ChatNavigationNode[] | undefined' is not assignable to type 'ChatNavigationNode[]'.
      Type 'undefined' is not assignable to type 'ChatNavigationNode[]'.
ui/src/ui/views/chat.ts(2,10): error TS2305: Module '"lit/directives/ref.js"' has no exported member 'ref'.
ui/src/ui/views/chat.ts(3,10): error TS2305: Module '"lit/directives/repeat.js"' has no exported member 'repeat'.
ui/src/ui/views/chat.ts(462,10): error TS7006: Parameter 'item' implicitly has an 'any' type.
ui/src/ui/views/chat.ts(463,10): error TS7006: Parameter 'item' implicitly has an 'any' type.
ui/src/ui/views/chat.ts(682,22): error TS7006: Parameter 'el' implicitly has an 'any' type.
ui/src/ui/views/config-form.node.ts(163,40): error TS2339: Property 'tags' does not exist on type 'ConfigUiHint'.
ui/src/ui/views/config-form.render.ts(483,58): error TS2304: Cannot find name 'translateFieldLabel'.
ui/src/ui/views/config-form.render.ts(521,24): error TS2304: Cannot find name 'translateFieldLabel'.
ui/src/ui/views/config-form.search.node.test.ts(39,33): error TS2353: Object literal may only specify known properties, and 'tags' does not exist in type 'ConfigUiHint'.
ui/src/ui/views/config-form.search.node.test.ts(52,33): error TS2353: Object literal may only specify known properties, and 'tags' does not exist in type 'ConfigUiHint'.
ui/src/ui/views/config-form.search.node.test.ts(63,33): error TS2353: Object literal may only specify known properties, and 'tags' does not exist in type 'ConfigUiHint'.
ui/src/ui/views/config.browser.test.ts(1,10): error TS2305: Module '"lit"' has no exported member 'render'.
ui/src/ui/views/cron.test.ts(1,10): error TS2305: Module '"lit"' has no exported member 'render'.
ui/src/ui/views/cron.test.ts(23,5): error TS2353: Object literal may only specify known properties, and 'basePath' does not exist in type 'CronProps'.
ui/src/ui/views/cron.test.ts(95,11): error TS2353: Object literal may only specify known properties, and 'onRunsFiltersChange' does not exist in type 'Partial<CronProps>'.
ui/src/ui/views/cron.test.ts(144,11): error TS2353: Object literal may only specify known properties, and 'runsScope' does not exist in type 'Partial<CronProps>'.
ui/src/ui/views/cron.test.ts(169,11): error TS2353: Object literal may only specify known properties, and 'basePath' does not exist in type 'Partial<CronProps>'.
ui/src/ui/views/cron.test.ts(200,11): error TS2353: Object literal may only specify known properties, and 'runsScope' does not exist in type 'Partial<CronProps>'.
ui/src/ui/views/cron.test.ts(237,15): error TS2353: Object literal may only specify known properties, and 'nextRunAtMs' does not exist in type 'CronRunLogEntry'.
ui/src/ui/views/cron.test.ts(302,18): error TS2322: Type '{ sessionTarget: "isolated"; payload: { kind: "agentTurn"; message: string; }; delivery: { mode: "webhook"; to: string; }; id: string; agentId?: string; name: string; description?: string; enabled: boolean; ... 6 more ...; state?: CronJobState; }' is not assignable to type 'CronJob'.
  The types of 'delivery.mode' are incompatible between these types.
    Type '"webhook"' is not assignable to type '"none" | "announce"'.
ui/src/ui/views/cron.test.ts(324,11): error TS2353: Object literal may only specify known properties, and 'editingJobId' does not exist in type 'Partial<CronProps>'.
ui/src/ui/views/cron.test.ts(493,11): error TS2353: Object literal may only specify known properties, and 'fieldErrors' does not exist in type 'Partial<CronProps>'.
ui/src/ui/views/cron.test.ts(529,11): error TS2353: Object literal may only specify known properties, and 'fieldErrors' does not exist in type 'Partial<CronProps>'.
ui/src/ui/views/cron.test.ts(564,11): error TS2353: Object literal may only specify known properties, and 'onClone' does not exist in type 'Partial<CronProps>'.
ui/src/ui/views/cron.test.ts(633,11): error TS2353: Object literal may only specify known properties, and 'agentSuggestions' does not exist in type 'Partial<CronProps>'.
ui/src/ui/views/organization-permissions.ts(468,10): error TS7023: 'renderOrgTreeNode' implicitly has return type 'any' because it does not have a return type annotation and is referenced directly or indirectly in one of its return expressions.
ui/src/ui/views/organization-permissions.ts(534,30): error TS7024: Function implicitly has return type 'any' because it does not have a return type annotation and is referenced directly or indirectly in one of its return expressions.
ui/src/ui/views/overview.ts(258,61): error TS2353: Object literal may only specify known properties, and 'locale' does not exist in type 'UiSettings'.
ui/src/ui/views/sessions.test.ts(1,10): error TS2305: Module '"lit"' has no exported member 'render'.
ui/src/ui/views/usage-render-details.ts(1,16): error TS2305: Module '"lit"' has no exported member 'svg'.
upstream/extensions/bluebubbles/src/targets.ts(8,8): error TS2307: Cannot find module 'openclaw/plugin-sdk/bluebubbles' or its corresponding type declarations.
upstream/extensions/bluebubbles/src/targets.ts(251,20): error TS7006: Parameter 'remainderLower' implicitly has an 'any' type.
upstream/extensions/discord/src/channel.ts(7,8): error TS2307: Cannot find module 'openclaw/plugin-sdk/compat' or its corresponding type declarations.
upstream/extensions/discord/src/channel.ts(40,8): error TS2307: Cannot find module 'openclaw/plugin-sdk/discord' or its corresponding type declarations.
upstream/extensions/discord/src/channel.ts(46,17): error TS7006: Parameter 'ctx' implicitly has an 'any' type.
upstream/extensions/discord/src/channel.ts(48,21): error TS7006: Parameter 'ctx' implicitly has an 'any' type.
upstream/extensions/discord/src/channel.ts(50,24): error TS7006: Parameter 'ctx' implicitly has an 'any' type.
upstream/extensions/discord/src/channel.ts(60,22): error TS7031: Binding element 'cfg' implicitly has an 'any' type.
upstream/extensions/discord/src/channel.ts(60,27): error TS7031: Binding element 'accountId' implicitly has an 'any' type.
upstream/extensions/discord/src/channel.ts(62,21): error TS7006: Parameter 'allowFrom' implicitly has an 'any' type.
upstream/extensions/discord/src/channel.ts(74,27): error TS7006: Parameter 'entry' implicitly has an 'any' type.
upstream/extensions/discord/src/channel.ts(75,30): error TS7031: Binding element 'id' implicitly has an 'any' type.
upstream/extensions/discord/src/channel.ts(96,22): error TS7006: Parameter 'cfg' implicitly has an 'any' type.
upstream/extensions/discord/src/channel.ts(97,22): error TS7006: Parameter 'cfg' implicitly has an 'any' type.
upstream/extensions/discord/src/channel.ts(97,27): error TS7006: Parameter 'accountId' implicitly has an 'any' type.
upstream/extensions/discord/src/channel.ts(98,22): error TS7006: Parameter 'cfg' implicitly has an 'any' type.
upstream/extensions/discord/src/channel.ts(98,27): error TS7006: Parameter 'accountId' implicitly has an 'any' type.
upstream/extensions/discord/src/channel.ts(99,24): error TS7006: Parameter 'cfg' implicitly has an 'any' type.
upstream/extensions/discord/src/channel.ts(100,27): error TS7031: Binding element 'cfg' implicitly has an 'any' type.
upstream/extensions/discord/src/channel.ts(100,32): error TS7031: Binding element 'accountId' implicitly has an 'any' type.
upstream/extensions/discord/src/channel.ts(100,43): error TS7031: Binding element 'enabled' implicitly has an 'any' type.
upstream/extensions/discord/src/channel.ts(108,23): error TS7031: Binding element 'cfg' implicitly has an 'any' type.
upstream/extensions/discord/src/channel.ts(108,28): error TS7031: Binding element 'accountId' implicitly has an 'any' type.
upstream/extensions/discord/src/channel.ts(115,20): error TS7006: Parameter 'account' implicitly has an 'any' type.
upstream/extensions/discord/src/channel.ts(116,23): error TS7006: Parameter 'account' implicitly has an 'any' type.
upstream/extensions/discord/src/channel.ts(126,25): error TS7031: Binding element 'cfg' implicitly has an 'any' type.
upstream/extensions/discord/src/channel.ts(126,30): error TS7031: Binding element 'accountId' implicitly has an 'any' type.
upstream/extensions/discord/src/channel.ts(126,41): error TS7031: Binding element 'account' implicitly has an 'any' type.
upstream/extensions/discord/src/channel.ts(135,26): error TS7006: Parameter 'raw' implicitly has an 'any' type.
upstream/extensions/discord/src/channel.ts(138,25): error TS7031: Binding element 'account' implicitly has an 'any' type.
upstream/extensions/discord/src/channel.ts(138,34): error TS7031: Binding element 'cfg' implicitly has an 'any' type.
upstream/extensions/discord/src/channel.ts(147,19): error TS7006: Parameter 'groupPolicy' implicitly has an 'any' type.
upstream/extensions/discord/src/channel.ts(176,28): error TS7031: Binding element 'cfg' implicitly has an 'any' type.
upstream/extensions/discord/src/channel.ts(193,23): error TS7006: Parameter 'params' implicitly has an 'any' type.
upstream/extensions/discord/src/channel.ts(194,24): error TS7006: Parameter 'params' implicitly has an 'any' type.
upstream/extensions/discord/src/channel.ts(195,27): error TS7006: Parameter 'params' implicitly has an 'any' type.
upstream/extensions/discord/src/channel.ts(197,28): error TS7006: Parameter 'params' implicitly has an 'any' type.
upstream/extensions/discord/src/channel.ts(201,30): error TS7031: Binding element 'cfg' implicitly has an 'any' type.
upstream/extensions/discord/src/channel.ts(201,35): error TS7031: Binding element 'accountId' implicitly has an 'any' type.
upstream/extensions/discord/src/channel.ts(201,46): error TS7031: Binding element 'inputs' implicitly has an 'any' type.
upstream/extensions/discord/src/channel.ts(201,54): error TS7031: Binding element 'kind' implicitly has an 'any' type.
upstream/extensions/discord/src/channel.ts(205,28): error TS7006: Parameter 'input' implicitly has an 'any' type.
upstream/extensions/discord/src/channel.ts(216,30): error TS7006: Parameter 'entry' implicitly has an 'any' type.
upstream/extensions/discord/src/channel.ts(231,28): error TS7006: Parameter 'entry' implicitly has an 'any' type.
upstream/extensions/discord/src/channel.ts(242,26): error TS7031: Binding element 'accountId' implicitly has an 'any' type.
upstream/extensions/discord/src/channel.ts(243,26): error TS7031: Binding element 'cfg' implicitly has an 'any' type.
upstream/extensions/discord/src/channel.ts(243,31): error TS7031: Binding element 'accountId' implicitly has an 'any' type.
upstream/extensions/discord/src/channel.ts(243,42): error TS7031: Binding element 'name' implicitly has an 'any' type.
upstream/extensions/discord/src/channel.ts(250,23): error TS7031: Binding element 'accountId' implicitly has an 'any' type.
upstream/extensions/discord/src/channel.ts(250,34): error TS7031: Binding element 'input' implicitly has an 'any' type.
upstream/extensions/discord/src/channel.ts(259,28): error TS7031: Binding element 'cfg' implicitly has an 'any' type.
upstream/extensions/discord/src/channel.ts(259,33): error TS7031: Binding element 'accountId' implicitly has an 'any' type.
upstream/extensions/discord/src/channel.ts(259,44): error TS7031: Binding element 'input' implicitly has an 'any' type.
upstream/extensions/discord/src/channel.ts(311,23): error TS7031: Binding element 'to' implicitly has an 'any' type.
upstream/extensions/discord/src/channel.ts(312,24): error TS7031: Binding element 'cfg' implicitly has an 'any' type.
upstream/extensions/discord/src/channel.ts(312,29): error TS7031: Binding element 'to' implicitly has an 'any' type.
upstream/extensions/discord/src/channel.ts(312,33): error TS7031: Binding element 'text' implicitly has an 'any' type.
upstream/extensions/discord/src/channel.ts(312,39): error TS7031: Binding element 'accountId' implicitly has an 'any' type.
upstream/extensions/discord/src/channel.ts(312,50): error TS7031: Binding element 'deps' implicitly has an 'any' type.
upstream/extensions/discord/src/channel.ts(312,56): error TS7031: Binding element 'replyToId' implicitly has an 'any' type.
upstream/extensions/discord/src/channel.ts(312,67): error TS7031: Binding element 'silent' implicitly has an 'any' type.
upstream/extensions/discord/src/channel.ts(324,7): error TS7031: Binding element 'cfg' implicitly has an 'any' type.
upstream/extensions/discord/src/channel.ts(325,7): error TS7031: Binding element 'to' implicitly has an 'any' type.
upstream/extensions/discord/src/channel.ts(326,7): error TS7031: Binding element 'text' implicitly has an 'any' type.
upstream/extensions/discord/src/channel.ts(327,7): error TS7031: Binding element 'mediaUrl' implicitly has an 'any' type.
upstream/extensions/discord/src/channel.ts(328,7): error TS7031: Binding element 'mediaLocalRoots' implicitly has an 'any' type.
upstream/extensions/discord/src/channel.ts(329,7): error TS7031: Binding element 'accountId' implicitly has an 'any' type.
upstream/extensions/discord/src/channel.ts(330,7): error TS7031: Binding element 'deps' implicitly has an 'any' type.
upstream/extensions/discord/src/channel.ts(331,7): error TS7031: Binding element 'replyToId' implicitly has an 'any' type.
upstream/extensions/discord/src/channel.ts(332,7): error TS7031: Binding element 'silent' implicitly has an 'any' type.
upstream/extensions/discord/src/channel.ts(346,24): error TS7031: Binding element 'cfg' implicitly has an 'any' type.
upstream/extensions/discord/src/channel.ts(346,29): error TS7031: Binding element 'to' implicitly has an 'any' type.
upstream/extensions/discord/src/channel.ts(346,33): error TS7031: Binding element 'poll' implicitly has an 'any' type.
upstream/extensions/discord/src/channel.ts(346,39): error TS7031: Binding element 'accountId' implicitly has an 'any' type.
upstream/extensions/discord/src/channel.ts(346,50): error TS7031: Binding element 'silent' implicitly has an 'any' type.
upstream/extensions/discord/src/channel.ts(367,29): error TS7031: Binding element 'snapshot' implicitly has an 'any' type.
upstream/extensions/discord/src/channel.ts(369,28): error TS7031: Binding element 'account' implicitly has an 'any' type.
upstream/extensions/discord/src/channel.ts(369,37): error TS7031: Binding element 'timeoutMs' implicitly has an 'any' type.
upstream/extensions/discord/src/channel.ts(373,28): error TS7031: Binding element 'account' implicitly has an 'any' type.
upstream/extensions/discord/src/channel.ts(373,37): error TS7031: Binding element 'timeoutMs' implicitly has an 'any' type.
upstream/extensions/discord/src/channel.ts(373,48): error TS7031: Binding element 'cfg' implicitly has an 'any' type.
upstream/extensions/discord/src/channel.ts(399,30): error TS7031: Binding element 'account' implicitly has an 'any' type.
upstream/extensions/discord/src/channel.ts(399,39): error TS7031: Binding element 'runtime' implicitly has an 'any' type.
upstream/extensions/discord/src/channel.ts(399,48): error TS7031: Binding element 'probe' implicitly has an 'any' type.
upstream/extensions/discord/src/channel.ts(399,55): error TS7031: Binding element 'audit' implicitly has an 'any' type.
upstream/extensions/discord/src/channel.ts(427,26): error TS7006: Parameter 'ctx' implicitly has an 'any' type.
upstream/extensions/discord/src/channel.ts(468,21): error TS7006: Parameter 'patch' implicitly has an 'any' type.
upstream/extensions/discord/src/runtime.ts(1,36): error TS2307: Cannot find module 'openclaw/plugin-sdk/discord' or its corresponding type declarations.
upstream/extensions/imessage/src/channel.ts(4,8): error TS2307: Cannot find module 'openclaw/plugin-sdk/compat' or its corresponding type declarations.
upstream/extensions/imessage/src/channel.ts(31,8): error TS2307: Cannot find module 'openclaw/plugin-sdk/imessage' or its corresponding type declarations.
upstream/extensions/imessage/src/channel.ts(68,31): error TS7031: Binding element 'cfg' implicitly has an 'any' type.
upstream/extensions/imessage/src/channel.ts(68,36): error TS7031: Binding element 'accountId' implicitly has an 'any' type.
upstream/extensions/imessage/src/channel.ts(93,30): error TS7031: Binding element 'id' implicitly has an 'any' type.
upstream/extensions/imessage/src/channel.ts(104,22): error TS7006: Parameter 'cfg' implicitly has an 'any' type.
upstream/extensions/imessage/src/channel.ts(105,22): error TS7006: Parameter 'cfg' implicitly has an 'any' type.
upstream/extensions/imessage/src/channel.ts(105,27): error TS7006: Parameter 'accountId' implicitly has an 'any' type.
upstream/extensions/imessage/src/channel.ts(106,24): error TS7006: Parameter 'cfg' implicitly has an 'any' type.
upstream/extensions/imessage/src/channel.ts(107,27): error TS7031: Binding element 'cfg' implicitly has an 'any' type.
upstream/extensions/imessage/src/channel.ts(107,32): error TS7031: Binding element 'accountId' implicitly has an 'any' type.
upstream/extensions/imessage/src/channel.ts(107,43): error TS7031: Binding element 'enabled' implicitly has an 'any' type.
upstream/extensions/imessage/src/channel.ts(115,23): error TS7031: Binding element 'cfg' implicitly has an 'any' type.
upstream/extensions/imessage/src/channel.ts(115,28): error TS7031: Binding element 'accountId' implicitly has an 'any' type.
upstream/extensions/imessage/src/channel.ts(122,20): error TS7006: Parameter 'account' implicitly has an 'any' type.
upstream/extensions/imessage/src/channel.ts(123,23): error TS7006: Parameter 'account' implicitly has an 'any' type.
upstream/extensions/imessage/src/channel.ts(129,26): error TS7031: Binding element 'cfg' implicitly has an 'any' type.
upstream/extensions/imessage/src/channel.ts(129,31): error TS7031: Binding element 'accountId' implicitly has an 'any' type.
upstream/extensions/imessage/src/channel.ts(130,25): error TS7031: Binding element 'allowFrom' implicitly has an 'any' type.
upstream/extensions/imessage/src/channel.ts(131,26): error TS7031: Binding element 'cfg' implicitly has an 'any' type.
upstream/extensions/imessage/src/channel.ts(131,31): error TS7031: Binding element 'accountId' implicitly has an 'any' type.
upstream/extensions/imessage/src/channel.ts(134,25): error TS7031: Binding element 'cfg' implicitly has an 'any' type.
upstream/extensions/imessage/src/channel.ts(134,30): error TS7031: Binding element 'accountId' implicitly has an 'any' type.
upstream/extensions/imessage/src/channel.ts(134,41): error TS7031: Binding element 'account' implicitly has an 'any' type.
upstream/extensions/imessage/src/channel.ts(145,25): error TS7031: Binding element 'account' implicitly has an 'any' type.
upstream/extensions/imessage/src/channel.ts(145,34): error TS7031: Binding element 'cfg' implicitly has an 'any' type.
upstream/extensions/imessage/src/channel.ts(170,26): error TS7031: Binding element 'accountId' implicitly has an 'any' type.
upstream/extensions/imessage/src/channel.ts(171,26): error TS7031: Binding element 'cfg' implicitly has an 'any' type.
upstream/extensions/imessage/src/channel.ts(171,31): error TS7031: Binding element 'accountId' implicitly has an 'any' type.
upstream/extensions/imessage/src/channel.ts(171,42): error TS7031: Binding element 'name' implicitly has an 'any' type.
upstream/extensions/imessage/src/channel.ts(178,28): error TS7031: Binding element 'cfg' implicitly has an 'any' type.
upstream/extensions/imessage/src/channel.ts(178,33): error TS7031: Binding element 'accountId' implicitly has an 'any' type.
upstream/extensions/imessage/src/channel.ts(178,44): error TS7031: Binding element 'input' implicitly has an 'any' type.
upstream/extensions/imessage/src/channel.ts(228,15): error TS7006: Parameter 'text' implicitly has an 'any' type.
upstream/extensions/imessage/src/channel.ts(228,21): error TS7006: Parameter 'limit' implicitly has an 'any' type.
upstream/extensions/imessage/src/channel.ts(231,24): error TS7031: Binding element 'cfg' implicitly has an 'any' type.
upstream/extensions/imessage/src/channel.ts(231,29): error TS7031: Binding element 'to' implicitly has an 'any' type.
upstream/extensions/imessage/src/channel.ts(231,33): error TS7031: Binding element 'text' implicitly has an 'any' type.
upstream/extensions/imessage/src/channel.ts(231,39): error TS7031: Binding element 'accountId' implicitly has an 'any' type.
upstream/extensions/imessage/src/channel.ts(231,50): error TS7031: Binding element 'deps' implicitly has an 'any' type.
upstream/extensions/imessage/src/channel.ts(231,56): error TS7031: Binding element 'replyToId' implicitly has an 'any' type.
upstream/extensions/imessage/src/channel.ts(242,25): error TS7031: Binding element 'cfg' implicitly has an 'any' type.
upstream/extensions/imessage/src/channel.ts(242,30): error TS7031: Binding element 'to' implicitly has an 'any' type.
upstream/extensions/imessage/src/channel.ts(242,34): error TS7031: Binding element 'text' implicitly has an 'any' type.
upstream/extensions/imessage/src/channel.ts(242,40): error TS7031: Binding element 'mediaUrl' implicitly has an 'any' type.
upstream/extensions/imessage/src/channel.ts(242,50): error TS7031: Binding element 'mediaLocalRoots' implicitly has an 'any' type.
upstream/extensions/imessage/src/channel.ts(242,67): error TS7031: Binding element 'accountId' implicitly has an 'any' type.
upstream/extensions/imessage/src/channel.ts(242,78): error TS7031: Binding element 'deps' implicitly has an 'any' type.
upstream/extensions/imessage/src/channel.ts(242,84): error TS7031: Binding element 'replyToId' implicitly has an 'any' type.
upstream/extensions/imessage/src/channel.ts(266,27): error TS7006: Parameter 'accounts' implicitly has an 'any' type.
upstream/extensions/imessage/src/channel.ts(267,29): error TS7031: Binding element 'snapshot' implicitly has an 'any' type.
upstream/extensions/imessage/src/channel.ts(278,28): error TS7031: Binding element 'timeoutMs' implicitly has an 'any' type.
upstream/extensions/imessage/src/channel.ts(280,30): error TS7031: Binding element 'account' implicitly has an 'any' type.
upstream/extensions/imessage/src/channel.ts(280,39): error TS7031: Binding element 'runtime' implicitly has an 'any' type.
upstream/extensions/imessage/src/channel.ts(280,48): error TS7031: Binding element 'probe' implicitly has an 'any' type.
upstream/extensions/imessage/src/channel.ts(295,29): error TS7031: Binding element 'enabled' implicitly has an 'any' type.
upstream/extensions/imessage/src/channel.ts(298,26): error TS7006: Parameter 'ctx' implicitly has an 'any' type.
upstream/extensions/imessage/src/runtime.ts(1,36): error TS2307: Cannot find module 'openclaw/plugin-sdk/imessage' or its corresponding type declarations.
upstream/extensions/mattermost/src/mattermost/accounts.ts(2,63): error TS2307: Cannot find module 'openclaw/plugin-sdk/mattermost' or its corresponding type declarations.
upstream/extensions/mattermost/src/mattermost/accounts.ts(135,11): error TS7006: Parameter 'accountId' implicitly has an 'any' type.
upstream/extensions/mattermost/src/mattermost/accounts.ts(136,14): error TS7006: Parameter 'account' implicitly has an 'any' type.
upstream/extensions/mattermost/src/mattermost/monitor-auth.ts(1,37): error TS2307: Cannot find module 'openclaw/plugin-sdk/mattermost' or its corresponding type declarations.
upstream/extensions/mattermost/src/mattermost/monitor-auth.ts(8,8): error TS2307: Cannot find module 'openclaw/plugin-sdk/mattermost' or its corresponding type declarations.
upstream/extensions/mattermost/src/mattermost/monitor-auth.ts(239,25): error TS7006: Parameter '_senderId' implicitly has an 'any' type.
upstream/extensions/mattermost/src/mattermost/monitor-auth.ts(239,36): error TS7006: Parameter 'allowFrom' implicitly has an 'any' type.
upstream/extensions/mattermost/src/secret-input.ts(6,8): error TS2307: Cannot find module 'openclaw/plugin-sdk/mattermost' or its corresponding type declarations.
upstream/extensions/mattermost/src/types.ts(6,8): error TS2307: Cannot find module 'openclaw/plugin-sdk/mattermost' or its corresponding type declarations.
upstream/extensions/signal/src/channel.ts(5,8): error TS2307: Cannot find module 'openclaw/plugin-sdk/compat' or its corresponding type declarations.
upstream/extensions/signal/src/channel.ts(32,8): error TS2307: Cannot find module 'openclaw/plugin-sdk/signal' or its corresponding type declarations.
upstream/extensions/signal/src/channel.ts(36,17): error TS7006: Parameter 'ctx' implicitly has an 'any' type.
upstream/extensions/signal/src/channel.ts(37,20): error TS7006: Parameter 'ctx' implicitly has an 'any' type.
upstream/extensions/signal/src/channel.ts(39,24): error TS7006: Parameter 'ctx' implicitly has an 'any' type.
upstream/extensions/signal/src/channel.ts(51,22): error TS7031: Binding element 'cfg' implicitly has an 'any' type.
upstream/extensions/signal/src/channel.ts(51,27): error TS7031: Binding element 'accountId' implicitly has an 'any' type.
upstream/extensions/signal/src/channel.ts(53,21): error TS7006: Parameter 'allowFrom' implicitly has an 'any' type.
upstream/extensions/signal/src/channel.ts(55,13): error TS7006: Parameter 'entry' implicitly has an 'any' type.
upstream/extensions/signal/src/channel.ts(57,13): error TS7006: Parameter 'entry' implicitly has an 'any' type.
upstream/extensions/signal/src/channel.ts(92,31): error TS7031: Binding element 'cfg' implicitly has an 'any' type.
upstream/extensions/signal/src/channel.ts(92,36): error TS7031: Binding element 'accountId' implicitly has an 'any' type.
upstream/extensions/signal/src/channel.ts(113,27): error TS7006: Parameter 'entry' implicitly has an 'any' type.
upstream/extensions/signal/src/channel.ts(114,30): error TS7031: Binding element 'id' implicitly has an 'any' type.
upstream/extensions/signal/src/channel.ts(130,22): error TS7006: Parameter 'cfg' implicitly has an 'any' type.
upstream/extensions/signal/src/channel.ts(131,22): error TS7006: Parameter 'cfg' implicitly has an 'any' type.
upstream/extensions/signal/src/channel.ts(131,27): error TS7006: Parameter 'accountId' implicitly has an 'any' type.
upstream/extensions/signal/src/channel.ts(132,24): error TS7006: Parameter 'cfg' implicitly has an 'any' type.
upstream/extensions/signal/src/channel.ts(133,27): error TS7031: Binding element 'cfg' implicitly has an 'any' type.
upstream/extensions/signal/src/channel.ts(133,32): error TS7031: Binding element 'accountId' implicitly has an 'any' type.
upstream/extensions/signal/src/channel.ts(133,43): error TS7031: Binding element 'enabled' implicitly has an 'any' type.
upstream/extensions/signal/src/channel.ts(141,23): error TS7031: Binding element 'cfg' implicitly has an 'any' type.
upstream/extensions/signal/src/channel.ts(141,28): error TS7031: Binding element 'accountId' implicitly has an 'any' type.
upstream/extensions/signal/src/channel.ts(148,20): error TS7006: Parameter 'account' implicitly has an 'any' type.
upstream/extensions/signal/src/channel.ts(149,23): error TS7006: Parameter 'account' implicitly has an 'any' type.
upstream/extensions/signal/src/channel.ts(159,25): error TS7031: Binding element 'cfg' implicitly has an 'any' type.
upstream/extensions/signal/src/channel.ts(159,30): error TS7031: Binding element 'accountId' implicitly has an 'any' type.
upstream/extensions/signal/src/channel.ts(159,41): error TS7031: Binding element 'account' implicitly has an 'any' type.
upstream/extensions/signal/src/channel.ts(168,26): error TS7006: Parameter 'raw' implicitly has an 'any' type.
upstream/extensions/signal/src/channel.ts(171,25): error TS7031: Binding element 'account' implicitly has an 'any' type.
upstream/extensions/signal/src/channel.ts(171,34): error TS7031: Binding element 'cfg' implicitly has an 'any' type.
upstream/extensions/signal/src/channel.ts(192,26): error TS7031: Binding element 'accountId' implicitly has an 'any' type.
upstream/extensions/signal/src/channel.ts(193,26): error TS7031: Binding element 'cfg' implicitly has an 'any' type.
upstream/extensions/signal/src/channel.ts(193,31): error TS7031: Binding element 'accountId' implicitly has an 'any' type.
upstream/extensions/signal/src/channel.ts(193,42): error TS7031: Binding element 'name' implicitly has an 'any' type.
upstream/extensions/signal/src/channel.ts(200,23): error TS7031: Binding element 'input' implicitly has an 'any' type.
upstream/extensions/signal/src/channel.ts(212,28): error TS7031: Binding element 'cfg' implicitly has an 'any' type.
upstream/extensions/signal/src/channel.ts(212,33): error TS7031: Binding element 'accountId' implicitly has an 'any' type.
upstream/extensions/signal/src/channel.ts(212,44): error TS7031: Binding element 'input' implicitly has an 'any' type.
upstream/extensions/signal/src/channel.ts(261,15): error TS7006: Parameter 'text' implicitly has an 'any' type.
upstream/extensions/signal/src/channel.ts(261,21): error TS7006: Parameter 'limit' implicitly has an 'any' type.
upstream/extensions/signal/src/channel.ts(264,24): error TS7031: Binding element 'cfg' implicitly has an 'any' type.
upstream/extensions/signal/src/channel.ts(264,29): error TS7031: Binding element 'to' implicitly has an 'any' type.
upstream/extensions/signal/src/channel.ts(264,33): error TS7031: Binding element 'text' implicitly has an 'any' type.
upstream/extensions/signal/src/channel.ts(264,39): error TS7031: Binding element 'accountId' implicitly has an 'any' type.
upstream/extensions/signal/src/channel.ts(264,50): error TS7031: Binding element 'deps' implicitly has an 'any' type.
upstream/extensions/signal/src/channel.ts(274,25): error TS7031: Binding element 'cfg' implicitly has an 'any' type.
upstream/extensions/signal/src/channel.ts(274,30): error TS7031: Binding element 'to' implicitly has an 'any' type.
upstream/extensions/signal/src/channel.ts(274,34): error TS7031: Binding element 'text' implicitly has an 'any' type.
upstream/extensions/signal/src/channel.ts(274,40): error TS7031: Binding element 'mediaUrl' implicitly has an 'any' type.
upstream/extensions/signal/src/channel.ts(274,50): error TS7031: Binding element 'mediaLocalRoots' implicitly has an 'any' type.
upstream/extensions/signal/src/channel.ts(274,67): error TS7031: Binding element 'accountId' implicitly has an 'any' type.
upstream/extensions/signal/src/channel.ts(274,78): error TS7031: Binding element 'deps' implicitly has an 'any' type.
upstream/extensions/signal/src/channel.ts(289,27): error TS7006: Parameter 'accounts' implicitly has an 'any' type.
upstream/extensions/signal/src/channel.ts(290,29): error TS7031: Binding element 'snapshot' implicitly has an 'any' type.
upstream/extensions/signal/src/channel.ts(296,28): error TS7031: Binding element 'account' implicitly has an 'any' type.
upstream/extensions/signal/src/channel.ts(296,37): error TS7031: Binding element 'timeoutMs' implicitly has an 'any' type.
upstream/extensions/signal/src/channel.ts(300,30): error TS7031: Binding element 'account' implicitly has an 'any' type.
upstream/extensions/signal/src/channel.ts(300,39): error TS7031: Binding element 'runtime' implicitly has an 'any' type.
upstream/extensions/signal/src/channel.ts(300,48): error TS7031: Binding element 'probe' implicitly has an 'any' type.
upstream/extensions/signal/src/channel.ts(306,26): error TS7006: Parameter 'ctx' implicitly has an 'any' type.
upstream/extensions/signal/src/runtime.ts(1,36): error TS2307: Cannot find module 'openclaw/plugin-sdk/signal' or its corresponding type declarations.
upstream/extensions/slack/src/channel.ts(7,8): error TS2307: Cannot find module 'openclaw/plugin-sdk/compat' or its corresponding type declarations.
upstream/extensions/slack/src/channel.ts(40,8): error TS2307: Cannot find module 'openclaw/plugin-sdk/slack' or its corresponding type declarations.
upstream/extensions/slack/src/channel.ts(93,22): error TS7031: Binding element 'cfg' implicitly has an 'any' type.
upstream/extensions/slack/src/channel.ts(93,27): error TS7031: Binding element 'accountId' implicitly has an 'any' type.
upstream/extensions/slack/src/channel.ts(95,21): error TS7006: Parameter 'allowFrom' implicitly has an 'any' type.
upstream/extensions/slack/src/channel.ts(108,27): error TS7006: Parameter 'entry' implicitly has an 'any' type.
upstream/extensions/slack/src/channel.ts(109,30): error TS7031: Binding element 'id' implicitly has an 'any' type.
upstream/extensions/slack/src/channel.ts(147,22): error TS7006: Parameter 'cfg' implicitly has an 'any' type.
upstream/extensions/slack/src/channel.ts(148,22): error TS7006: Parameter 'cfg' implicitly has an 'any' type.
upstream/extensions/slack/src/channel.ts(148,27): error TS7006: Parameter 'accountId' implicitly has an 'any' type.
upstream/extensions/slack/src/channel.ts(149,22): error TS7006: Parameter 'cfg' implicitly has an 'any' type.
upstream/extensions/slack/src/channel.ts(149,27): error TS7006: Parameter 'accountId' implicitly has an 'any' type.
upstream/extensions/slack/src/channel.ts(150,24): error TS7006: Parameter 'cfg' implicitly has an 'any' type.
upstream/extensions/slack/src/channel.ts(151,27): error TS7031: Binding element 'cfg' implicitly has an 'any' type.
upstream/extensions/slack/src/channel.ts(151,32): error TS7031: Binding element 'accountId' implicitly has an 'any' type.
upstream/extensions/slack/src/channel.ts(151,43): error TS7031: Binding element 'enabled' implicitly has an 'any' type.
upstream/extensions/slack/src/channel.ts(159,23): error TS7031: Binding element 'cfg' implicitly has an 'any' type.
upstream/extensions/slack/src/channel.ts(159,28): error TS7031: Binding element 'accountId' implicitly has an 'any' type.
upstream/extensions/slack/src/channel.ts(166,20): error TS7006: Parameter 'account' implicitly has an 'any' type.
upstream/extensions/slack/src/channel.ts(167,23): error TS7006: Parameter 'account' implicitly has an 'any' type.
upstream/extensions/slack/src/channel.ts(178,25): error TS7031: Binding element 'cfg' implicitly has an 'any' type.
upstream/extensions/slack/src/channel.ts(178,30): error TS7031: Binding element 'accountId' implicitly has an 'any' type.
upstream/extensions/slack/src/channel.ts(178,41): error TS7031: Binding element 'account' implicitly has an 'any' type.
upstream/extensions/slack/src/channel.ts(187,26): error TS7006: Parameter 'raw' implicitly has an 'any' type.
upstream/extensions/slack/src/channel.ts(190,25): error TS7031: Binding element 'account' implicitly has an 'any' type.
upstream/extensions/slack/src/channel.ts(190,34): error TS7031: Binding element 'cfg' implicitly has an 'any' type.
upstream/extensions/slack/src/channel.ts(198,19): error TS7006: Parameter 'groupPolicy' implicitly has an 'any' type.
upstream/extensions/slack/src/channel.ts(223,28): error TS7031: Binding element 'cfg' implicitly has an 'any' type.
upstream/extensions/slack/src/channel.ts(223,33): error TS7031: Binding element 'accountId' implicitly has an 'any' type.
upstream/extensions/slack/src/channel.ts(223,44): error TS7031: Binding element 'chatType' implicitly has an 'any' type.
upstream/extensions/slack/src/channel.ts(226,24): error TS7006: Parameter 'params' implicitly has an 'any' type.
upstream/extensions/slack/src/channel.ts(237,23): error TS7006: Parameter 'params' implicitly has an 'any' type.
upstream/extensions/slack/src/channel.ts(238,24): error TS7006: Parameter 'params' implicitly has an 'any' type.
upstream/extensions/slack/src/channel.ts(239,27): error TS7006: Parameter 'params' implicitly has an 'any' type.
upstream/extensions/slack/src/channel.ts(240,28): error TS7006: Parameter 'params' implicitly has an 'any' type.
upstream/extensions/slack/src/channel.ts(244,30): error TS7031: Binding element 'cfg' implicitly has an 'any' type.
upstream/extensions/slack/src/channel.ts(244,35): error TS7031: Binding element 'accountId' implicitly has an 'any' type.
upstream/extensions/slack/src/channel.ts(244,46): error TS7031: Binding element 'inputs' implicitly has an 'any' type.
upstream/extensions/slack/src/channel.ts(244,54): error TS7031: Binding element 'kind' implicitly has an 'any' type.
upstream/extensions/slack/src/channel.ts(248,28): error TS7006: Parameter 'input' implicitly has an 'any' type.
upstream/extensions/slack/src/channel.ts(259,30): error TS7006: Parameter 'entry' implicitly has an 'any' type.
upstream/extensions/slack/src/channel.ts(271,28): error TS7006: Parameter 'entry' implicitly has an 'any' type.
upstream/extensions/slack/src/channel.ts(281,21): error TS7031: Binding element 'cfg' implicitly has an 'any' type.
upstream/extensions/slack/src/channel.ts(282,25): error TS7031: Binding element 'args' implicitly has an 'any' type.
upstream/extensions/slack/src/channel.ts(283,26): error TS7006: Parameter 'ctx' implicitly has an 'any' type.
upstream/extensions/slack/src/channel.ts(288,24): error TS7006: Parameter 'action' implicitly has an 'any' type.
upstream/extensions/slack/src/channel.ts(288,32): error TS7006: Parameter 'cfg' implicitly has an 'any' type.
upstream/extensions/slack/src/channel.ts(288,37): error TS7006: Parameter 'toolContext' implicitly has an 'any' type.
upstream/extensions/slack/src/channel.ts(293,26): error TS7031: Binding element 'accountId' implicitly has an 'any' type.
upstream/extensions/slack/src/channel.ts(294,26): error TS7031: Binding element 'cfg' implicitly has an 'any' type.
upstream/extensions/slack/src/channel.ts(294,31): error TS7031: Binding element 'accountId' implicitly has an 'any' type.
upstream/extensions/slack/src/channel.ts(294,42): error TS7031: Binding element 'name' implicitly has an 'any' type.
upstream/extensions/slack/src/channel.ts(301,23): error TS7031: Binding element 'accountId' implicitly has an 'any' type.
upstream/extensions/slack/src/channel.ts(301,34): error TS7031: Binding element 'input' implicitly has an 'any' type.
upstream/extensions/slack/src/channel.ts(310,28): error TS7031: Binding element 'cfg' implicitly has an 'any' type.
upstream/extensions/slack/src/channel.ts(310,33): error TS7031: Binding element 'accountId' implicitly has an 'any' type.
upstream/extensions/slack/src/channel.ts(310,44): error TS7031: Binding element 'input' implicitly has an 'any' type.
upstream/extensions/slack/src/channel.ts(367,24): error TS7031: Binding element 'to' implicitly has an 'any' type.
upstream/extensions/slack/src/channel.ts(367,28): error TS7031: Binding element 'text' implicitly has an 'any' type.
upstream/extensions/slack/src/channel.ts(367,34): error TS7031: Binding element 'accountId' implicitly has an 'any' type.
upstream/extensions/slack/src/channel.ts(367,45): error TS7031: Binding element 'deps' implicitly has an 'any' type.
upstream/extensions/slack/src/channel.ts(367,51): error TS7031: Binding element 'replyToId' implicitly has an 'any' type.
upstream/extensions/slack/src/channel.ts(367,62): error TS7031: Binding element 'threadId' implicitly has an 'any' type.
upstream/extensions/slack/src/channel.ts(367,72): error TS7031: Binding element 'cfg' implicitly has an 'any' type.
upstream/extensions/slack/src/channel.ts(384,7): error TS7031: Binding element 'to' implicitly has an 'any' type.
upstream/extensions/slack/src/channel.ts(385,7): error TS7031: Binding element 'text' implicitly has an 'any' type.
upstream/extensions/slack/src/channel.ts(386,7): error TS7031: Binding element 'mediaUrl' implicitly has an 'any' type.
upstream/extensions/slack/src/channel.ts(387,7): error TS7031: Binding element 'mediaLocalRoots' implicitly has an 'any' type.
upstream/extensions/slack/src/channel.ts(388,7): error TS7031: Binding element 'accountId' implicitly has an 'any' type.
upstream/extensions/slack/src/channel.ts(389,7): error TS7031: Binding element 'deps' implicitly has an 'any' type.
upstream/extensions/slack/src/channel.ts(390,7): error TS7031: Binding element 'replyToId' implicitly has an 'any' type.
upstream/extensions/slack/src/channel.ts(391,7): error TS7031: Binding element 'threadId' implicitly has an 'any' type.
upstream/extensions/slack/src/channel.ts(392,7): error TS7031: Binding element 'cfg' implicitly has an 'any' type.
upstream/extensions/slack/src/channel.ts(420,29): error TS7031: Binding element 'snapshot' implicitly has an 'any' type.
upstream/extensions/slack/src/channel.ts(431,28): error TS7031: Binding element 'account' implicitly has an 'any' type.
upstream/extensions/slack/src/channel.ts(431,37): error TS7031: Binding element 'timeoutMs' implicitly has an 'any' type.
upstream/extensions/slack/src/channel.ts(438,30): error TS7031: Binding element 'account' implicitly has an 'any' type.
upstream/extensions/slack/src/channel.ts(438,39): error TS7031: Binding element 'runtime' implicitly has an 'any' type.
upstream/extensions/slack/src/channel.ts(438,48): error TS7031: Binding element 'probe' implicitly has an 'any' type.
upstream/extensions/slack/src/channel.ts(465,26): error TS7006: Parameter 'ctx' implicitly has an 'any' type.
upstream/extensions/slack/src/runtime.ts(1,36): error TS2307: Cannot find module 'openclaw/plugin-sdk/slack' or its corresponding type declarations.
upstream/extensions/telegram/src/channel.ts(7,8): error TS2307: Cannot find module 'openclaw/plugin-sdk/compat' or its corresponding type declarations.
upstream/extensions/telegram/src/channel.ts(42,8): error TS2307: Cannot find module 'openclaw/plugin-sdk/telegram' or its corresponding type declarations.
upstream/extensions/telegram/src/channel.ts(82,17): error TS7006: Parameter 'ctx' implicitly has an 'any' type.
upstream/extensions/telegram/src/channel.ts(84,21): error TS7006: Parameter 'ctx' implicitly has an 'any' type.
upstream/extensions/telegram/src/channel.ts(86,24): error TS7006: Parameter 'ctx' implicitly has an 'any' type.
upstream/extensions/telegram/src/channel.ts(96,22): error TS7031: Binding element 'cfg' implicitly has an 'any' type.
upstream/extensions/telegram/src/channel.ts(96,27): error TS7031: Binding element 'accountId' implicitly has an 'any' type.
upstream/extensions/telegram/src/channel.ts(98,21): error TS7006: Parameter 'allowFrom' implicitly has an 'any' type.
upstream/extensions/telegram/src/channel.ts(112,27): error TS7006: Parameter 'entry' implicitly has an 'any' type.
upstream/extensions/telegram/src/channel.ts(113,30): error TS7031: Binding element 'cfg' implicitly has an 'any' type.
upstream/extensions/telegram/src/channel.ts(113,35): error TS7031: Binding element 'id' implicitly has an 'any' type.
upstream/extensions/telegram/src/channel.ts(139,22): error TS7006: Parameter 'cfg' implicitly has an 'any' type.
upstream/extensions/telegram/src/channel.ts(140,22): error TS7006: Parameter 'cfg' implicitly has an 'any' type.
upstream/extensions/telegram/src/channel.ts(140,27): error TS7006: Parameter 'accountId' implicitly has an 'any' type.
upstream/extensions/telegram/src/channel.ts(141,22): error TS7006: Parameter 'cfg' implicitly has an 'any' type.
upstream/extensions/telegram/src/channel.ts(141,27): error TS7006: Parameter 'accountId' implicitly has an 'any' type.
upstream/extensions/telegram/src/channel.ts(142,24): error TS7006: Parameter 'cfg' implicitly has an 'any' type.
upstream/extensions/telegram/src/channel.ts(143,27): error TS7031: Binding element 'cfg' implicitly has an 'any' type.
upstream/extensions/telegram/src/channel.ts(143,32): error TS7031: Binding element 'accountId' implicitly has an 'any' type.
upstream/extensions/telegram/src/channel.ts(143,43): error TS7031: Binding element 'enabled' implicitly has an 'any' type.
upstream/extensions/telegram/src/channel.ts(151,23): error TS7031: Binding element 'cfg' implicitly has an 'any' type.
upstream/extensions/telegram/src/channel.ts(151,28): error TS7031: Binding element 'accountId' implicitly has an 'any' type.
upstream/extensions/telegram/src/channel.ts(158,20): error TS7006: Parameter 'account' implicitly has an 'any' type.
upstream/extensions/telegram/src/channel.ts(158,29): error TS7006: Parameter 'cfg' implicitly has an 'any' type.
upstream/extensions/telegram/src/channel.ts(164,26): error TS7006: Parameter 'account' implicitly has an 'any' type.
upstream/extensions/telegram/src/channel.ts(164,35): error TS7006: Parameter 'cfg' implicitly has an 'any' type.
upstream/extensions/telegram/src/channel.ts(177,23): error TS7006: Parameter 'account' implicitly has an 'any' type.
upstream/extensions/telegram/src/channel.ts(177,32): error TS7006: Parameter 'cfg' implicitly has an 'any' type.
upstream/extensions/telegram/src/channel.ts(189,25): error TS7031: Binding element 'cfg' implicitly has an 'any' type.
upstream/extensions/telegram/src/channel.ts(189,30): error TS7031: Binding element 'accountId' implicitly has an 'any' type.
upstream/extensions/telegram/src/channel.ts(189,41): error TS7031: Binding element 'account' implicitly has an 'any' type.
upstream/extensions/telegram/src/channel.ts(198,26): error TS7006: Parameter 'raw' implicitly has an 'any' type.
upstream/extensions/telegram/src/channel.ts(201,25): error TS7031: Binding element 'account' implicitly has an 'any' type.
upstream/extensions/telegram/src/channel.ts(201,34): error TS7031: Binding element 'cfg' implicitly has an 'any' type.
upstream/extensions/telegram/src/channel.ts(208,19): error TS7006: Parameter 'groupPolicy' implicitly has an 'any' type.
upstream/extensions/telegram/src/channel.ts(234,28): error TS7031: Binding element 'cfg' implicitly has an 'any' type.
upstream/extensions/telegram/src/channel.ts(245,23): error TS7006: Parameter 'params' implicitly has an 'any' type.
upstream/extensions/telegram/src/channel.ts(246,24): error TS7006: Parameter 'params' implicitly has an 'any' type.
upstream/extensions/telegram/src/channel.ts(250,26): error TS7031: Binding element 'accountId' implicitly has an 'any' type.
upstream/extensions/telegram/src/channel.ts(251,26): error TS7031: Binding element 'cfg' implicitly has an 'any' type.
upstream/extensions/telegram/src/channel.ts(251,31): error TS7031: Binding element 'accountId' implicitly has an 'any' type.
upstream/extensions/telegram/src/channel.ts(251,42): error TS7031: Binding element 'name' implicitly has an 'any' type.
upstream/extensions/telegram/src/channel.ts(258,23): error TS7031: Binding element 'accountId' implicitly has an 'any' type.
upstream/extensions/telegram/src/channel.ts(258,34): error TS7031: Binding element 'input' implicitly has an 'any' type.
upstream/extensions/telegram/src/channel.ts(267,28): error TS7031: Binding element 'cfg' implicitly has an 'any' type.
upstream/extensions/telegram/src/channel.ts(267,33): error TS7031: Binding element 'accountId' implicitly has an 'any' type.
upstream/extensions/telegram/src/channel.ts(267,44): error TS7031: Binding element 'input' implicitly has an 'any' type.
upstream/extensions/telegram/src/channel.ts(326,15): error TS7006: Parameter 'text' implicitly has an 'any' type.
upstream/extensions/telegram/src/channel.ts(326,21): error TS7006: Parameter 'limit' implicitly has an 'any' type.
upstream/extensions/telegram/src/channel.ts(330,24): error TS7031: Binding element 'cfg' implicitly has an 'any' type.
upstream/extensions/telegram/src/channel.ts(330,29): error TS7031: Binding element 'to' implicitly has an 'any' type.
upstream/extensions/telegram/src/channel.ts(330,33): error TS7031: Binding element 'text' implicitly has an 'any' type.
upstream/extensions/telegram/src/channel.ts(330,39): error TS7031: Binding element 'accountId' implicitly has an 'any' type.
upstream/extensions/telegram/src/channel.ts(330,50): error TS7031: Binding element 'deps' implicitly has an 'any' type.
upstream/extensions/telegram/src/channel.ts(330,56): error TS7031: Binding element 'replyToId' implicitly has an 'any' type.
upstream/extensions/telegram/src/channel.ts(330,67): error TS7031: Binding element 'threadId' implicitly has an 'any' type.
upstream/extensions/telegram/src/channel.ts(330,77): error TS7031: Binding element 'silent' implicitly has an 'any' type.
upstream/extensions/telegram/src/channel.ts(345,7): error TS7031: Binding element 'cfg' implicitly has an 'any' type.
upstream/extensions/telegram/src/channel.ts(346,7): error TS7031: Binding element 'to' implicitly has an 'any' type.
upstream/extensions/telegram/src/channel.ts(347,7): error TS7031: Binding element 'text' implicitly has an 'any' type.
upstream/extensions/telegram/src/channel.ts(348,7): error TS7031: Binding element 'mediaUrl' implicitly has an 'any' type.
upstream/extensions/telegram/src/channel.ts(349,7): error TS7031: Binding element 'mediaLocalRoots' implicitly has an 'any' type.
upstream/extensions/telegram/src/channel.ts(350,7): error TS7031: Binding element 'accountId' implicitly has an 'any' type.
upstream/extensions/telegram/src/channel.ts(351,7): error TS7031: Binding element 'deps' implicitly has an 'any' type.
upstream/extensions/telegram/src/channel.ts(352,7): error TS7031: Binding element 'replyToId' implicitly has an 'any' type.
upstream/extensions/telegram/src/channel.ts(353,7): error TS7031: Binding element 'threadId' implicitly has an 'any' type.
upstream/extensions/telegram/src/channel.ts(354,7): error TS7031: Binding element 'silent' implicitly has an 'any' type.
upstream/extensions/telegram/src/channel.ts(371,24): error TS7031: Binding element 'cfg' implicitly has an 'any' type.
upstream/extensions/telegram/src/channel.ts(371,29): error TS7031: Binding element 'to' implicitly has an 'any' type.
upstream/extensions/telegram/src/channel.ts(371,33): error TS7031: Binding element 'poll' implicitly has an 'any' type.
upstream/extensions/telegram/src/channel.ts(371,39): error TS7031: Binding element 'accountId' implicitly has an 'any' type.
upstream/extensions/telegram/src/channel.ts(371,50): error TS7031: Binding element 'threadId' implicitly has an 'any' type.
upstream/extensions/telegram/src/channel.ts(371,60): error TS7031: Binding element 'silent' implicitly has an 'any' type.
upstream/extensions/telegram/src/channel.ts(371,68): error TS7031: Binding element 'isAnonymous' implicitly has an 'any' type.
upstream/extensions/telegram/src/channel.ts(389,29): error TS7031: Binding element 'snapshot' implicitly has an 'any' type.
upstream/extensions/telegram/src/channel.ts(390,28): error TS7031: Binding element 'account' implicitly has an 'any' type.
upstream/extensions/telegram/src/channel.ts(390,37): error TS7031: Binding element 'timeoutMs' implicitly has an 'any' type.
upstream/extensions/telegram/src/channel.ts(396,28): error TS7031: Binding element 'account' implicitly has an 'any' type.
upstream/extensions/telegram/src/channel.ts(396,37): error TS7031: Binding element 'timeoutMs' implicitly has an 'any' type.
upstream/extensions/telegram/src/channel.ts(396,48): error TS7031: Binding element 'probe' implicitly has an 'any' type.
upstream/extensions/telegram/src/channel.ts(396,55): error TS7031: Binding element 'cfg' implicitly has an 'any' type.
upstream/extensions/telegram/src/channel.ts(425,30): error TS7031: Binding element 'account' implicitly has an 'any' type.
upstream/extensions/telegram/src/channel.ts(425,39): error TS7031: Binding element 'cfg' implicitly has an 'any' type.
upstream/extensions/telegram/src/channel.ts(425,44): error TS7031: Binding element 'runtime' implicitly has an 'any' type.
upstream/extensions/telegram/src/channel.ts(425,53): error TS7031: Binding element 'probe' implicitly has an 'any' type.
upstream/extensions/telegram/src/channel.ts(425,60): error TS7031: Binding element 'audit' implicitly has an 'any' type.
upstream/extensions/telegram/src/channel.ts(445,51): error TS2339: Property 'requireMention' does not exist on type '{}'.
upstream/extensions/telegram/src/channel.ts(467,26): error TS7006: Parameter 'ctx' implicitly has an 'any' type.
upstream/extensions/telegram/src/channel.ts(514,29): error TS7031: Binding element 'accountId' implicitly has an 'any' type.
upstream/extensions/telegram/src/channel.ts(514,40): error TS7031: Binding element 'cfg' implicitly has an 'any' type.
upstream/extensions/telegram/src/runtime.ts(1,36): error TS2307: Cannot find module 'openclaw/plugin-sdk/telegram' or its corresponding type declarations.
upstream/extensions/voice-call/index.ts(5,8): error TS2307: Cannot find module 'openclaw/plugin-sdk/voice-call' or its corresponding type declarations.
upstream/extensions/voice-call/index.ts(382,21): error TS7006: Parameter '_toolCallId' implicitly has an 'any' type.
upstream/extensions/voice-call/index.ts(382,34): error TS7006: Parameter 'params' implicitly has an 'any' type.
upstream/extensions/voice-call/index.ts(500,10): error TS7031: Binding element 'program' implicitly has an 'any' type.
upstream/extensions/voice-call/src/cli.ts(5,23): error TS2307: Cannot find module 'openclaw/plugin-sdk/voice-call' or its corresponding type declarations.
upstream/extensions/voice-call/src/config.ts(6,8): error TS2307: Cannot find module 'openclaw/plugin-sdk/voice-call' or its corresponding type declarations.
upstream/extensions/voice-call/src/providers/shared/guarded-json-api.ts(1,36): error TS2307: Cannot find module 'openclaw/plugin-sdk/voice-call' or its corresponding type declarations.
upstream/extensions/voice-call/src/webhook.ts(7,8): error TS2307: Cannot find module 'openclaw/plugin-sdk/voice-call' or its corresponding type declarations.
upstream/extensions/whatsapp/src/channel.ts(5,8): error TS2307: Cannot find module 'openclaw/plugin-sdk/compat' or its corresponding type declarations.
upstream/extensions/whatsapp/src/channel.ts(38,8): error TS2307: Cannot find module 'openclaw/plugin-sdk/whatsapp' or its corresponding type declarations.
upstream/extensions/whatsapp/src/channel.ts(67,22): error TS7006: Parameter 'cfg' implicitly has an 'any' type.
upstream/extensions/whatsapp/src/channel.ts(68,22): error TS7006: Parameter 'cfg' implicitly has an 'any' type.
upstream/extensions/whatsapp/src/channel.ts(68,27): error TS7006: Parameter 'accountId' implicitly has an 'any' type.
upstream/extensions/whatsapp/src/channel.ts(69,24): error TS7006: Parameter 'cfg' implicitly has an 'any' type.
upstream/extensions/whatsapp/src/channel.ts(70,27): error TS7031: Binding element 'cfg' implicitly has an 'any' type.
upstream/extensions/whatsapp/src/channel.ts(70,32): error TS7031: Binding element 'accountId' implicitly has an 'any' type.
upstream/extensions/whatsapp/src/channel.ts(70,43): error TS7031: Binding element 'enabled' implicitly has an 'any' type.
upstream/extensions/whatsapp/src/channel.ts(91,23): error TS7031: Binding element 'cfg' implicitly has an 'any' type.
upstream/extensions/whatsapp/src/channel.ts(91,28): error TS7031: Binding element 'accountId' implicitly has an 'any' type.
upstream/extensions/whatsapp/src/channel.ts(106,17): error TS7006: Parameter 'account' implicitly has an 'any' type.
upstream/extensions/whatsapp/src/channel.ts(106,26): error TS7006: Parameter 'cfg' implicitly has an 'any' type.
upstream/extensions/whatsapp/src/channel.ts(108,26): error TS7006: Parameter 'account' implicitly has an 'any' type.
upstream/extensions/whatsapp/src/channel.ts(111,23): error TS7006: Parameter 'account' implicitly has an 'any' type.
upstream/extensions/whatsapp/src/channel.ts(120,26): error TS7031: Binding element 'cfg' implicitly has an 'any' type.
upstream/extensions/whatsapp/src/channel.ts(120,31): error TS7031: Binding element 'accountId' implicitly has an 'any' type.
upstream/extensions/whatsapp/src/channel.ts(121,25): error TS7031: Binding element 'allowFrom' implicitly has an 'any' type.
upstream/extensions/whatsapp/src/channel.ts(122,26): error TS7031: Binding element 'cfg' implicitly has an 'any' type.
upstream/extensions/whatsapp/src/channel.ts(122,31): error TS7031: Binding element 'accountId' implicitly has an 'any' type.
upstream/extensions/whatsapp/src/channel.ts(125,25): error TS7031: Binding element 'cfg' implicitly has an 'any' type.
upstream/extensions/whatsapp/src/channel.ts(125,30): error TS7031: Binding element 'accountId' implicitly has an 'any' type.
upstream/extensions/whatsapp/src/channel.ts(125,41): error TS7031: Binding element 'account' implicitly has an 'any' type.
upstream/extensions/whatsapp/src/channel.ts(134,26): error TS7006: Parameter 'raw' implicitly has an 'any' type.
upstream/extensions/whatsapp/src/channel.ts(137,25): error TS7031: Binding element 'account' implicitly has an 'any' type.
upstream/extensions/whatsapp/src/channel.ts(137,34): error TS7031: Binding element 'cfg' implicitly has an 'any' type.
upstream/extensions/whatsapp/src/channel.ts(144,19): error TS7006: Parameter 'groupPolicy' implicitly has an 'any' type.
upstream/extensions/whatsapp/src/channel.ts(166,26): error TS7031: Binding element 'accountId' implicitly has an 'any' type.
upstream/extensions/whatsapp/src/channel.ts(167,26): error TS7031: Binding element 'cfg' implicitly has an 'any' type.
upstream/extensions/whatsapp/src/channel.ts(167,31): error TS7031: Binding element 'accountId' implicitly has an 'any' type.
upstream/extensions/whatsapp/src/channel.ts(167,42): error TS7031: Binding element 'name' implicitly has an 'any' type.
upstream/extensions/whatsapp/src/channel.ts(175,28): error TS7031: Binding element 'cfg' implicitly has an 'any' type.
upstream/extensions/whatsapp/src/channel.ts(175,33): error TS7031: Binding element 'accountId' implicitly has an 'any' type.
upstream/extensions/whatsapp/src/channel.ts(175,44): error TS7031: Binding element 'input' implicitly has an 'any' type.
upstream/extensions/whatsapp/src/channel.ts(214,23): error TS7031: Binding element 'ctx' implicitly has an 'any' type.
upstream/extensions/whatsapp/src/channel.ts(228,20): error TS7031: Binding element 'cfg' implicitly has an 'any' type.
upstream/extensions/whatsapp/src/channel.ts(228,25): error TS7031: Binding element 'accountId' implicitly has an 'any' type.
upstream/extensions/whatsapp/src/channel.ts(242,23): error TS7006: Parameter 'params' implicitly has an 'any' type.
upstream/extensions/whatsapp/src/channel.ts(243,24): error TS7006: Parameter 'params' implicitly has an 'any' type.
upstream/extensions/whatsapp/src/channel.ts(246,21): error TS7031: Binding element 'cfg' implicitly has an 'any' type.
upstream/extensions/whatsapp/src/channel.ts(260,24): error TS7031: Binding element 'action' implicitly has an 'any' type.
upstream/extensions/whatsapp/src/channel.ts(261,28): error TS7031: Binding element 'action' implicitly has an 'any' type.
upstream/extensions/whatsapp/src/channel.ts(261,36): error TS7031: Binding element 'params' implicitly has an 'any' type.
upstream/extensions/whatsapp/src/channel.ts(261,44): error TS7031: Binding element 'cfg' implicitly has an 'any' type.
upstream/extensions/whatsapp/src/channel.ts(261,49): error TS7031: Binding element 'accountId' implicitly has an 'any' type.
upstream/extensions/whatsapp/src/channel.ts(288,15): error TS7006: Parameter 'text' implicitly has an 'any' type.
upstream/extensions/whatsapp/src/channel.ts(288,21): error TS7006: Parameter 'limit' implicitly has an 'any' type.
upstream/extensions/whatsapp/src/channel.ts(292,23): error TS7031: Binding element 'to' implicitly has an 'any' type.
upstream/extensions/whatsapp/src/channel.ts(292,27): error TS7031: Binding element 'allowFrom' implicitly has an 'any' type.
upstream/extensions/whatsapp/src/channel.ts(292,38): error TS7031: Binding element 'mode' implicitly has an 'any' type.
upstream/extensions/whatsapp/src/channel.ts(294,24): error TS7031: Binding element 'cfg' implicitly has an 'any' type.
upstream/extensions/whatsapp/src/channel.ts(294,29): error TS7031: Binding element 'to' implicitly has an 'any' type.
upstream/extensions/whatsapp/src/channel.ts(294,33): error TS7031: Binding element 'text' implicitly has an 'any' type.
upstream/extensions/whatsapp/src/channel.ts(294,39): error TS7031: Binding element 'accountId' implicitly has an 'any' type.
upstream/extensions/whatsapp/src/channel.ts(294,50): error TS7031: Binding element 'deps' implicitly has an 'any' type.
upstream/extensions/whatsapp/src/channel.ts(294,56): error TS7031: Binding element 'gifPlayback' implicitly has an 'any' type.
upstream/extensions/whatsapp/src/channel.ts(305,7): error TS7031: Binding element 'cfg' implicitly has an 'any' type.
upstream/extensions/whatsapp/src/channel.ts(306,7): error TS7031: Binding element 'to' implicitly has an 'any' type.
upstream/extensions/whatsapp/src/channel.ts(307,7): error TS7031: Binding element 'text' implicitly has an 'any' type.
upstream/extensions/whatsapp/src/channel.ts(308,7): error TS7031: Binding element 'mediaUrl' implicitly has an 'any' type.
upstream/extensions/whatsapp/src/channel.ts(309,7): error TS7031: Binding element 'mediaLocalRoots' implicitly has an 'any' type.
upstream/extensions/whatsapp/src/channel.ts(310,7): error TS7031: Binding element 'accountId' implicitly has an 'any' type.
upstream/extensions/whatsapp/src/channel.ts(311,7): error TS7031: Binding element 'deps' implicitly has an 'any' type.
upstream/extensions/whatsapp/src/channel.ts(312,7): error TS7031: Binding element 'gifPlayback' implicitly has an 'any' type.
upstream/extensions/whatsapp/src/channel.ts(325,24): error TS7031: Binding element 'cfg' implicitly has an 'any' type.
upstream/extensions/whatsapp/src/channel.ts(325,29): error TS7031: Binding element 'to' implicitly has an 'any' type.
upstream/extensions/whatsapp/src/channel.ts(325,33): error TS7031: Binding element 'poll' implicitly has an 'any' type.
upstream/extensions/whatsapp/src/channel.ts(325,39): error TS7031: Binding element 'accountId' implicitly has an 'any' type.
upstream/extensions/whatsapp/src/channel.ts(333,21): error TS7031: Binding element 'cfg' implicitly has an 'any' type.
upstream/extensions/whatsapp/src/channel.ts(333,26): error TS7031: Binding element 'accountId' implicitly has an 'any' type.
upstream/extensions/whatsapp/src/channel.ts(333,37): error TS7031: Binding element 'runtime' implicitly has an 'any' type.
upstream/extensions/whatsapp/src/channel.ts(333,46): error TS7031: Binding element 'verbose' implicitly has an 'any' type.
upstream/extensions/whatsapp/src/channel.ts(344,26): error TS7031: Binding element 'cfg' implicitly has an 'any' type.
upstream/extensions/whatsapp/src/channel.ts(344,31): error TS7031: Binding element 'accountId' implicitly has an 'any' type.
upstream/extensions/whatsapp/src/channel.ts(344,42): error TS7031: Binding element 'deps' implicitly has an 'any' type.
upstream/extensions/whatsapp/src/channel.ts(363,27): error TS7031: Binding element 'cfg' implicitly has an 'any' type.
upstream/extensions/whatsapp/src/channel.ts(363,32): error TS7031: Binding element 'opts' implicitly has an 'any' type.
upstream/extensions/whatsapp/src/channel.ts(378,35): error TS7031: Binding element 'account' implicitly has an 'any' type.
upstream/extensions/whatsapp/src/channel.ts(378,44): error TS7031: Binding element 'snapshot' implicitly has an 'any' type.
upstream/extensions/whatsapp/src/channel.ts(407,36): error TS7031: Binding element 'account' implicitly has an 'any' type.
upstream/extensions/whatsapp/src/channel.ts(407,45): error TS7031: Binding element 'runtime' implicitly has an 'any' type.
upstream/extensions/whatsapp/src/channel.ts(427,29): error TS7031: Binding element 'configured' implicitly has an 'any' type.
upstream/extensions/whatsapp/src/channel.ts(428,19): error TS7031: Binding element 'account' implicitly has an 'any' type.
upstream/extensions/whatsapp/src/channel.ts(428,28): error TS7031: Binding element 'runtime' implicitly has an 'any' type.
upstream/extensions/whatsapp/src/channel.ts(428,37): error TS7031: Binding element 'includeChannelPrefix' implicitly has an 'any' type.
upstream/extensions/whatsapp/src/channel.ts(437,26): error TS7006: Parameter 'ctx' implicitly has an 'any' type.
upstream/extensions/whatsapp/src/channel.ts(450,24): error TS7006: Parameter 'next' implicitly has an 'any' type.
upstream/extensions/whatsapp/src/channel.ts(455,32): error TS7031: Binding element 'accountId' implicitly has an 'any' type.
upstream/extensions/whatsapp/src/channel.ts(455,43): error TS7031: Binding element 'force' implicitly has an 'any' type.
upstream/extensions/whatsapp/src/channel.ts(455,50): error TS7031: Binding element 'timeoutMs' implicitly has an 'any' type.
upstream/extensions/whatsapp/src/channel.ts(455,61): error TS7031: Binding element 'verbose' implicitly has an 'any' type.
upstream/extensions/whatsapp/src/channel.ts(462,31): error TS7031: Binding element 'accountId' implicitly has an 'any' type.
upstream/extensions/whatsapp/src/channel.ts(462,42): error TS7031: Binding element 'timeoutMs' implicitly has an 'any' type.
upstream/extensions/whatsapp/src/channel.ts(464,29): error TS7031: Binding element 'account' implicitly has an 'any' type.
upstream/extensions/whatsapp/src/channel.ts(464,38): error TS7031: Binding element 'runtime' implicitly has an 'any' type.
upstream/extensions/whatsapp/src/runtime.ts(1,36): error TS2307: Cannot find module 'openclaw/plugin-sdk/whatsapp' or its corresponding type declarations.
upstream/src/plugin-sdk/subpaths.test.ts(1,28): error TS2307: Cannot find module 'openclaw/plugin-sdk/compat' or its corresponding type declarations.
upstream/src/plugin-sdk/subpaths.test.ts(2,29): error TS2307: Cannot find module 'openclaw/plugin-sdk/discord' or its corresponding type declarations.
upstream/src/plugin-sdk/subpaths.test.ts(3,30): error TS2307: Cannot find module 'openclaw/plugin-sdk/imessage' or its corresponding type declarations.
upstream/src/plugin-sdk/subpaths.test.ts(4,26): error TS2307: Cannot find module 'openclaw/plugin-sdk/line' or its corresponding type declarations.
upstream/src/plugin-sdk/subpaths.test.ts(5,29): error TS2307: Cannot find module 'openclaw/plugin-sdk/msteams' or its corresponding type declarations.
upstream/src/plugin-sdk/subpaths.test.ts(6,28): error TS2307: Cannot find module 'openclaw/plugin-sdk/signal' or its corresponding type declarations.
upstream/src/plugin-sdk/subpaths.test.ts(7,27): error TS2307: Cannot find module 'openclaw/plugin-sdk/slack' or its corresponding type declarations.
upstream/src/plugin-sdk/subpaths.test.ts(8,30): error TS2307: Cannot find module 'openclaw/plugin-sdk/telegram' or its corresponding type declarations.
upstream/src/plugin-sdk/subpaths.test.ts(9,30): error TS2307: Cannot find module 'openclaw/plugin-sdk/whatsapp' or its corresponding type declarations.
upstream/src/plugin-sdk/subpaths.test.ts(13,36): error TS2307: Cannot find module 'openclaw/plugin-sdk/acpx' or its corresponding type declarations.
upstream/src/plugin-sdk/subpaths.test.ts(14,43): error TS2307: Cannot find module 'openclaw/plugin-sdk/bluebubbles' or its corresponding type declarations.
upstream/src/plugin-sdk/subpaths.test.ts(15,45): error TS2307: Cannot find module 'openclaw/plugin-sdk/copilot-proxy' or its corresponding type declarations.
upstream/src/plugin-sdk/subpaths.test.ts(16,43): error TS2307: Cannot find module 'openclaw/plugin-sdk/device-pair' or its corresponding type declarations.
upstream/src/plugin-sdk/subpaths.test.ts(17,48): error TS2307: Cannot find module 'openclaw/plugin-sdk/diagnostics-otel' or its corresponding type declarations.
upstream/src/plugin-sdk/subpaths.test.ts(18,37): error TS2307: Cannot find module 'openclaw/plugin-sdk/diffs' or its corresponding type declarations.
upstream/src/plugin-sdk/subpaths.test.ts(19,38): error TS2307: Cannot find module 'openclaw/plugin-sdk/feishu' or its corresponding type declarations.
upstream/src/plugin-sdk/subpaths.test.ts(22,24): error TS2307: Cannot find module 'openclaw/plugin-sdk/google-gemini-cli-auth' or its corresponding type declarations.
upstream/src/plugin-sdk/subpaths.test.ts(24,42): error TS2307: Cannot find module 'openclaw/plugin-sdk/googlechat' or its corresponding type declarations.
upstream/src/plugin-sdk/subpaths.test.ts(25,35): error TS2307: Cannot find module 'openclaw/plugin-sdk/irc' or its corresponding type declarations.
upstream/src/plugin-sdk/subpaths.test.ts(26,40): error TS2307: Cannot find module 'openclaw/plugin-sdk/llm-task' or its corresponding type declarations.
upstream/src/plugin-sdk/subpaths.test.ts(27,39): error TS2307: Cannot find module 'openclaw/plugin-sdk/lobster' or its corresponding type declarations.
upstream/src/plugin-sdk/subpaths.test.ts(28,38): error TS2307: Cannot find module 'openclaw/plugin-sdk/matrix' or its corresponding type declarations.
upstream/src/plugin-sdk/subpaths.test.ts(29,42): error TS2307: Cannot find module 'openclaw/plugin-sdk/mattermost' or its corresponding type declarations.
upstream/src/plugin-sdk/subpaths.test.ts(30,43): error TS2307: Cannot find module 'openclaw/plugin-sdk/memory-core' or its corresponding type declarations.
upstream/src/plugin-sdk/subpaths.test.ts(31,46): error TS2307: Cannot find module 'openclaw/plugin-sdk/memory-lancedb' or its corresponding type declarations.
upstream/src/plugin-sdk/subpaths.test.ts(34,24): error TS2307: Cannot find module 'openclaw/plugin-sdk/minimax-portal-auth' or its corresponding type declarations.
upstream/src/plugin-sdk/subpaths.test.ts(36,46): error TS2307: Cannot find module 'openclaw/plugin-sdk/nextcloud-talk' or its corresponding type declarations.
upstream/src/plugin-sdk/subpaths.test.ts(37,37): error TS2307: Cannot find module 'openclaw/plugin-sdk/nostr' or its corresponding type declarations.
upstream/src/plugin-sdk/subpaths.test.ts(38,42): error TS2307: Cannot find module 'openclaw/plugin-sdk/open-prose' or its corresponding type declarations.
upstream/src/plugin-sdk/subpaths.test.ts(39,45): error TS2307: Cannot find module 'openclaw/plugin-sdk/phone-control' or its corresponding type declarations.
upstream/src/plugin-sdk/subpaths.test.ts(40,48): error TS2307: Cannot find module 'openclaw/plugin-sdk/qwen-portal-auth' or its corresponding type declarations.
upstream/src/plugin-sdk/subpaths.test.ts(41,45): error TS2307: Cannot find module 'openclaw/plugin-sdk/synology-chat' or its corresponding type declarations.
upstream/src/plugin-sdk/subpaths.test.ts(42,42): error TS2307: Cannot find module 'openclaw/plugin-sdk/talk-voice' or its corresponding type declarations.
upstream/src/plugin-sdk/subpaths.test.ts(43,42): error TS2307: Cannot find module 'openclaw/plugin-sdk/test-utils' or its corresponding type declarations.
upstream/src/plugin-sdk/subpaths.test.ts(44,48): error TS2307: Cannot find module 'openclaw/plugin-sdk/thread-ownership' or its corresponding type declarations.
upstream/src/plugin-sdk/subpaths.test.ts(45,36): error TS2307: Cannot find module 'openclaw/plugin-sdk/tlon' or its corresponding type declarations.
upstream/src/plugin-sdk/subpaths.test.ts(46,38): error TS2307: Cannot find module 'openclaw/plugin-sdk/twitch' or its corresponding type declarations.
upstream/src/plugin-sdk/subpaths.test.ts(47,42): error TS2307: Cannot find module 'openclaw/plugin-sdk/voice-call' or its corresponding type declarations.
upstream/src/plugin-sdk/subpaths.test.ts(48,36): error TS2307: Cannot find module 'openclaw/plugin-sdk/zalo' or its corresponding type declarations.
upstream/src/plugin-sdk/subpaths.test.ts(49,40): error TS2307: Cannot find module 'openclaw/plugin-sdk/zalouser' or its corresponding type declarations.
upstream/ui/src/ui/device-identity.ts(1,53): error TS2307: Cannot find module '@noble/ed25519' or its corresponding type declarations.
